87.77.90.224 - - [12/Nov/2022:16:02:57 +0000] "GET /favicon.ico HTTP/1.1" 404 951 "http://breakoutroom.pythonanywhere.com/allocate/" "Mozilla/5.0 (Macintosh; Intel Mac OS X 10.15; rv:106.0) Gecko/20100101 Firefox/106.0" "87.77.90.224" response-time=0.041
87.77.90.224 - - [12/Nov/2022:16:03:24 +0000] "GET /allocate/21over10 HTTP/1.1" 200 2082 "http://breakoutroom.pythonanywhere.com/allocate/" "Mozilla/5.0 (Macintosh; Intel Mac OS X 10.15; rv:106.0) Gecko/20100101 Firefox/106.0" "87.77.90.224" response-time=0.254
87.77.90.224 - - [12/Nov/2022:16:03:59 +0000] "GET /allocate/parse/357 HTTP/1.1" 200 2045 "http://breakoutroom.pythonanywhere.com/allocate/21over10" "Mozilla/5.0 (Macintosh; Intel Mac OS X 10.15; rv:106.0) Gecko/20100101 Firefox/106.0" "87.77.90.224" response-time=0.067
87.77.90.224 - - [12/Nov/2022:16:04:15 +0000] "GET /allocate/21over21 HTTP/1.1" 200 1388 "http://breakoutroom.pythonanywhere.com/allocate/parse/357" "Mozilla/5.0 (Macintosh; Intel Mac OS X 10.15; rv:106.0) Gecko/20100101 Firefox/106.0" "87.77.90.224" response-time=0.075
87.77.90.224 - - [12/Nov/2022:16:04:23 +0000] "GET /allocate/ HTTP/1.1" 200 2495 "http://breakoutroom.pythonanywhere.com/allocate/21over21" "Mozilla/5.0 (Macintosh; Intel Mac OS X 10.15; rv:106.0) Gecko/20100101 Firefox/106.0" "87.77.90.224" response-time=0.002
87.77.90.224 - - [12/Nov/2022:16:04:29 +0000] "GET /allocate/21over11 HTTP/1.1" 200 1390 "http://breakoutroom.pythonanywhere.com/allocate/" "Mozilla/5.0 (Macintosh; Intel Mac OS X 10.15; rv:106.0) Gecko/20100101 Firefox/106.0" "87.77.90.224" response-time=0.069
87.77.90.224 - - [12/Nov/2022:16:04:35 +0000] "GET /allocate/21over10 HTTP/1.1" 200 2082 "http://breakoutroom.pythonanywhere.com/allocate/21over11" "Mozilla/5.0 (Macintosh; Intel Mac OS X 10.15; rv:106.0) Gecko/20100101 Firefox/106.0" "87.77.90.224" response-time=0.074
87.77.90.224 - - [12/Nov/2022:16:04:42 +0000] "GET /allocate/21over11 HTTP/1.1" 200 1390 "http://breakoutroom.pythonanywhere.com/allocate/21over10" "Mozilla/5.0 (Macintosh; Intel Mac OS X 10.15; rv:106.0) Gecko/20100101 Firefox/106.0" "87.77.90.224" response-time=0.077
87.77.90.224 - - [12/Nov/2022:16:04:47 +0000] "GET /allocate/21over10 HTTP/1.1" 200 2082 "http://breakoutroom.pythonanywhere.com/allocate/21over11" "Mozilla/5.0 (Macintosh; Intel Mac OS X 10.15; rv:106.0) Gecko/20100101 Firefox/106.0" "87.77.90.224" response-time=0.094
87.77.90.224 - - [12/Nov/2022:16:05:15 +0000] "GET /allocate/21over10 HTTP/1.1" 200 2082 "-" "Mozilla/5.0 (Macintosh; Intel Mac OS X 10.15; rv:106.0) Gecko/20100101 Firefox/106.0" "87.77.90.224" response-time=0.085
87.77.90.224 - - [12/Nov/2022:16:05:22 +0000] "GET /allocate/21over10 HTTP/1.1" 200 2082 "-" "Mozilla/5.0 (Macintosh; Intel Mac OS X 10.15; rv:106.0) Gecko/20100101 Firefox/106.0" "87.77.90.224" response-time=0.078
87.77.90.224 - - [12/Nov/2022:16:14:12 +0000] "GET /allocate/21over10 HTTP/1.1" 200 2082 "-" "Mozilla/5.0 (Macintosh; Intel Mac OS X 10.15; rv:106.0) Gecko/20100101 Firefox/106.0" "87.77.90.224" response-time=0.109
87.77.90.224 - - [12/Nov/2022:16:14:34 +0000] "GET /allocate/28over10 HTTP/1.1" 200 1390 "http://breakoutroom.pythonanywhere.com/allocate/21over10" "Mozilla/5.0 (Macintosh; Intel Mac OS X 10.15; rv:106.0) Gecko/20100101 Firefox/106.0" "87.77.90.224" response-time=0.092
87.77.90.224 - - [12/Nov/2022:16:14:42 +0000] "GET /allocate/28over4 HTTP/1.1" 200 2449 "http://breakoutroom.pythonanywhere.com/allocate/28over10" "Mozilla/5.0 (Macintosh; Intel Mac OS X 10.15; rv:106.0) Gecko/20100101 Firefox/106.0" "87.77.90.224" response-time=0.094
40.77.167.96 - - [12/Nov/2022:18:16:36 +0000] "GET /robots.txt HTTP/1.1" 404 951 "-" "Mozilla/5.0 AppleWebKit/537.36 (KHTML, like Gecko; compatible; bingbot/2.0; +http://www.bing.com/bingbot.htm) Chrome/103.0.5060.134 Safari/537.36" "40.77.167.96" response-time=0.097
185.191.171.43 - - [12/Nov/2022:19:31:26 +0000] "GET /robots.txt HTTP/1.1" 404 950 "-" "Mozilla/5.0 (compatible; SemrushBot/7~bl; +http://www.semrush.com/bot.html)" "185.191.171.43" response-time=0.036
185.191.171.33 - - [12/Nov/2022:19:31:26 +0000] "GET /allocate HTTP/1.1" 301 0 "-" "Mozilla/5.0 (compatible; SemrushBot/7~bl; +http://www.semrush.com/bot.html)" "185.191.171.33" response-time=0.002
185.191.171.21 - - [12/Nov/2022:19:31:28 +0000] "GET /allocate/ HTTP/1.1" 200 2495 "-" "Mozilla/5.0 (compatible; SemrushBot/7~bl; +http://www.semrush.com/bot.html)" "185.191.171.21" response-time=0.014
40.77.167.103 - - [12/Nov/2022:23:45:09 +0000] "GET /robots.txt HTTP/1.1" 404 950 "-" "Mozilla/5.0 (compatible; bingbot/2.0; +http://www.bing.com/bingbot.htm)" "40.77.167.103" response-time=0.015
40.77.167.73 - - [12/Nov/2022:23:45:17 +0000] "GET / HTTP/1.1" 302 0 "-" "Mozilla/5.0 (compatible; bingbot/2.0; +http://www.bing.com/bingbot.htm)" "40.77.167.73" response-time=0.004
162.55.81.190 - - [13/Nov/2022:03:01:47 +0000] "GET / HTTP/1.1" 302 0 "-" "Mozilla/5.0 (Macintosh; Intel Mac OS X 10_15_7) AppleWebKit/605.1.15 (KHTML, like Gecko) Version/14.0.1 Safari/605.1.15" "162.55.81.190" response-time=0.003
162.55.81.190 - - [13/Nov/2022:03:01:48 +0000] "GET /allocate/ HTTP/1.1" 200 5822 "-" "Mozilla/5.0 (Macintosh; Intel Mac OS X 10_15_7) AppleWebKit/605.1.15 (KHTML, like Gecko) Version/14.0.1 Safari/605.1.15" "162.55.81.190" response-time=0.393
162.55.81.190 - - [13/Nov/2022:03:01:49 +0000] "GET /allocate/9over3 HTTP/1.1" 200 6884 "-" "Mozilla/5.0 (X11; Ubuntu; Linux x86_64; rv:77.0) Gecko/20100101 Firefox/77.0" "162.55.81.190" response-time=0.132
162.55.81.190 - - [13/Nov/2022:03:01:49 +0000] "GET /allocate/download/489 HTTP/1.1" 200 185 "-" "Mozilla/5.0 (Macintosh; Intel Mac OS X 10_14_6) AppleWebKit/537.36 (KHTML, like Gecko) Chrome/87.0.4280.88 Safari/537.36" "162.55.81.190" response-time=0.014
162.55.81.190 - - [13/Nov/2022:03:01:49 +0000] "GET /allocate/parse/148 HTTP/1.1" 200 6302 "-" "Mozilla/5.0 (Windows NT 10.0; Win64; x64) AppleWebKit/537.36 (KHTML, like Gecko) Chrome/86.0.4240.193 Safari/537.36" "162.55.81.190" response-time=0.041
162.55.81.190 - - [13/Nov/2022:03:01:49 +0000] "GET /allocate/. HTTP/1.1" 404 3662 "-" "Mozilla/5.0 (Windows NT 10.0; Win64; x64) AppleWebKit/537.36 (KHTML, like Gecko) Chrome/86.0.4240.193 Safari/537.36" "162.55.81.190" response-time=0.054
162.55.81.190 - - [13/Nov/2022:03:01:49 +0000] "GET /allocate/parse/489 HTTP/1.1" 200 6280 "-" "Mozilla/5.0 (Windows NT 10.0; Win64; x64) AppleWebKit/537.36 (KHTML, like Gecko) Chrome/87.0.4280.66 Safari/537.36" "162.55.81.190" response-time=0.021
162.55.81.190 - - [13/Nov/2022:03:01:50 +0000] "GET /allocate/download/148 HTTP/1.1" 200 201 "-" "Mozilla/5.0 (Windows NT 10.0; Win64; x64) AppleWebKit/537.36 (KHTML, like Gecko) Chrome/87.0.4280.88 Safari/537.36 Edg/87.0.664.57" "162.55.81.190" response-time=0.013
89.245.157.178 - - [13/Nov/2022:09:22:08 +0000] "GET /allocate/21over10 HTTP/1.1" 200 2082 "-" "Mozilla/5.0 (Macintosh; Intel Mac OS X 10.15; rv:106.0) Gecko/20100101 Firefox/106.0" "89.245.157.178" response-time=0.283
89.245.157.178 - - [13/Nov/2022:09:22:09 +0000] "GET /favicon.ico HTTP/1.1" 404 951 "http://breakoutroom.pythonanywhere.com/allocate/21over10" "Mozilla/5.0 (Macintosh; Intel Mac OS X 10.15; rv:106.0) Gecko/20100101 Firefox/106.0" "89.245.157.178" response-time=0.066
89.245.157.178 - - [13/Nov/2022:09:22:17 +0000] "GET /allocate/ HTTP/1.1" 200 2495 "-" "Mozilla/5.0 (Macintosh; Intel Mac OS X 10.15; rv:106.0) Gecko/20100101 Firefox/106.0" "89.245.157.178" response-time=0.004
34.86.177.154 - - [13/Nov/2022:09:22:49 +0000] "GET /robots.txt HTTP/1.1" 404 950 "-" "bitlybot/3.0 (+http://bit.ly/)" "34.86.177.154" response-time=0.015
34.86.177.154 - - [13/Nov/2022:09:22:49 +0000] "GET /allocate/ HTTP/1.1" 200 2495 "-" "bitlybot/3.0 (+http://bit.ly/)" "34.86.177.154" response-time=0.004
34.86.177.154 - - [13/Nov/2022:09:22:49 +0000] "HEAD /allocate/ HTTP/1.1" 200 0 "-" "Go-http-client/1.1" "34.86.177.154" response-time=0.003
34.86.177.154 - - [13/Nov/2022:09:22:50 +0000] "GET /allocate/ HTTP/1.1" 200 2495 "-" "bitlybot/3.0 (+http://bit.ly/)" "34.86.177.154" response-time=0.002
34.86.177.154 - - [13/Nov/2022:09:22:50 +0000] "HEAD /allocate/ HTTP/1.1" 200 0 "-" "Go-http-client/1.1" "34.86.177.154" response-time=0.002
89.245.157.178 - - [13/Nov/2022:09:22:53 +0000] "GET /allocate/ HTTP/1.1" 200 2495 "-" "Mozilla/5.0 (Macintosh; Intel Mac OS X 10.15; rv:106.0) Gecko/20100101 Firefox/106.0" "89.245.157.178" response-time=0.003
89.245.157.178 - - [13/Nov/2022:09:22:53 +0000] "GET /favicon.ico HTTP/1.1" 404 951 "http://breakoutroom.pythonanywhere.com/allocate/" "Mozilla/5.0 (Macintosh; Intel Mac OS X 10.15; rv:106.0) Gecko/20100101 Firefox/106.0" "89.245.157.178" response-time=0.019
38.108.182.5 - - [13/Nov/2022:09:22:58 +0000] "GET /allocate/ HTTP/1.1" 200 2495 "-" "Mozilla/5.0 (Windows NT 10.0; WOW64) AppleWebKit/537.36 (KHTML, like Gecko) Chrome/102.0.5005.63 Safari/537.36" "38.108.182.5" response-time=0.002
89.245.157.178 - - [13/Nov/2022:09:23:04 +0000] "GET /allocate/ HTTP/1.1" 200 2495 "-" "Mozilla/5.0 (Macintosh; Intel Mac OS X 10.15; rv:106.0) Gecko/20100101 Firefox/106.0" "89.245.157.178" response-time=0.002
89.245.157.178 - - [13/Nov/2022:09:24:07 +0000] "GET /allocate/ HTTP/1.1" 200 2495 "-" "Mozilla/5.0 (Macintosh; Intel Mac OS X 10.15; rv:106.0) Gecko/20100101 Firefox/106.0" "89.245.157.178" response-time=0.004
89.245.157.178 - - [13/Nov/2022:09:24:07 +0000] "GET /favicon.ico HTTP/1.1" 404 951 "http://breakoutroom.pythonanywhere.com/allocate/" "Mozilla/5.0 (Macintosh; Intel Mac OS X 10.15; rv:106.0) Gecko/20100101 Firefox/106.0" "89.245.157.178" response-time=0.014
89.245.157.178 - - [13/Nov/2022:09:24:21 +0000] "GET /allocate/ HTTP/1.1" 200 2495 "-" "Mozilla/5.0 (Macintosh; Intel Mac OS X 10.15; rv:106.0) Gecko/20100101 Firefox/106.0" "89.245.157.178" response-time=0.003
89.245.157.178 - - [13/Nov/2022:09:26:40 +0000] "GET /allocate/ HTTP/1.1" 200 2495 "-" "Mozilla/5.0 (Macintosh; Intel Mac OS X 10.15; rv:106.0) Gecko/20100101 Firefox/106.0" "89.245.157.178" response-time=0.005
89.245.157.178 - - [13/Nov/2022:10:55:20 +0000] "GET /allocate/24over6 HTTP/1.1" 200 2735 "http://breakoutroom.pythonanywhere.com/allocate/" "Mozilla/5.0 (Macintosh; Intel Mac OS X 10.15; rv:106.0) Gecko/20100101 Firefox/106.0" "89.245.157.178" response-time=0.215
89.245.157.178 - - [13/Nov/2022:10:55:20 +0000] "GET /favicon.ico HTTP/1.1" 499 0 "http://breakoutroom.pythonanywhere.com/allocate/24over6" "Mozilla/5.0 (Macintosh; Intel Mac OS X 10.15; rv:106.0) Gecko/20100101 Firefox/106.0" "89.245.157.178" response-time=0.004
110.44.125.15 - - [13/Nov/2022:13:19:00 +0000] "GET / HTTP/1.1" 302 0 "-" "Mozilla/5.0 (X11; Ubuntu; Linux i686 on x86_64) AppleWebKit/537.36 (KHTML, like Gecko) Chrome/53.0.2820.59 Safari/537.36" "110.44.125.15" response-time=0.005
110.44.125.15 - - [13/Nov/2022:13:19:00 +0000] "GET /allocate/ HTTP/1.1" 200 2495 "http://breakoutroom.pythonanywhere.com" "Mozilla/5.0 (X11; Ubuntu; Linux i686 on x86_64) AppleWebKit/537.36 (KHTML, like Gecko) Chrome/53.0.2820.59 Safari/537.36" "110.44.125.15" response-time=0.011
40.77.167.73 - - [13/Nov/2022:14:46:52 +0000] "GET / HTTP/1.1" 302 0 "-" "Mozilla/5.0 (compatible; bingbot/2.0; +http://www.bing.com/bingbot.htm)" "40.77.167.73" response-time=0.003
89.245.157.178 - - [13/Nov/2022:16:02:37 +0000] "GET /allocate/ HTTP/1.1" 200 2495 "-" "Mozilla/5.0 (Macintosh; Intel Mac OS X 10.15; rv:106.0) Gecko/20100101 Firefox/106.0" "89.245.157.178" response-time=0.017
89.245.157.178 - - [13/Nov/2022:16:02:44 +0000] "GET /allocate/21over7 HTTP/1.1" 200 2083 "http://breakoutroom.pythonanywhere.com/allocate/" "Mozilla/5.0 (Macintosh; Intel Mac OS X 10.15; rv:106.0) Gecko/20100101 Firefox/106.0" "89.245.157.178" response-time=0.282
89.245.157.178 - - [13/Nov/2022:16:59:15 +0000] "GET /allocate/18over3 HTTP/1.1" 200 2198 "http://breakoutroom.pythonanywhere.com/allocate/21over7" "Mozilla/5.0 (Macintosh; Intel Mac OS X 10.15; rv:106.0) Gecko/20100101 Firefox/106.0" "89.245.157.178" response-time=0.129
40.77.167.73 - - [14/Nov/2022:00:11:12 +0000] "GET / HTTP/1.1" 302 0 "-" "Mozilla/5.0 AppleWebKit/537.36 (KHTML, like Gecko; compatible; bingbot/2.0; +http://www.bing.com/bingbot.htm) Chrome/103.0.5060.134 Safari/537.36" "40.77.167.73" response-time=7.437
157.90.209.83 - - [14/Nov/2022:01:03:54 +0000] "GET /robots.txt HTTP/1.1" 404 950 "-" "Mozilla/5.0 (compatible; BLEXBot/1.0; +http://webmeup-crawler.com/)" "157.90.209.83" response-time=0.060
157.90.209.83 - - [14/Nov/2022:01:03:56 +0000] "GET /sitemap HTTP/1.1" 404 950 "-" "Mozilla/5.0 (compatible; BLEXBot/1.0; +http://webmeup-crawler.com/)" "157.90.209.83" response-time=0.005
157.90.209.83 - - [14/Nov/2022:01:03:58 +0000] "GET /sitemap.txt HTTP/1.1" 404 953 "-" "Mozilla/5.0 (compatible; BLEXBot/1.0; +http://webmeup-crawler.com/)" "157.90.209.83" response-time=0.007
141.95.85.79 - - [14/Nov/2022:12:37:35 +0000] "GET / HTTP/1.1" 302 0 "-" "Mozilla/5.0 (Windows NT 10.0; Win64; x64) AppleWebKit/537.36 (KHTML, like Gecko) Chrome/103.0.5060.53 Safari/537.36 Edg/103.0.1264.37" "141.95.85.79" response-time=0.059
141.95.85.79 - - [14/Nov/2022:12:37:35 +0000] "GET /allocate/ HTTP/1.1" 200 2495 "-" "Mozilla/5.0 (Windows NT 10.0; Win64; x64) AppleWebKit/537.36 (KHTML, like Gecko) Chrome/103.0.5060.53 Safari/537.36 Edg/103.0.1264.37" "141.95.85.79" response-time=0.226
40.77.167.73 - - [14/Nov/2022:15:18:12 +0000] "GET / HTTP/1.1" 302 0 "-" "Mozilla/5.0 (compatible; bingbot/2.0; +http://www.bing.com/bingbot.htm)" "40.77.167.73" response-time=0.074
40.77.167.96 - - [14/Nov/2022:19:15:52 +0000] "GET /robots.txt HTTP/1.1" 404 951 "-" "Mozilla/5.0 AppleWebKit/537.36 (KHTML, like Gecko; compatible; bingbot/2.0; +http://www.bing.com/bingbot.htm) Chrome/103.0.5060.134 Safari/537.36" "40.77.167.96" response-time=0.203
141.95.85.79 - - [14/Nov/2022:23:45:17 +0000] "GET / HTTP/1.1" 302 0 "-" "Mozilla/5.0 (Windows NT 10.0; Win64; x64) AppleWebKit/537.36 (KHTML, like Gecko) Chrome/103.0.5060.53 Safari/537.36 Edg/103.0.1264.37" "141.95.85.79" response-time=0.031
141.95.85.79 - - [14/Nov/2022:23:45:17 +0000] "GET /allocate/ HTTP/1.1" 200 2495 "-" "Mozilla/5.0 (Windows NT 10.0; Win64; x64) AppleWebKit/537.36 (KHTML, like Gecko) Chrome/103.0.5060.53 Safari/537.36 Edg/103.0.1264.37" "141.95.85.79" response-time=0.037
40.77.167.103 - - [15/Nov/2022:00:42:14 +0000] "GET /robots.txt HTTP/1.1" 404 950 "-" "Mozilla/5.0 (compatible; bingbot/2.0; +http://www.bing.com/bingbot.htm)" "40.77.167.103" response-time=0.046
40.77.167.73 - - [15/Nov/2022:00:42:20 +0000] "GET / HTTP/1.1" 302 0 "-" "Mozilla/5.0 AppleWebKit/537.36 (KHTML, like Gecko; compatible; bingbot/2.0; +http://www.bing.com/bingbot.htm) Chrome/103.0.5060.134 Safari/537.36" "40.77.167.73" response-time=0.001
40.77.167.73 - - [15/Nov/2022:12:14:05 +0000] "GET / HTTP/1.1" 302 0 "-" "Mozilla/5.0 AppleWebKit/537.36 (KHTML, like Gecko; compatible; bingbot/2.0; +http://www.bing.com/bingbot.htm) Chrome/103.0.5060.134 Safari/537.36" "40.77.167.73" response-time=0.209
213.86.169.34 - - [15/Nov/2022:16:02:02 +0000] "GET /favicon.ico HTTP/1.1" 404 2202 "-" "Mindjet MindManager" "213.86.169.34" response-time=7.754
40.77.167.73 - - [16/Nov/2022:01:11:22 +0000] "GET / HTTP/1.1" 302 0 "-" "Mozilla/5.0 AppleWebKit/537.36 (KHTML, like Gecko; compatible; bingbot/2.0; +http://www.bing.com/bingbot.htm) Chrome/103.0.5060.134 Safari/537.36" "40.77.167.73" response-time=0.176
157.55.39.84 - - [16/Nov/2022:05:06:36 +0000] "GET / HTTP/1.1" 302 0 "-" "Mozilla/5.0 AppleWebKit/537.36 (KHTML, like Gecko; compatible; bingbot/2.0; +http://www.bing.com/bingbot.htm) Chrome/103.0.5060.134 Safari/537.36" "157.55.39.84" response-time=0.041
66.249.66.95 - - [16/Nov/2022:07:57:20 +0000] "GET /robots.txt HTTP/1.1" 404 950 "-" "Mozilla/5.0 (compatible; Googlebot/2.1; +http://www.google.com/bot.html)" "66.249.66.95" response-time=0.134
40.77.167.73 - - [16/Nov/2022:12:49:40 +0000] "GET / HTTP/1.1" 302 0 "-" "Mozilla/5.0 (compatible; bingbot/2.0; +http://www.bing.com/bingbot.htm)" "40.77.167.73" response-time=0.045
137.112.41.126 - - [16/Nov/2022:18:33:59 +0000] "GET /allocate/ HTTP/1.1" 200 2495 "-" "Mozilla/5.0 (Windows NT 10.0; Win64; x64) AppleWebKit/537.36 (KHTML, like Gecko) Chrome/107.0.0.0 Safari/537.36" "137.112.41.126" response-time=4.830
137.112.41.126 - - [16/Nov/2022:18:33:59 +0000] "GET /favicon.ico HTTP/1.1" 404 951 "http://breakoutroom.pythonanywhere.com/allocate/" "Mozilla/5.0 (Windows NT 10.0; Win64; x64) AppleWebKit/537.36 (KHTML, like Gecko) Chrome/107.0.0.0 Safari/537.36" "137.112.41.126" response-time=0.026
137.112.41.126 - - [16/Nov/2022:18:34:03 +0000] "GET /allocate/28over10 HTTP/1.1" 200 1390 "http://breakoutroom.pythonanywhere.com/allocate/" "Mozilla/5.0 (Windows NT 10.0; Win64; x64) AppleWebKit/537.36 (KHTML, like Gecko) Chrome/107.0.0.0 Safari/537.36" "137.112.41.126" response-time=0.124
137.112.41.126 - - [16/Nov/2022:18:34:17 +0000] "GET /allocate/28over9 HTTP/1.1" 200 2153 "http://breakoutroom.pythonanywhere.com/allocate/28over10" "Mozilla/5.0 (Windows NT 10.0; Win64; x64) AppleWebKit/537.36 (KHTML, like Gecko) Chrome/107.0.0.0 Safari/537.36" "137.112.41.126" response-time=0.084
137.112.41.126 - - [16/Nov/2022:18:35:38 +0000] "GET /allocate/20over6 HTTP/1.1" 200 1389 "http://breakoutroom.pythonanywhere.com/allocate/28over9" "Mozilla/5.0 (Windows NT 10.0; Win64; x64) AppleWebKit/537.36 (KHTML, like Gecko) Chrome/107.0.0.0 Safari/537.36" "137.112.41.126" response-time=0.087
137.112.41.126 - - [16/Nov/2022:18:35:43 +0000] "GET /allocate/20over7 HTTP/1.1" 200 1389 "http://breakoutroom.pythonanywhere.com/allocate/20over6" "Mozilla/5.0 (Windows NT 10.0; Win64; x64) AppleWebKit/537.36 (KHTML, like Gecko) Chrome/107.0.0.0 Safari/537.36" "137.112.41.126" response-time=0.076
137.112.41.126 - - [16/Nov/2022:18:35:47 +0000] "GET /allocate/20over5 HTTP/1.1" 200 1899 "http://breakoutroom.pythonanywhere.com/allocate/20over7" "Mozilla/5.0 (Windows NT 10.0; Win64; x64) AppleWebKit/537.36 (KHTML, like Gecko) Chrome/107.0.0.0 Safari/537.36" "137.112.41.126" response-time=0.080
157.90.209.83 - - [16/Nov/2022:19:14:26 +0000] "GET /robots.txt HTTP/1.1" 404 950 "-" "Mozilla/5.0 (compatible; BLEXBot/1.0; +http://webmeup-crawler.com/)" "157.90.209.83" response-time=0.029
157.90.209.83 - - [16/Nov/2022:19:14:27 +0000] "GET /sitemap HTTP/1.1" 404 950 "-" "Mozilla/5.0 (compatible; BLEXBot/1.0; +http://webmeup-crawler.com/)" "157.90.209.83" response-time=0.005
157.90.209.83 - - [16/Nov/2022:19:14:29 +0000] "GET /sitemap.txt HTTP/1.1" 404 953 "-" "Mozilla/5.0 (compatible; BLEXBot/1.0; +http://webmeup-crawler.com/)" "157.90.209.83" response-time=0.009
40.77.167.96 - - [16/Nov/2022:19:46:25 +0000] "GET /robots.txt HTTP/1.1" 404 951 "-" "Mozilla/5.0 AppleWebKit/537.36 (KHTML, like Gecko; compatible; bingbot/2.0; +http://www.bing.com/bingbot.htm) Chrome/103.0.5060.134 Safari/537.36" "40.77.167.96" response-time=0.042
207.46.13.37 - - [16/Nov/2022:19:46:29 +0000] "GET / HTTP/1.1" 302 0 "-" "Mozilla/5.0 AppleWebKit/537.36 (KHTML, like Gecko; compatible; bingbot/2.0; +http://www.bing.com/bingbot.htm) Chrome/103.0.5060.134 Safari/537.36" "207.46.13.37" response-time=0.004
40.77.167.103 - - [17/Nov/2022:01:46:47 +0000] "GET /robots.txt HTTP/1.1" 404 950 "-" "Mozilla/5.0 AppleWebKit/537.36 (KHTML, like Gecko; compatible; bingbot/2.0; +http://www.bing.com/bingbot.htm) Chrome/103.0.5060.134 Safari/537.36" "40.77.167.103" response-time=0.035
40.77.167.73 - - [17/Nov/2022:01:47:51 +0000] "GET / HTTP/1.1" 302 0 "-" "Mozilla/5.0 AppleWebKit/537.36 (KHTML, like Gecko; compatible; bingbot/2.0; +http://www.bing.com/bingbot.htm) Chrome/103.0.5060.134 Safari/537.36" "40.77.167.73" response-time=0.002
66.249.70.127 - - [17/Nov/2022:04:30:35 +0000] "GET /robots.txt HTTP/1.1" 404 950 "-" "Mozilla/5.0 (compatible; Googlebot/2.1; +http://www.google.com/bot.html)" "66.249.70.127" response-time=0.023
66.249.70.127 - - [17/Nov/2022:04:30:37 +0000] "GET /allocate/ HTTP/1.1" 200 2495 "-" "Mozilla/5.0 (Linux; Android 6.0.1; Nexus 5X Build/MMB29P) AppleWebKit/537.36 (KHTML, like Gecko) Chrome/107.0.5304.110 Mobile Safari/537.36 (compatible; Googlebot/2.1; +http://www.google.com/bot.html)" "66.249.70.127" response-time=0.031
40.77.167.73 - - [17/Nov/2022:13:25:10 +0000] "GET / HTTP/1.1" 302 0 "-" "Mozilla/5.0 AppleWebKit/537.36 (KHTML, like Gecko; compatible; bingbot/2.0; +http://www.bing.com/bingbot.htm) Chrome/103.0.5060.134 Safari/537.36" "40.77.167.73" response-time=0.085
89.245.157.178 - - [17/Nov/2022:13:28:27 +0000] "GET /allocate/21over10 HTTP/1.1" 200 2082 "-" "Mozilla/5.0 (Windows NT 10.0; Win64; x64; rv:107.0) Gecko/20100101 Firefox/107.0" "89.245.157.178" response-time=0.379
89.245.157.178 - - [17/Nov/2022:13:28:36 +0000] "GET /favicon.ico HTTP/1.1" 404 951 "http://breakoutroom.pythonanywhere.com/allocate/21over10" "Mozilla/5.0 (Windows NT 10.0; Win64; x64; rv:107.0) Gecko/20100101 Firefox/107.0" "89.245.157.178" response-time=0.032
157.90.209.83 - - [17/Nov/2022:16:35:33 +0000] "GET /robots.txt HTTP/1.1" 404 950 "-" "Mozilla/5.0 (compatible; BLEXBot/1.0; +http://webmeup-crawler.com/)" "157.90.209.83" response-time=0.151
157.90.209.83 - - [17/Nov/2022:16:35:34 +0000] "GET /sitemap HTTP/1.1" 404 950 "-" "Mozilla/5.0 (compatible; BLEXBot/1.0; +http://webmeup-crawler.com/)" "157.90.209.83" response-time=0.019
157.90.209.83 - - [17/Nov/2022:16:35:36 +0000] "GET /sitemap.txt HTTP/1.1" 404 953 "-" "Mozilla/5.0 (compatible; BLEXBot/1.0; +http://webmeup-crawler.com/)" "157.90.209.83" response-time=0.011
194.93.0.40 - - [17/Nov/2022:19:28:24 +0000] "GET /robots.txt HTTP/1.1" 404 2199 "-" "Mozilla/4.0 (compatible; fluid/0.0; +http://www.leak.info/bot.html)" "194.93.0.40" response-time=0.044
40.77.167.73 - - [18/Nov/2022:01:09:31 +0000] "GET / HTTP/1.1" 302 0 "-" "Mozilla/5.0 AppleWebKit/537.36 (KHTML, like Gecko; compatible; bingbot/2.0; +http://www.bing.com/bingbot.htm) Chrome/103.0.5060.134 Safari/537.36" "40.77.167.73" response-time=4.584
82.38.60.111 - - [18/Nov/2022:07:44:31 +0000] "GET /favicon.ico HTTP/1.1" 404 2202 "-" "Mindjet MindManager" "82.38.60.111" response-time=0.136
141.255.167.186 - - [18/Nov/2022:08:33:40 +0000] "GET /.svn HTTP/1.1" 404 2181 "-" "Python-urllib/3.7" "141.255.167.186" response-time=0.019
157.90.209.83 - - [18/Nov/2022:10:19:57 +0000] "GET /robots.txt HTTP/1.1" 404 950 "-" "Mozilla/5.0 (compatible; BLEXBot/1.0; +http://webmeup-crawler.com/)" "157.90.209.83" response-time=0.029
157.90.209.83 - - [18/Nov/2022:10:19:59 +0000] "GET /sitemap HTTP/1.1" 404 950 "-" "Mozilla/5.0 (compatible; BLEXBot/1.0; +http://webmeup-crawler.com/)" "157.90.209.83" response-time=0.008
157.90.209.83 - - [18/Nov/2022:10:20:01 +0000] "GET /sitemap.txt HTTP/1.1" 404 953 "-" "Mozilla/5.0 (compatible; BLEXBot/1.0; +http://webmeup-crawler.com/)" "157.90.209.83" response-time=0.012
40.77.167.73 - - [18/Nov/2022:12:46:37 +0000] "GET / HTTP/1.1" 302 0 "-" "Mozilla/5.0 AppleWebKit/537.36 (KHTML, like Gecko; compatible; bingbot/2.0; +http://www.bing.com/bingbot.htm) Chrome/103.0.5060.134 Safari/537.36" "40.77.167.73" response-time=0.011
77.88.5.213 - - [18/Nov/2022:14:35:01 +0000] "GET /robots.txt HTTP/1.1" 404 2200 "-" "Mozilla/5.0 (compatible; YandexBot/3.0; +http://yandex.com/bots)" "77.88.5.213" response-time=0.053
93.158.161.67 - - [18/Nov/2022:14:35:02 +0000] "GET / HTTP/1.1" 302 0 "-" "Mozilla/5.0 (compatible; YandexBot/3.0; +http://yandex.com/bots)" "93.158.161.67" response-time=0.004
77.88.5.229 - - [18/Nov/2022:14:35:14 +0000] "GET /allocate/ HTTP/1.1" 200 2495 "-" "Mozilla/5.0 (compatible; YandexBot/3.0; +http://yandex.com/bots)" "77.88.5.229" response-time=0.186
82.38.60.111 - - [18/Nov/2022:16:58:07 +0000] "GET /allocate/ HTTP/1.1" 200 2495 "-" "Mozilla/5.0 (Windows NT 10.0; Win64; x64) AppleWebKit/537.36 (KHTML, like Gecko) Chrome/106.0.0.0 Safari/537.36" "82.38.60.111" response-time=0.042
82.38.60.111 - - [18/Nov/2022:16:58:07 +0000] "GET /favicon.ico HTTP/1.1" 404 951 "http://breakoutroom.pythonanywhere.com/allocate/" "Mozilla/5.0 (Windows NT 10.0; Win64; x64) AppleWebKit/537.36 (KHTML, like Gecko) Chrome/106.0.0.0 Safari/537.36" "82.38.60.111" response-time=0.048
82.38.60.111 - - [18/Nov/2022:16:58:22 +0000] "GET /favicon.ico HTTP/1.1" 404 2202 "-" "Mindjet MindManager" "82.38.60.111" response-time=0.011
40.77.167.73 - - [19/Nov/2022:01:42:40 +0000] "GET / HTTP/1.1" 302 0 "-" "Mozilla/5.0 AppleWebKit/537.36 (KHTML, like Gecko; compatible; bingbot/2.0; +http://www.bing.com/bingbot.htm) Chrome/103.0.5060.134 Safari/537.36" "40.77.167.73" response-time=0.042
40.77.167.96 - - [19/Nov/2022:05:38:44 +0000] "GET /robots.txt HTTP/1.1" 404 951 "-" "Mozilla/5.0 (compatible; bingbot/2.0; +http://www.bing.com/bingbot.htm)" "40.77.167.96" response-time=0.095
40.77.167.103 - - [19/Nov/2022:13:19:25 +0000] "GET /robots.txt HTTP/1.1" 404 950 "-" "Mozilla/5.0 AppleWebKit/537.36 (KHTML, like Gecko; compatible; bingbot/2.0; +http://www.bing.com/bingbot.htm) Chrome/103.0.5060.134 Safari/537.36" "40.77.167.103" response-time=0.114
40.77.167.73 - - [19/Nov/2022:13:19:37 +0000] "GET / HTTP/1.1" 302 0 "-" "Mozilla/5.0 (compatible; bingbot/2.0; +http://www.bing.com/bingbot.htm)" "40.77.167.73" response-time=0.008
40.77.167.73 - - [20/Nov/2022:02:15:27 +0000] "GET / HTTP/1.1" 302 0 "-" "Mozilla/5.0 AppleWebKit/537.36 (KHTML, like Gecko; compatible; bingbot/2.0; +http://www.bing.com/bingbot.htm) Chrome/103.0.5060.134 Safari/537.36" "40.77.167.73" response-time=4.787
82.27.131.97 - - [20/Nov/2022:09:22:02 +0000] "GET /allocate HTTP/1.1" 301 0 "-" "Mozilla/5.0 (Macintosh; Intel Mac OS X 10_15_7) AppleWebKit/537.36 (KHTML, like Gecko) Chrome/107.0.0.0 Safari/537.36" "82.27.131.97" response-time=0.096
82.27.131.97 - - [20/Nov/2022:09:22:02 +0000] "GET /allocate/ HTTP/1.1" 200 2495 "-" "Mozilla/5.0 (Macintosh; Intel Mac OS X 10_15_7) AppleWebKit/537.36 (KHTML, like Gecko) Chrome/107.0.0.0 Safari/537.36" "82.27.131.97" response-time=0.191
82.27.131.97 - - [20/Nov/2022:09:22:03 +0000] "GET /favicon.ico HTTP/1.1" 404 951 "http://breakoutroom.pythonanywhere.com/allocate/" "Mozilla/5.0 (Macintosh; Intel Mac OS X 10_15_7) AppleWebKit/537.36 (KHTML, like Gecko) Chrome/107.0.0.0 Safari/537.36" "82.27.131.97" response-time=0.072
40.77.167.73 - - [21/Nov/2022:06:53:33 +0000] "GET / HTTP/1.1" 302 0 "-" "Mozilla/5.0 AppleWebKit/537.36 (KHTML, like Gecko; compatible; bingbot/2.0; +http://www.bing.com/bingbot.htm) Chrome/103.0.5060.134 Safari/537.36" "40.77.167.73" response-time=0.089
213.86.169.34 - - [21/Nov/2022:11:46:30 +0000] "GET /favicon.ico HTTP/1.1" 404 2202 "-" "Mindjet MindManager" "213.86.169.34" response-time=0.525
213.86.169.34 - - [21/Nov/2022:11:46:30 +0000] "GET /favicon.ico HTTP/1.1" 404 2202 "-" "Mindjet MindManager" "213.86.169.34" response-time=0.546
213.86.169.34 - - [21/Nov/2022:11:47:06 +0000] "GET /allocate/ HTTP/1.1" 200 2495 "-" "Mozilla/5.0 (Windows NT 10.0; Win64; x64) AppleWebKit/537.36 (KHTML, like Gecko) Chrome/106.0.0.0 Safari/537.36" "213.86.169.34" response-time=0.027
139.180.129.54 - - [21/Nov/2022:12:03:37 +0000] "HEAD / HTTP/1.1" 302 0 "https://www.bing.com" "Mozilla/5.0 (Windows NT 6.3; WOW64) AppleWebKit/537.36 (KHTML, like Gecko) Chrome/41.0.2225.0 Safari/537.36" "139.180.129.54" response-time=0.002
139.180.129.54 - - [21/Nov/2022:12:03:37 +0000] "HEAD /allocate/ HTTP/1.1" 200 0 "https://www.bing.com" "Mozilla/5.0 (Windows NT 6.3; WOW64) AppleWebKit/537.36 (KHTML, like Gecko) Chrome/41.0.2225.0 Safari/537.36" "139.180.129.54" response-time=0.006
139.180.129.54 - - [21/Nov/2022:12:03:38 +0000] "GET /wp-login.php HTTP/1.1" 404 954 "http://breakoutroom.pythonanywhere.com" "Mozilla/5.0 (Windows NT 6.3; WOW64) AppleWebKit/537.36 (KHTML, like Gecko) Chrome/41.0.2225.0 Safari/537.36" "139.180.129.54" response-time=0.022
139.180.129.54 - - [21/Nov/2022:12:03:39 +0000] "GET /wordpress/wp-login.php HTTP/1.1" 404 962 "http://breakoutroom.pythonanywhere.com" "Mozilla/5.0 (Windows NT 6.3; WOW64) AppleWebKit/537.36 (KHTML, like Gecko) Chrome/41.0.2225.0 Safari/537.36" "139.180.129.54" response-time=0.015
139.180.129.54 - - [21/Nov/2022:12:03:39 +0000] "GET /blog/wp-login.php HTTP/1.1" 404 957 "http://breakoutroom.pythonanywhere.com" "Mozilla/5.0 (Windows NT 6.3; WOW64) AppleWebKit/537.36 (KHTML, like Gecko) Chrome/41.0.2225.0 Safari/537.36" "139.180.129.54" response-time=0.026
139.180.129.54 - - [21/Nov/2022:12:03:40 +0000] "GET /wp/wp-login.php HTTP/1.1" 404 955 "http://breakoutroom.pythonanywhere.com" "Mozilla/5.0 (Windows NT 6.3; WOW64) AppleWebKit/537.36 (KHTML, like Gecko) Chrome/41.0.2225.0 Safari/537.36" "139.180.129.54" response-time=0.011
40.77.167.96 - - [21/Nov/2022:13:09:52 +0000] "GET /robots.txt HTTP/1.1" 404 951 "-" "Mozilla/5.0 AppleWebKit/537.36 (KHTML, like Gecko; compatible; bingbot/2.0; +http://www.bing.com/bingbot.htm) Chrome/103.0.5060.134 Safari/537.36" "40.77.167.96" response-time=0.021
93.38.49.114 - - [21/Nov/2022:16:46:39 +0000] "GET / HTTP/1.1" 302 0 "-" "Mozilla/5.0 (Macintosh; Intel Mac OS X 10_15_7) AppleWebKit/605.1.15 (KHTML, like Gecko) Version/16.1 Safari/605.1.15" "93.38.49.114" response-time=0.048
93.38.49.114 - - [21/Nov/2022:16:46:39 +0000] "GET /allocate/ HTTP/1.1" 200 2495 "-" "Mozilla/5.0 (Macintosh; Intel Mac OS X 10_15_7) AppleWebKit/605.1.15 (KHTML, like Gecko) Version/16.1 Safari/605.1.15" "93.38.49.114" response-time=0.031
40.77.167.103 - - [21/Nov/2022:22:07:24 +0000] "GET /robots.txt HTTP/1.1" 404 950 "-" "Mozilla/5.0 (compatible; bingbot/2.0; +http://www.bing.com/bingbot.htm)" "40.77.167.103" response-time=4.599
40.77.167.73 - - [21/Nov/2022:22:07:28 +0000] "GET / HTTP/1.1" 302 0 "-" "Mozilla/5.0 AppleWebKit/537.36 (KHTML, like Gecko; compatible; bingbot/2.0; +http://www.bing.com/bingbot.htm) Chrome/103.0.5060.134 Safari/537.36" "40.77.167.73" response-time=0.018
40.77.167.103 - - [22/Nov/2022:07:33:34 +0000] "GET /robots.txt HTTP/1.1" 404 950 "-" "Mozilla/5.0 (compatible; bingbot/2.0; +http://www.bing.com/bingbot.htm)" "40.77.167.103" response-time=0.216
40.77.167.73 - - [22/Nov/2022:07:33:43 +0000] "GET / HTTP/1.1" 302 0 "-" "Mozilla/5.0 AppleWebKit/537.36 (KHTML, like Gecko; compatible; bingbot/2.0; +http://www.bing.com/bingbot.htm) Chrome/103.0.5060.134 Safari/537.36" "40.77.167.73" response-time=0.009
87.77.67.193 - - [22/Nov/2022:09:44:34 +0000] "GET /allocate/21over10 HTTP/1.1" 200 2082 "-" "Mozilla/5.0 (Windows NT 10.0; Win64; x64; rv:107.0) Gecko/20100101 Firefox/107.0" "87.77.67.193" response-time=0.468
87.77.67.193 - - [22/Nov/2022:09:44:35 +0000] "GET /favicon.ico HTTP/1.1" 404 951 "http://breakoutroom.pythonanywhere.com/allocate/21over10" "Mozilla/5.0 (Windows NT 10.0; Win64; x64; rv:107.0) Gecko/20100101 Firefox/107.0" "87.77.67.193" response-time=0.011
87.77.67.193 - - [22/Nov/2022:09:44:44 +0000] "GET /allocate/25over4 HTTP/1.1" 200 2233 "http://breakoutroom.pythonanywhere.com/allocate/21over10" "Mozilla/5.0 (Windows NT 10.0; Win64; x64; rv:107.0) Gecko/20100101 Firefox/107.0" "87.77.67.193" response-time=0.081
87.77.67.193 - - [22/Nov/2022:09:45:06 +0000] "GET /allocate/25over10 HTTP/1.1" 200 1390 "http://breakoutroom.pythonanywhere.com/allocate/25over4" "Mozilla/5.0 (Windows NT 10.0; Win64; x64; rv:107.0) Gecko/20100101 Firefox/107.0" "87.77.67.193" response-time=0.100
87.77.67.193 - - [22/Nov/2022:09:45:11 +0000] "GET /allocate/25over1 HTTP/1.1" 200 2233 "http://breakoutroom.pythonanywhere.com/allocate/25over10" "Mozilla/5.0 (Windows NT 10.0; Win64; x64; rv:107.0) Gecko/20100101 Firefox/107.0" "87.77.67.193" response-time=0.085
87.77.67.193 - - [22/Nov/2022:09:45:31 +0000] "GET /allocate/24over5 HTTP/1.1" 200 2735 "http://breakoutroom.pythonanywhere.com/allocate/25over1" "Mozilla/5.0 (Windows NT 10.0; Win64; x64; rv:107.0) Gecko/20100101 Firefox/107.0" "87.77.67.193" response-time=0.090
87.77.67.193 - - [22/Nov/2022:09:45:44 +0000] "GET /allocate/24over4 HTTP/1.1" 200 2735 "http://breakoutroom.pythonanywhere.com/allocate/24over5" "Mozilla/5.0 (Windows NT 10.0; Win64; x64; rv:107.0) Gecko/20100101 Firefox/107.0" "87.77.67.193" response-time=0.084
87.77.67.193 - - [22/Nov/2022:09:45:47 +0000] "GET /allocate/24over1 HTTP/1.1" 200 2735 "http://breakoutroom.pythonanywhere.com/allocate/24over4" "Mozilla/5.0 (Windows NT 10.0; Win64; x64; rv:107.0) Gecko/20100101 Firefox/107.0" "87.77.67.193" response-time=0.166
87.77.67.193 - - [22/Nov/2022:09:53:25 +0000] "GET /allocate/21over10 HTTP/1.1" 200 2082 "-" "Mozilla/5.0 (Windows NT 10.0; Win64; x64; rv:107.0) Gecko/20100101 Firefox/107.0" "87.77.67.193" response-time=0.090
87.77.67.193 - - [22/Nov/2022:09:53:26 +0000] "GET /favicon.ico HTTP/1.1" 404 951 "http://breakoutroom.pythonanywhere.com/allocate/21over10" "Mozilla/5.0 (Windows NT 10.0; Win64; x64; rv:107.0) Gecko/20100101 Firefox/107.0" "87.77.67.193" response-time=0.015
87.77.67.193 - - [22/Nov/2022:09:53:32 +0000] "GET /allocate/28over4 HTTP/1.1" 200 2449 "http://breakoutroom.pythonanywhere.com/allocate/21over10" "Mozilla/5.0 (Windows NT 10.0; Win64; x64; rv:107.0) Gecko/20100101 Firefox/107.0" "87.77.67.193" response-time=0.093
87.77.67.193 - - [22/Nov/2022:09:54:43 +0000] "GET /allocate/27over3 HTTP/1.1" 200 2578 "http://breakoutroom.pythonanywhere.com/allocate/28over4" "Mozilla/5.0 (Windows NT 10.0; Win64; x64; rv:107.0) Gecko/20100101 Firefox/107.0" "87.77.67.193" response-time=0.085
87.77.67.193 - - [22/Nov/2022:09:54:53 +0000] "GET /allocate/26over3 HTTP/1.1" 200 1977 "http://breakoutroom.pythonanywhere.com/allocate/27over3" "Mozilla/5.0 (Windows NT 10.0; Win64; x64; rv:107.0) Gecko/20100101 Firefox/107.0" "87.77.67.193" response-time=0.090
87.77.67.193 - - [22/Nov/2022:09:54:53 +0000] "GET /favicon.ico HTTP/1.1" 499 0 "http://breakoutroom.pythonanywhere.com/allocate/26over3" "Mozilla/5.0 (Windows NT 10.0; Win64; x64; rv:107.0) Gecko/20100101 Firefox/107.0" "87.77.67.193" response-time=0.008
87.77.67.193 - - [22/Nov/2022:09:54:56 +0000] "GET /allocate/9over3 HTTP/1.1" 200 1920 "http://breakoutroom.pythonanywhere.com/allocate/26over3" "Mozilla/5.0 (Windows NT 10.0; Win64; x64; rv:107.0) Gecko/20100101 Firefox/107.0" "87.77.67.193" response-time=0.082
87.77.67.193 - - [22/Nov/2022:09:55:00 +0000] "GET /allocate/25over3 HTTP/1.1" 200 2233 "http://breakoutroom.pythonanywhere.com/allocate/9over3" "Mozilla/5.0 (Windows NT 10.0; Win64; x64; rv:107.0) Gecko/20100101 Firefox/107.0" "87.77.67.193" response-time=0.093
87.77.67.193 - - [22/Nov/2022:09:55:03 +0000] "GET /allocate/24over3 HTTP/1.1" 200 2735 "http://breakoutroom.pythonanywhere.com/allocate/25over3" "Mozilla/5.0 (Windows NT 10.0; Win64; x64; rv:107.0) Gecko/20100101 Firefox/107.0" "87.77.67.193" response-time=0.091
87.77.67.193 - - [22/Nov/2022:09:55:07 +0000] "GET /allocate/23over3 HTTP/1.1" 200 1929 "http://breakoutroom.pythonanywhere.com/allocate/24over3" "Mozilla/5.0 (Windows NT 10.0; Win64; x64; rv:107.0) Gecko/20100101 Firefox/107.0" "87.77.67.193" response-time=0.084
87.77.67.193 - - [22/Nov/2022:09:55:12 +0000] "GET /allocate/22over3 HTTP/1.1" 200 1925 "http://breakoutroom.pythonanywhere.com/allocate/23over3" "Mozilla/5.0 (Windows NT 10.0; Win64; x64; rv:107.0) Gecko/20100101 Firefox/107.0" "87.77.67.193" response-time=0.336
87.77.67.193 - - [22/Nov/2022:09:55:22 +0000] "GET /allocate/21over3 HTTP/1.1" 200 2310 "http://breakoutroom.pythonanywhere.com/allocate/22over3" "Mozilla/5.0 (Windows NT 10.0; Win64; x64; rv:107.0) Gecko/20100101 Firefox/107.0" "87.77.67.193" response-time=0.090
40.77.167.73 - - [27/Nov/2022:04:58:27 +0000] "GET / HTTP/1.1" 302 0 "-" "Mozilla/5.0 (compatible; bingbot/2.0; +http://www.bing.com/bingbot.htm)" "40.77.167.73" response-time=0.017
40.77.167.30 - - [27/Nov/2022:09:33:35 +0000] "GET / HTTP/1.1" 302 0 "-" "Mozilla/5.0 (compatible; bingbot/2.0; +http://www.bing.com/bingbot.htm)" "40.77.167.30" response-time=0.004
51.222.253.12 - - [27/Nov/2022:14:46:53 +0000] "GET /robots.txt HTTP/1.1" 404 950 "-" "Mozilla/5.0 (compatible; AhrefsBot/7.0; +http://ahrefs.com/robot/)" "51.222.253.12" response-time=0.158
54.36.149.95 - - [27/Nov/2022:14:46:55 +0000] "GET /allocate/9over3 HTTP/1.1" 200 1920 "-" "Mozilla/5.0 (compatible; AhrefsBot/7.0; +http://ahrefs.com/robot/)" "54.36.149.95" response-time=0.346
75.186.101.41 - - [27/Nov/2022:15:49:42 +0000] "GET /allocate/ HTTP/1.1" 200 2495 "-" "Mozilla/5.0 (Windows NT 10.0; Win64; x64) AppleWebKit/537.36 (KHTML, like Gecko) Chrome/107.0.0.0 Safari/537.36" "75.186.101.41" response-time=0.016
75.186.101.41 - - [27/Nov/2022:15:49:43 +0000] "GET /favicon.ico HTTP/1.1" 404 951 "http://breakoutroom.pythonanywhere.com/allocate/" "Mozilla/5.0 (Windows NT 10.0; Win64; x64) AppleWebKit/537.36 (KHTML, like Gecko) Chrome/107.0.0.0 Safari/537.36" "75.186.101.41" response-time=0.019
75.186.101.41 - - [27/Nov/2022:15:49:50 +0000] "GET /allocate/27over10 HTTP/1.1" 200 2318 "http://breakoutroom.pythonanywhere.com/allocate/" "Mozilla/5.0 (Windows NT 10.0; Win64; x64) AppleWebKit/537.36 (KHTML, like Gecko) Chrome/107.0.0.0 Safari/537.36" "75.186.101.41" response-time=0.112
75.186.101.41 - - [27/Nov/2022:15:49:59 +0000] "GET /allocate/28over10 HTTP/1.1" 200 1390 "http://breakoutroom.pythonanywhere.com/allocate/27over10" "Mozilla/5.0 (Windows NT 10.0; Win64; x64) AppleWebKit/537.36 (KHTML, like Gecko) Chrome/107.0.0.0 Safari/537.36" "75.186.101.41" response-time=0.121
75.186.101.41 - - [27/Nov/2022:15:50:05 +0000] "GET /allocate/28over9 HTTP/1.1" 200 2153 "http://breakoutroom.pythonanywhere.com/allocate/28over10" "Mozilla/5.0 (Windows NT 10.0; Win64; x64) AppleWebKit/537.36 (KHTML, like Gecko) Chrome/107.0.0.0 Safari/537.36" "75.186.101.41" response-time=0.094
75.186.101.41 - - [27/Nov/2022:15:50:45 +0000] "GET /allocate/18over10 HTTP/1.1" 200 1390 "http://breakoutroom.pythonanywhere.com/allocate/28over9" "Mozilla/5.0 (Windows NT 10.0; Win64; x64) AppleWebKit/537.36 (KHTML, like Gecko) Chrome/107.0.0.0 Safari/537.36" "75.186.101.41" response-time=0.089
75.186.101.41 - - [27/Nov/2022:15:51:02 +0000] "GET /allocate/18over8 HTTP/1.1" 200 1996 "http://breakoutroom.pythonanywhere.com/allocate/18over10" "Mozilla/5.0 (Windows NT 10.0; Win64; x64) AppleWebKit/537.36 (KHTML, like Gecko) Chrome/107.0.0.0 Safari/537.36" "75.186.101.41" response-time=0.101
75.186.101.41 - - [27/Nov/2022:15:57:10 +0000] "GET /allocate/ HTTP/1.1" 200 2495 "-" "Mozilla/5.0 (Windows NT 10.0; Win64; x64) AppleWebKit/537.36 (KHTML, like Gecko) Chrome/107.0.0.0 Safari/537.36" "75.186.101.41" response-time=0.005
75.186.101.41 - - [27/Nov/2022:15:57:18 +0000] "GET /allocate/28over9 HTTP/1.1" 200 2153 "http://breakoutroom.pythonanywhere.com/allocate/" "Mozilla/5.0 (Windows NT 10.0; Win64; x64) AppleWebKit/537.36 (KHTML, like Gecko) Chrome/107.0.0.0 Safari/537.36" "75.186.101.41" response-time=0.083
40.77.167.73 - - [27/Nov/2022:19:24:30 +0000] "GET / HTTP/1.1" 302 0 "-" "Mozilla/5.0 AppleWebKit/537.36 (KHTML, like Gecko; compatible; bingbot/2.0; +http://www.bing.com/bingbot.htm) Chrome/103.0.5060.134 Safari/537.36" "40.77.167.73" response-time=0.003
40.77.167.73 - - [28/Nov/2022:05:24:57 +0000] "GET / HTTP/1.1" 302 0 "-" "Mozilla/5.0 AppleWebKit/537.36 (KHTML, like Gecko; compatible; bingbot/2.0; +http://www.bing.com/bingbot.htm) Chrome/103.0.5060.134 Safari/537.36" "40.77.167.73" response-time=0.060
40.77.167.96 - - [28/Nov/2022:10:38:52 +0000] "GET /robots.txt HTTP/1.1" 404 951 "-" "Mozilla/5.0 AppleWebKit/537.36 (KHTML, like Gecko; compatible; bingbot/2.0; +http://www.bing.com/bingbot.htm) Chrome/103.0.5060.134 Safari/537.36" "40.77.167.96" response-time=0.194
40.77.167.103 - - [28/Nov/2022:19:48:38 +0000] "GET /robots.txt HTTP/1.1" 404 950 "-" "Mozilla/5.0 (compatible; bingbot/2.0; +http://www.bing.com/bingbot.htm)" "40.77.167.103" response-time=5.329
40.77.167.73 - - [28/Nov/2022:19:48:49 +0000] "GET / HTTP/1.1" 302 0 "-" "Mozilla/5.0 (compatible; bingbot/2.0; +http://www.bing.com/bingbot.htm)" "40.77.167.73" response-time=0.009
194.93.0.40 - - [28/Nov/2022:22:27:43 +0000] "GET /robots.txt HTTP/1.1" 404 2199 "-" "Mozilla/4.0 (compatible; fluid/0.0; +http://www.leak.info/bot.html)" "194.93.0.40" response-time=0.065
209.126.5.192 - - [28/Nov/2022:22:30:55 +0000] "GET /allocate/.env.example HTTP/1.1" 404 1117 "-" "Mozilla/5.0 (Windows NT 10.0; WOW64) AppleWebKit/537.36 (KHTML, like Gecko) Chrome/48.0.2564.116 UBrowser/5.6.13705.206 Safari/537.36" "209.126.5.192" response-time=0.019
185.191.171.11 - - [29/Nov/2022:05:48:56 +0000] "GET /robots.txt HTTP/1.1" 404 950 "-" "Mozilla/5.0 (compatible; SemrushBot/7~bl; +http://www.semrush.com/bot.html)" "185.191.171.11" response-time=0.050
185.191.171.23 - - [29/Nov/2022:05:48:57 +0000] "GET /allocate HTTP/1.1" 301 0 "-" "Mozilla/5.0 (compatible; SemrushBot/7~bl; +http://www.semrush.com/bot.html)" "185.191.171.23" response-time=0.006
185.191.171.4 - - [29/Nov/2022:05:48:59 +0000] "GET /allocate/ HTTP/1.1" 200 2495 "-" "Mozilla/5.0 (compatible; SemrushBot/7~bl; +http://www.semrush.com/bot.html)" "185.191.171.4" response-time=0.196
40.77.167.73 - - [29/Nov/2022:05:49:57 +0000] "GET / HTTP/1.1" 302 0 "-" "Mozilla/5.0 AppleWebKit/537.36 (KHTML, like Gecko; compatible; bingbot/2.0; +http://www.bing.com/bingbot.htm) Chrome/103.0.5060.134 Safari/537.36" "40.77.167.73" response-time=0.016
213.86.169.34 - - [29/Nov/2022:11:52:17 +0000] "GET /favicon.ico HTTP/1.1" 502 1661 "-" "Mindjet MindManager" "213.86.169.34" response-time=1.556
213.86.169.34 - - [29/Nov/2022:11:52:21 +0000] "GET /favicon.ico HTTP/1.1" 404 2202 "-" "Mindjet MindManager" "213.86.169.34" response-time=5.721
40.77.167.73 - - [29/Nov/2022:20:13:38 +0000] "GET / HTTP/1.1" 302 0 "-" "Mozilla/5.0 AppleWebKit/537.36 (KHTML, like Gecko; compatible; bingbot/2.0; +http://www.bing.com/bingbot.htm) Chrome/103.0.5060.134 Safari/537.36" "40.77.167.73" response-time=0.147
74.135.85.177 - - [30/Nov/2022:00:18:55 +0000] "GET /allocate HTTP/1.1" 301 0 "-" "Mozilla/5.0 (Linux; Android 13; SM-S906U) AppleWebKit/537.36 (KHTML, like Gecko) Chrome/107.0.0.0 Mobile Safari/537.36" "74.135.85.177" response-time=0.039
74.135.85.177 - - [30/Nov/2022:00:18:56 +0000] "GET /allocate/ HTTP/1.1" 200 2495 "-" "Mozilla/5.0 (Linux; Android 13; SM-S906U) AppleWebKit/537.36 (KHTML, like Gecko) Chrome/107.0.0.0 Mobile Safari/537.36" "74.135.85.177" response-time=0.194
74.135.85.177 - - [30/Nov/2022:00:18:57 +0000] "GET /favicon.ico HTTP/1.1" 404 951 "http://breakoutroom.pythonanywhere.com/allocate/" "Mozilla/5.0 (Linux; Android 13; SM-S906U) AppleWebKit/537.36 (KHTML, like Gecko) Chrome/107.0.0.0 Mobile Safari/537.36" "74.135.85.177" response-time=0.037
74.135.85.177 - - [30/Nov/2022:00:22:01 +0000] "GET /allocate/25over4 HTTP/1.1" 200 2233 "http://breakoutroom.pythonanywhere.com/allocate/" "Mozilla/5.0 (Linux; Android 13; SM-S906U) AppleWebKit/537.36 (KHTML, like Gecko) Chrome/107.0.0.0 Mobile Safari/537.36" "74.135.85.177" response-time=0.249
74.135.85.177 - - [30/Nov/2022:00:23:21 +0000] "GET /allocate/ HTTP/1.1" 200 2495 "http://breakoutroom.pythonanywhere.com/allocate/25over4" "Mozilla/5.0 (Linux; Android 13; SM-S906U) AppleWebKit/537.36 (KHTML, like Gecko) Chrome/107.0.0.0 Mobile Safari/537.36" "74.135.85.177" response-time=0.005
74.135.85.177 - - [30/Nov/2022:00:23:37 +0000] "GET /allocate/25over3 HTTP/1.1" 200 2233 "http://breakoutroom.pythonanywhere.com/allocate/" "Mozilla/5.0 (Linux; Android 13; SM-S906U) AppleWebKit/537.36 (KHTML, like Gecko) Chrome/107.0.0.0 Mobile Safari/537.36" "74.135.85.177" response-time=0.075
74.135.85.177 - - [30/Nov/2022:00:23:46 +0000] "GET /allocate/ HTTP/1.1" 200 2495 "http://breakoutroom.pythonanywhere.com/allocate/25over3" "Mozilla/5.0 (Linux; Android 13; SM-S906U) AppleWebKit/537.36 (KHTML, like Gecko) Chrome/107.0.0.0 Mobile Safari/537.36" "74.135.85.177" response-time=0.002
74.135.85.177 - - [30/Nov/2022:00:23:58 +0000] "GET /allocate/60over3 HTTP/1.1" 200 10974 "http://breakoutroom.pythonanywhere.com/allocate/" "Mozilla/5.0 (Linux; Android 13; SM-S906U) AppleWebKit/537.36 (KHTML, like Gecko) Chrome/107.0.0.0 Mobile Safari/537.36" "74.135.85.177" response-time=0.198
20.203.174.59 - - [30/Nov/2022:05:05:21 +0000] "HEAD / HTTP/1.1" 302 0 "-" "Mozilla/5.0 (Windows NT 10.0; Win64; x64) AppleWebKit/537.36 (KHTML, like Gecko) Chrome/74.0.3729.169 Safari/537.36" "20.203.174.59" response-time=0.061
20.203.174.59 - - [30/Nov/2022:05:05:22 +0000] "HEAD /allocate/ HTTP/1.1" 200 0 "http://breakoutroom.pythonanywhere.com/" "Mozilla/5.0 (Windows NT 10.0; Win64; x64) AppleWebKit/537.36 (KHTML, like Gecko) Chrome/74.0.3729.169 Safari/537.36" "20.203.174.59" response-time=0.029
20.203.174.59 - - [30/Nov/2022:05:05:22 +0000] "HEAD /wordpress HTTP/1.1" 404 0 "-" "Mozilla/5.0 (Windows NT 10.0; Win64; x64) AppleWebKit/537.36 (KHTML, like Gecko) Chrome/74.0.3729.169 Safari/537.36" "20.203.174.59" response-time=0.060
20.203.174.59 - - [30/Nov/2022:05:05:22 +0000] "HEAD /Wordpress HTTP/1.1" 404 0 "-" "Mozilla/5.0 (Windows NT 10.0; Win64; x64) AppleWebKit/537.36 (KHTML, like Gecko) Chrome/74.0.3729.169 Safari/537.36" "20.203.174.59" response-time=0.006
20.203.174.59 - - [30/Nov/2022:05:05:22 +0000] "HEAD /WORDPRESS HTTP/1.1" 404 0 "-" "Mozilla/5.0 (Windows NT 10.0; Win64; x64) AppleWebKit/537.36 (KHTML, like Gecko) Chrome/74.0.3729.169 Safari/537.36" "20.203.174.59" response-time=0.006
20.203.174.59 - - [30/Nov/2022:05:05:22 +0000] "HEAD /WordPress HTTP/1.1" 404 0 "-" "Mozilla/5.0 (Windows NT 10.0; Win64; x64) AppleWebKit/537.36 (KHTML, like Gecko) Chrome/74.0.3729.169 Safari/537.36" "20.203.174.59" response-time=0.007
20.203.174.59 - - [30/Nov/2022:05:05:22 +0000] "HEAD /wp HTTP/1.1" 404 0 "-" "Mozilla/5.0 (Windows NT 10.0; Win64; x64) AppleWebKit/537.36 (KHTML, like Gecko) Chrome/74.0.3729.169 Safari/537.36" "20.203.174.59" response-time=0.006
20.203.174.59 - - [30/Nov/2022:05:05:22 +0000] "HEAD /Wp HTTP/1.1" 404 0 "-" "Mozilla/5.0 (Windows NT 10.0; Win64; x64) AppleWebKit/537.36 (KHTML, like Gecko) Chrome/74.0.3729.169 Safari/537.36" "20.203.174.59" response-time=0.006
20.203.174.59 - - [30/Nov/2022:05:05:22 +0000] "HEAD /WP HTTP/1.1" 404 0 "-" "Mozilla/5.0 (Windows NT 10.0; Win64; x64) AppleWebKit/537.36 (KHTML, like Gecko) Chrome/74.0.3729.169 Safari/537.36" "20.203.174.59" response-time=0.005
20.203.174.59 - - [30/Nov/2022:05:05:22 +0000] "HEAD /old HTTP/1.1" 404 0 "-" "Mozilla/5.0 (Windows NT 10.0; Win64; x64) AppleWebKit/537.36 (KHTML, like Gecko) Chrome/74.0.3729.169 Safari/537.36" "20.203.174.59" response-time=0.006
20.203.174.59 - - [30/Nov/2022:05:05:23 +0000] "HEAD /Old HTTP/1.1" 404 0 "-" "Mozilla/5.0 (Windows NT 10.0; Win64; x64) AppleWebKit/537.36 (KHTML, like Gecko) Chrome/74.0.3729.169 Safari/537.36" "20.203.174.59" response-time=0.005
20.203.174.59 - - [30/Nov/2022:05:05:23 +0000] "HEAD /OLD HTTP/1.1" 404 0 "-" "Mozilla/5.0 (Windows NT 10.0; Win64; x64) AppleWebKit/537.36 (KHTML, like Gecko) Chrome/74.0.3729.169 Safari/537.36" "20.203.174.59" response-time=0.005
20.203.174.59 - - [30/Nov/2022:05:05:23 +0000] "HEAD /oldsite HTTP/1.1" 404 0 "-" "Mozilla/5.0 (Windows NT 10.0; Win64; x64) AppleWebKit/537.36 (KHTML, like Gecko) Chrome/74.0.3729.169 Safari/537.36" "20.203.174.59" response-time=0.008
20.203.174.59 - - [30/Nov/2022:05:05:23 +0000] "HEAD /new HTTP/1.1" 404 0 "-" "Mozilla/5.0 (Windows NT 10.0; Win64; x64) AppleWebKit/537.36 (KHTML, like Gecko) Chrome/74.0.3729.169 Safari/537.36" "20.203.174.59" response-time=0.024
20.203.174.59 - - [30/Nov/2022:05:05:23 +0000] "HEAD /New HTTP/1.1" 404 0 "-" "Mozilla/5.0 (Windows NT 10.0; Win64; x64) AppleWebKit/537.36 (KHTML, like Gecko) Chrome/74.0.3729.169 Safari/537.36" "20.203.174.59" response-time=0.005
20.203.174.59 - - [30/Nov/2022:05:05:23 +0000] "HEAD /NEW HTTP/1.1" 404 0 "-" "Mozilla/5.0 (Windows NT 10.0; Win64; x64) AppleWebKit/537.36 (KHTML, like Gecko) Chrome/74.0.3729.169 Safari/537.36" "20.203.174.59" response-time=0.344
20.203.174.59 - - [30/Nov/2022:05:05:23 +0000] "HEAD /wp-old HTTP/1.1" 404 0 "-" "Mozilla/5.0 (Windows NT 10.0; Win64; x64) AppleWebKit/537.36 (KHTML, like Gecko) Chrome/74.0.3729.169 Safari/537.36" "20.203.174.59" response-time=0.009
20.203.174.59 - - [30/Nov/2022:05:05:24 +0000] "HEAD /2022 HTTP/1.1" 404 0 "-" "Mozilla/5.0 (Windows NT 10.0; Win64; x64) AppleWebKit/537.36 (KHTML, like Gecko) Chrome/74.0.3729.169 Safari/537.36" "20.203.174.59" response-time=0.006
20.203.174.59 - - [30/Nov/2022:05:05:24 +0000] "HEAD /2020 HTTP/1.1" 404 0 "-" "Mozilla/5.0 (Windows NT 10.0; Win64; x64) AppleWebKit/537.36 (KHTML, like Gecko) Chrome/74.0.3729.169 Safari/537.36" "20.203.174.59" response-time=0.006
20.203.174.59 - - [30/Nov/2022:05:05:24 +0000] "HEAD /2019 HTTP/1.1" 404 0 "-" "Mozilla/5.0 (Windows NT 10.0; Win64; x64) AppleWebKit/537.36 (KHTML, like Gecko) Chrome/74.0.3729.169 Safari/537.36" "20.203.174.59" response-time=0.005
20.203.174.59 - - [30/Nov/2022:05:05:24 +0000] "HEAD /2018 HTTP/1.1" 404 0 "-" "Mozilla/5.0 (Windows NT 10.0; Win64; x64) AppleWebKit/537.36 (KHTML, like Gecko) Chrome/74.0.3729.169 Safari/537.36" "20.203.174.59" response-time=0.006
20.203.174.59 - - [30/Nov/2022:05:05:24 +0000] "HEAD /backup HTTP/1.1" 404 0 "-" "Mozilla/5.0 (Windows NT 10.0; Win64; x64) AppleWebKit/537.36 (KHTML, like Gecko) Chrome/74.0.3729.169 Safari/537.36" "20.203.174.59" response-time=0.005
20.203.174.59 - - [30/Nov/2022:05:05:24 +0000] "HEAD /test HTTP/1.1" 404 0 "-" "Mozilla/5.0 (Windows NT 10.0; Win64; x64) AppleWebKit/537.36 (KHTML, like Gecko) Chrome/74.0.3729.169 Safari/537.36" "20.203.174.59" response-time=0.006
20.203.174.59 - - [30/Nov/2022:05:05:24 +0000] "HEAD /Test HTTP/1.1" 404 0 "-" "Mozilla/5.0 (Windows NT 10.0; Win64; x64) AppleWebKit/537.36 (KHTML, like Gecko) Chrome/74.0.3729.169 Safari/537.36" "20.203.174.59" response-time=0.005
20.203.174.59 - - [30/Nov/2022:05:05:24 +0000] "HEAD /TEST HTTP/1.1" 404 0 "-" "Mozilla/5.0 (Windows NT 10.0; Win64; x64) AppleWebKit/537.36 (KHTML, like Gecko) Chrome/74.0.3729.169 Safari/537.36" "20.203.174.59" response-time=0.005
