40.77.167.73 - - [02/Nov/2022:01:43:44 +0000] "GET / HTTP/1.1" 302 0 "-" "Mozilla/5.0 (compatible; bingbot/2.0; +http://www.bing.com/bingbot.htm)" "40.77.167.73" response-time=0.010
136.243.228.198 - - [02/Nov/2022:03:06:31 +0000] "GET /allocate HTTP/1.1" 301 0 "-" "Mozilla/5.0 (compatible; DataForSeoBot/1.0; +https://dataforseo.com/dataforseo-bot)" "136.243.228.198" response-time=0.008
157.90.209.83 - - [02/Nov/2022:06:12:16 +0000] "GET /robots.txt HTTP/1.1" 404 950 "-" "Mozilla/5.0 (compatible; BLEXBot/1.0; +http://webmeup-crawler.com/)" "157.90.209.83" response-time=6.986
157.90.209.83 - - [02/Nov/2022:06:12:17 +0000] "GET /sitemap HTTP/1.1" 404 950 "-" "Mozilla/5.0 (compatible; BLEXBot/1.0; +http://webmeup-crawler.com/)" "157.90.209.83" response-time=0.007
157.90.209.83 - - [02/Nov/2022:06:12:20 +0000] "GET /sitemap.txt HTTP/1.1" 404 953 "-" "Mozilla/5.0 (compatible; BLEXBot/1.0; +http://webmeup-crawler.com/)" "157.90.209.83" response-time=0.011
95.217.186.7 - - [02/Nov/2022:12:15:03 +0000] "GET /allocate HTTP/1.1" 301 0 "-" "Mozilla/5.0 (Macintosh; Intel Mac OS X 10_15_7) AppleWebKit/537.36 (KHTML, like Gecko) Chrome/104.0.0.0 Safari/537.36" "95.217.186.7" response-time=0.083
95.217.186.7 - - [02/Nov/2022:12:15:04 +0000] "GET /allocate/ HTTP/1.1" 200 5822 "-" "Mozilla/5.0 (Macintosh; Intel Mac OS X 10_15_7) AppleWebKit/537.36 (KHTML, like Gecko) Chrome/104.0.0.0 Safari/537.36" "95.217.186.7" response-time=0.305
95.217.6.63 - - [02/Nov/2022:13:42:48 +0000] "GET /allocate/ HTTP/1.1" 200 5822 "-" "Mozilla/5.0 (Macintosh; Intel Mac OS X 10_15_7) AppleWebKit/537.36 (KHTML, like Gecko) Chrome/104.0.0.0 Safari/537.36" "95.217.6.63" response-time=0.275
40.77.167.73 - - [02/Nov/2022:15:02:41 +0000] "GET / HTTP/1.1" 302 0 "-" "Mozilla/5.0 AppleWebKit/537.36 (KHTML, like Gecko; compatible; bingbot/2.0; +http://www.bing.com/bingbot.htm) Chrome/103.0.5060.134 Safari/537.36" "40.77.167.73" response-time=0.053
17.121.114.109 - - [02/Nov/2022:17:49:27 +0000] "GET /robots.txt HTTP/1.1" 404 950 "-" "Mozilla/5.0 (Macintosh; Intel Mac OS X 10_15_5) AppleWebKit/605.1.15 (KHTML, like Gecko) Version/13.1.1 Safari/605.1.15 (Applebot/0.1; +http://www.apple.com/go/applebot)" "17.121.114.109" response-time=0.140
17.121.114.109 - - [02/Nov/2022:17:49:27 +0000] "GET /allocate/ HTTP/1.1" 200 2495 "-" "Mozilla/5.0 (Macintosh; Intel Mac OS X 10_15_5) AppleWebKit/605.1.15 (KHTML, like Gecko) Version/13.1.1 Safari/605.1.15 (Applebot/0.1; +http://www.apple.com/go/applebot)" "17.121.114.109" response-time=0.017
207.46.13.37 - - [02/Nov/2022:18:59:09 +0000] "GET / HTTP/1.1" 302 0 "-" "Mozilla/5.0 (compatible; bingbot/2.0; +http://www.bing.com/bingbot.htm)" "207.46.13.37" response-time=0.007
136.243.228.198 - - [02/Nov/2022:19:27:59 +0000] "GET / HTTP/1.1" 302 0 "-" "Mozilla/5.0 (compatible; DataForSeoBot/1.0; +https://dataforseo.com/dataforseo-bot)" "136.243.228.198" response-time=0.002
136.243.228.198 - - [02/Nov/2022:19:28:00 +0000] "GET /allocate/ HTTP/1.1" 200 2495 "-" "Mozilla/5.0 (compatible; DataForSeoBot/1.0; +https://dataforseo.com/dataforseo-bot)" "136.243.228.198" response-time=0.008
40.77.167.73 - - [03/Nov/2022:00:25:14 +0000] "GET / HTTP/1.1" 302 0 "-" "Mozilla/5.0 (compatible; bingbot/2.0; +http://www.bing.com/bingbot.htm)" "40.77.167.73" response-time=0.037
157.90.209.83 - - [03/Nov/2022:00:44:01 +0000] "GET /robots.txt HTTP/1.1" 404 950 "-" "Mozilla/5.0 (compatible; BLEXBot/1.0; +http://webmeup-crawler.com/)" "157.90.209.83" response-time=0.084
157.90.209.83 - - [03/Nov/2022:00:44:01 +0000] "GET /sitemap HTTP/1.1" 404 950 "-" "Mozilla/5.0 (compatible; BLEXBot/1.0; +http://webmeup-crawler.com/)" "157.90.209.83" response-time=0.011
157.90.209.83 - - [03/Nov/2022:00:44:05 +0000] "GET /sitemap.txt HTTP/1.1" 404 953 "-" "Mozilla/5.0 (compatible; BLEXBot/1.0; +http://webmeup-crawler.com/)" "157.90.209.83" response-time=0.015
207.46.13.37 - - [03/Nov/2022:04:21:32 +0000] "GET / HTTP/1.1" 302 0 "-" "Mozilla/5.0 (compatible; bingbot/2.0; +http://www.bing.com/bingbot.htm)" "207.46.13.37" response-time=0.038
185.191.171.12 - - [03/Nov/2022:06:46:28 +0000] "GET /robots.txt HTTP/1.1" 404 950 "-" "Mozilla/5.0 (compatible; SemrushBot/7~bl; +http://www.semrush.com/bot.html)" "185.191.171.12" response-time=0.091
185.191.171.8 - - [03/Nov/2022:06:46:28 +0000] "GET /allocate/download/489 HTTP/1.1" 200 185 "-" "Mozilla/5.0 (compatible; SemrushBot/7~bl; +http://www.semrush.com/bot.html)" "185.191.171.8" response-time=0.211
185.191.171.22 - - [03/Nov/2022:06:46:34 +0000] "GET /sitemap.xml HTTP/1.1" 404 954 "-" "Mozilla/5.0 (compatible; SemrushBot/7~bl; +http://www.semrush.com/bot.html)" "185.191.171.22" response-time=0.011
66.249.66.65 - - [03/Nov/2022:06:51:41 +0000] "GET /robots.txt HTTP/1.1" 404 950 "-" "Mozilla/5.0 (compatible; Googlebot/2.1; +http://www.google.com/bot.html)" "66.249.66.65" response-time=0.039
66.249.66.65 - - [03/Nov/2022:06:51:41 +0000] "GET /favicon.ico HTTP/1.1" 404 951 "-" "Googlebot-Image/1.0" "66.249.66.65" response-time=0.009
199.16.157.182 - - [03/Nov/2022:07:21:41 +0000] "GET /robots.txt HTTP/1.1" 404 2199 "-" "Twitterbot/1.0" "199.16.157.182" response-time=0.083
199.16.157.182 - - [03/Nov/2022:07:21:41 +0000] "GET /allocate/26over5 HTTP/1.1" 200 1976 "-" "Twitterbot/1.0" "199.16.157.182" response-time=0.216
2.97.157.63 - - [03/Nov/2022:09:03:33 +0000] "GET /allocate/ HTTP/1.1" 200 2495 "-" "Mozilla/5.0 (Windows NT 10.0; Win64; x64; rv:106.0) Gecko/20100101 Firefox/106.0" "2.97.157.63" response-time=0.019
2.97.157.63 - - [03/Nov/2022:09:03:33 +0000] "GET /favicon.ico HTTP/1.1" 404 951 "http://breakoutroom.pythonanywhere.com/allocate/" "Mozilla/5.0 (Windows NT 10.0; Win64; x64; rv:106.0) Gecko/20100101 Firefox/106.0" "2.97.157.63" response-time=0.022
2.97.157.63 - - [03/Nov/2022:09:20:32 +0000] "GET /allocate/8over8 HTTP/1.1" 200 1387 "http://breakoutroom.pythonanywhere.com/allocate/" "Mozilla/5.0 (Windows NT 10.0; Win64; x64; rv:106.0) Gecko/20100101 Firefox/106.0" "2.97.157.63" response-time=0.157
2.97.157.63 - - [03/Nov/2022:09:20:44 +0000] "GET /allocate/8over6 HTTP/1.1" 200 1831 "http://breakoutroom.pythonanywhere.com/allocate/8over8" "Mozilla/5.0 (Windows NT 10.0; Win64; x64; rv:106.0) Gecko/20100101 Firefox/106.0" "2.97.157.63" response-time=0.095
2.97.157.63 - - [03/Nov/2022:09:20:55 +0000] "GET /allocate/8over6 HTTP/1.1" 200 1831 "http://breakoutroom.pythonanywhere.com/allocate/8over6" "Mozilla/5.0 (Windows NT 10.0; Win64; x64; rv:106.0) Gecko/20100101 Firefox/106.0" "2.97.157.63" response-time=0.144
2.97.157.63 - - [03/Nov/2022:09:21:01 +0000] "GET /allocate/8over5 HTTP/1.1" 200 1831 "http://breakoutroom.pythonanywhere.com/allocate/8over6" "Mozilla/5.0 (Windows NT 10.0; Win64; x64; rv:106.0) Gecko/20100101 Firefox/106.0" "2.97.157.63" response-time=0.128
2.97.157.63 - - [03/Nov/2022:09:21:15 +0000] "GET /allocate/8over4 HTTP/1.1" 200 1945 "http://breakoutroom.pythonanywhere.com/allocate/8over5" "Mozilla/5.0 (Windows NT 10.0; Win64; x64; rv:106.0) Gecko/20100101 Firefox/106.0" "2.97.157.63" response-time=0.443
207.46.13.96 - - [03/Nov/2022:10:19:42 +0000] "GET /sitemap.xml.gz HTTP/1.1" 404 957 "-" "Mozilla/5.0 AppleWebKit/537.36 (KHTML, like Gecko; compatible; bingbot/2.0; +http://www.bing.com/bingbot.htm) Chrome/103.0.5060.134 Safari/537.36" "207.46.13.96" response-time=0.123
40.77.167.73 - - [03/Nov/2022:10:19:46 +0000] "GET /sitemap.xml HTTP/1.1" 404 954 "-" "Mozilla/5.0 (compatible; bingbot/2.0; +http://www.bing.com/bingbot.htm)" "40.77.167.73" response-time=0.032
2.97.157.63 - - [03/Nov/2022:10:25:56 +0000] "GET /allocate/8over8 HTTP/1.1" 200 1387 "-" "Mozilla/5.0 (Windows NT 10.0; Win64; x64; rv:106.0) Gecko/20100101 Firefox/106.0" "2.97.157.63" response-time=0.107
2.97.157.63 - - [03/Nov/2022:10:25:56 +0000] "GET /allocate/ HTTP/1.1" 200 2495 "-" "Mozilla/5.0 (Windows NT 10.0; Win64; x64; rv:106.0) Gecko/20100101 Firefox/106.0" "2.97.157.63" response-time=0.005
2.97.157.63 - - [03/Nov/2022:10:26:56 +0000] "GET /allocate/8over5 HTTP/1.1" 200 1831 "-" "Mozilla/5.0 (Windows NT 10.0; Win64; x64; rv:106.0) Gecko/20100101 Firefox/106.0" "2.97.157.63" response-time=0.081
2.97.157.63 - - [03/Nov/2022:10:27:57 +0000] "GET /allocate/8over6 HTTP/1.1" 200 1831 "-" "Mozilla/5.0 (Windows NT 10.0; Win64; x64; rv:106.0) Gecko/20100101 Firefox/106.0" "2.97.157.63" response-time=0.149
2.97.157.63 - - [03/Nov/2022:10:42:06 +0000] "GET /allocate/8over4 HTTP/1.1" 200 1945 "-" "Mozilla/5.0 (Windows NT 10.0; Win64; x64; rv:106.0) Gecko/20100101 Firefox/106.0" "2.97.157.63" response-time=0.094
40.77.167.73 - - [03/Nov/2022:13:42:01 +0000] "GET / HTTP/1.1" 302 0 "-" "Mozilla/5.0 AppleWebKit/537.36 (KHTML, like Gecko; compatible; bingbot/2.0; +http://www.bing.com/bingbot.htm) Chrome/103.0.5060.134 Safari/537.36" "40.77.167.73" response-time=7.357
40.77.167.96 - - [03/Nov/2022:17:40:57 +0000] "GET /robots.txt HTTP/1.1" 404 951 "-" "Mozilla/5.0 (compatible; bingbot/2.0; +http://www.bing.com/bingbot.htm)" "40.77.167.96" response-time=0.234
157.55.39.166 - - [03/Nov/2022:17:41:12 +0000] "GET /sitemap.xml.gz HTTP/1.1" 404 958 "-" "Mozilla/5.0 AppleWebKit/537.36 (KHTML, like Gecko; compatible; bingbot/2.0; +http://www.bing.com/bingbot.htm) Chrome/103.0.5060.134 Safari/537.36" "157.55.39.166" response-time=0.037
207.46.13.159 - - [03/Nov/2022:17:41:23 +0000] "GET /sitemap.xml HTTP/1.1" 404 954 "-" "Mozilla/5.0 (compatible; bingbot/2.0; +http://www.bing.com/bingbot.htm)" "207.46.13.159" response-time=0.028
207.46.13.37 - - [03/Nov/2022:17:42:39 +0000] "GET / HTTP/1.1" 302 0 "-" "Mozilla/5.0 AppleWebKit/537.36 (KHTML, like Gecko; compatible; bingbot/2.0; +http://www.bing.com/bingbot.htm) Chrome/103.0.5060.134 Safari/537.36" "207.46.13.37" response-time=0.012
157.90.209.83 - - [03/Nov/2022:18:30:05 +0000] "GET /robots.txt HTTP/1.1" 404 950 "-" "Mozilla/5.0 (compatible; BLEXBot/1.0; +http://webmeup-crawler.com/)" "157.90.209.83" response-time=0.025
157.90.209.83 - - [03/Nov/2022:18:30:07 +0000] "GET /sitemap HTTP/1.1" 404 950 "-" "Mozilla/5.0 (compatible; BLEXBot/1.0; +http://webmeup-crawler.com/)" "157.90.209.83" response-time=0.007
157.90.209.83 - - [03/Nov/2022:18:30:09 +0000] "GET /sitemap.txt HTTP/1.1" 404 953 "-" "Mozilla/5.0 (compatible; BLEXBot/1.0; +http://webmeup-crawler.com/)" "157.90.209.83" response-time=0.006
135.181.115.29 - - [03/Nov/2022:19:44:43 +0000] "GET /robots.txt HTTP/1.1" 404 2199 "-" "Mozilla/5.0 (compatible; MJ12bot/v1.4.8; http://mj12bot.com/)" "135.181.115.29" response-time=0.020
135.181.115.29 - - [03/Nov/2022:19:44:45 +0000] "GET /allocate/ HTTP/1.1" 200 2495 "-" "Mozilla/5.0 (compatible; MJ12bot/v1.4.8; http://mj12bot.com/)" "135.181.115.29" response-time=0.172
40.77.167.103 - - [03/Nov/2022:23:08:59 +0000] "GET /robots.txt HTTP/1.1" 404 950 "-" "Mozilla/5.0 (compatible; bingbot/2.0; +http://www.bing.com/bingbot.htm)" "40.77.167.103" response-time=0.065
40.77.167.73 - - [03/Nov/2022:23:09:05 +0000] "GET / HTTP/1.1" 302 0 "-" "Mozilla/5.0 (compatible; bingbot/2.0; +http://www.bing.com/bingbot.htm)" "40.77.167.73" response-time=0.004
35.185.225.185 - - [04/Nov/2022:00:26:00 +0000] "GET / HTTP/1.1" 302 0 "https://domain.glass/breakoutroom.pythonanywhere.com" "Mozilla/4.0 (compatible; MSIE 6.0; Windows NT 5.1; SV1; .NET CLR 1.0.3705; .NET CLR 1.1.4322)" "35.185.225.185" response-time=0.002
35.185.225.185 - - [04/Nov/2022:00:26:00 +0000] "GET /allocate/ HTTP/1.1" 200 5822 "https://domain.glass/breakoutroom.pythonanywhere.com" "Mozilla/4.0 (compatible; MSIE 6.0; Windows NT 5.1; SV1; .NET CLR 1.0.3705; .NET CLR 1.1.4322)" "35.185.225.185" response-time=0.018
51.222.253.11 - - [04/Nov/2022:01:49:49 +0000] "GET /robots.txt HTTP/1.1" 404 950 "-" "Mozilla/5.0 (compatible; AhrefsBot/7.0; +http://ahrefs.com/robot/)" "51.222.253.11" response-time=0.040
185.191.171.6 - - [04/Nov/2022:02:48:54 +0000] "GET /robots.txt HTTP/1.1" 404 950 "-" "Mozilla/5.0 (compatible; SemrushBot/7~bl; +http://www.semrush.com/bot.html)" "185.191.171.6" response-time=0.018
185.191.171.25 - - [04/Nov/2022:02:48:55 +0000] "GET /allocate/parse/489/match_upload HTTP/1.1" 200 11 "-" "Mozilla/5.0 (compatible; SemrushBot/7~bl; +http://www.semrush.com/bot.html)" "185.191.171.25" response-time=0.003
40.77.167.72 - - [04/Nov/2022:03:00:29 +0000] "GET / HTTP/1.1" 302 0 "-" "Mozilla/5.0 (compatible; bingbot/2.0; +http://www.bing.com/bingbot.htm)" "40.77.167.72" response-time=0.006
185.191.171.18 - - [04/Nov/2022:07:30:45 +0000] "GET /robots.txt HTTP/1.1" 404 950 "-" "Mozilla/5.0 (compatible; SemrushBot/7~bl; +http://www.semrush.com/bot.html)" "185.191.171.18" response-time=0.063
185.191.171.25 - - [04/Nov/2022:07:30:46 +0000] "GET /allocate/parse/489/match_text HTTP/1.1" 200 11 "-" "Mozilla/5.0 (compatible; SemrushBot/7~bl; +http://www.semrush.com/bot.html)" "185.191.171.25" response-time=0.003
40.77.167.73 - - [04/Nov/2022:10:09:59 +0000] "GET / HTTP/1.1" 302 0 "-" "Mozilla/5.0 AppleWebKit/537.36 (KHTML, like Gecko; compatible; bingbot/2.0; +http://www.bing.com/bingbot.htm) Chrome/103.0.5060.134 Safari/537.36" "40.77.167.73" response-time=0.037
157.90.209.83 - - [04/Nov/2022:12:20:25 +0000] "GET /robots.txt HTTP/1.1" 404 950 "-" "Mozilla/5.0 (compatible; BLEXBot/1.0; +http://webmeup-crawler.com/)" "157.90.209.83" response-time=7.118
157.90.209.83 - - [04/Nov/2022:12:20:25 +0000] "GET /sitemap HTTP/1.1" 404 950 "-" "Mozilla/5.0 (compatible; BLEXBot/1.0; +http://webmeup-crawler.com/)" "157.90.209.83" response-time=0.007
157.90.209.83 - - [04/Nov/2022:12:20:28 +0000] "GET /sitemap.txt HTTP/1.1" 404 953 "-" "Mozilla/5.0 (compatible; BLEXBot/1.0; +http://webmeup-crawler.com/)" "157.90.209.83" response-time=0.009
40.77.167.72 - - [04/Nov/2022:17:40:10 +0000] "GET / HTTP/1.1" 302 0 "-" "Mozilla/5.0 (compatible; bingbot/2.0; +http://www.bing.com/bingbot.htm)" "40.77.167.72" response-time=0.123
40.77.167.73 - - [04/Nov/2022:23:08:16 +0000] "GET / HTTP/1.1" 302 0 "-" "Mozilla/5.0 (compatible; bingbot/2.0; +http://www.bing.com/bingbot.htm)" "40.77.167.73" response-time=0.110
89.97.242.120 - - [05/Nov/2022:01:14:24 +0000] "HEAD / HTTP/1.1" 302 0 "https://www.bing.com" "Mozilla/5.0 (X11; OpenBSD i386) AppleWebKit/537.36 (KHTML, like Gecko) Chrome/36.0.1985.125 Safari/537.36" "89.97.242.120" response-time=0.003
89.97.242.120 - - [05/Nov/2022:01:14:24 +0000] "HEAD /allocate/ HTTP/1.1" 200 0 "https://www.bing.com" "Mozilla/5.0 (X11; OpenBSD i386) AppleWebKit/537.36 (KHTML, like Gecko) Chrome/36.0.1985.125 Safari/537.36" "89.97.242.120" response-time=0.288
89.97.242.120 - - [05/Nov/2022:01:14:25 +0000] "GET /wp-login.php HTTP/1.1" 404 954 "http://breakoutroom.pythonanywhere.com" "Mozilla/5.0 (X11; OpenBSD i386) AppleWebKit/537.36 (KHTML, like Gecko) Chrome/36.0.1985.125 Safari/537.36" "89.97.242.120" response-time=0.045
89.97.242.120 - - [05/Nov/2022:01:14:25 +0000] "GET /wordpress/wp-login.php HTTP/1.1" 404 962 "http://breakoutroom.pythonanywhere.com" "Mozilla/5.0 (X11; OpenBSD i386) AppleWebKit/537.36 (KHTML, like Gecko) Chrome/36.0.1985.125 Safari/537.36" "89.97.242.120" response-time=0.008
89.97.242.120 - - [05/Nov/2022:01:14:26 +0000] "GET /blog/wp-login.php HTTP/1.1" 404 957 "http://breakoutroom.pythonanywhere.com" "Mozilla/5.0 (X11; OpenBSD i386) AppleWebKit/537.36 (KHTML, like Gecko) Chrome/36.0.1985.125 Safari/537.36" "89.97.242.120" response-time=0.005
89.97.242.120 - - [05/Nov/2022:01:14:26 +0000] "GET /wp/wp-login.php HTTP/1.1" 404 955 "http://breakoutroom.pythonanywhere.com" "Mozilla/5.0 (X11; OpenBSD i386) AppleWebKit/537.36 (KHTML, like Gecko) Chrome/36.0.1985.125 Safari/537.36" "89.97.242.120" response-time=0.006
40.77.167.72 - - [05/Nov/2022:03:01:47 +0000] "GET / HTTP/1.1" 302 0 "-" "Mozilla/5.0 AppleWebKit/537.36 (KHTML, like Gecko; compatible; bingbot/2.0; +http://www.bing.com/bingbot.htm) Chrome/103.0.5060.134 Safari/537.36" "40.77.167.72" response-time=0.004
37.167.92.9 - - [05/Nov/2022:05:04:15 +0000] "GET /allocate/ HTTP/1.1" 200 2495 "-" "Mozilla/5.0 (Windows NT 10.0; Win64; x64) AppleWebKit/537.36 (KHTML, like Gecko) Chrome/107.0.0.0 Safari/537.36" "37.167.92.9" response-time=0.017
37.167.92.9 - - [05/Nov/2022:05:04:16 +0000] "GET /favicon.ico HTTP/1.1" 404 951 "http://breakoutroom.pythonanywhere.com/allocate/" "Mozilla/5.0 (Windows NT 10.0; Win64; x64) AppleWebKit/537.36 (KHTML, like Gecko) Chrome/107.0.0.0 Safari/537.36" "37.167.92.9" response-time=0.036
37.167.92.9 - - [05/Nov/2022:05:04:23 +0000] "GET /allocate/120over3 HTTP/1.1" 200 20225 "http://breakoutroom.pythonanywhere.com/allocate/" "Mozilla/5.0 (Windows NT 10.0; Win64; x64) AppleWebKit/537.36 (KHTML, like Gecko) Chrome/107.0.0.0 Safari/537.36" "37.167.92.9" response-time=0.329
207.46.13.68 - - [05/Nov/2022:05:31:52 +0000] "GET /allocate/ HTTP/1.1" 200 2495 "-" "Mozilla/5.0 (compatible; bingbot/2.0; +http://www.bing.com/bingbot.htm)" "207.46.13.68" response-time=0.006
157.90.209.83 - - [05/Nov/2022:05:57:27 +0000] "GET /robots.txt HTTP/1.1" 404 950 "-" "Mozilla/5.0 (compatible; BLEXBot/1.0; +http://webmeup-crawler.com/)" "157.90.209.83" response-time=0.019
157.90.209.83 - - [05/Nov/2022:05:57:29 +0000] "GET /sitemap HTTP/1.1" 404 950 "-" "Mozilla/5.0 (compatible; BLEXBot/1.0; +http://webmeup-crawler.com/)" "157.90.209.83" response-time=0.006
157.90.209.83 - - [05/Nov/2022:05:57:32 +0000] "GET /sitemap.txt HTTP/1.1" 404 953 "-" "Mozilla/5.0 (compatible; BLEXBot/1.0; +http://webmeup-crawler.com/)" "157.90.209.83" response-time=0.006
40.77.167.73 - - [05/Nov/2022:10:09:50 +0000] "GET / HTTP/1.1" 302 0 "-" "Mozilla/5.0 AppleWebKit/537.36 (KHTML, like Gecko; compatible; bingbot/2.0; +http://www.bing.com/bingbot.htm) Chrome/103.0.5060.134 Safari/537.36" "40.77.167.73" response-time=0.017
40.77.167.72 - - [05/Nov/2022:17:39:54 +0000] "GET / HTTP/1.1" 302 0 "-" "Mozilla/5.0 AppleWebKit/537.36 (KHTML, like Gecko; compatible; bingbot/2.0; +http://www.bing.com/bingbot.htm) Chrome/103.0.5060.134 Safari/537.36" "40.77.167.72" response-time=0.077
157.90.209.83 - - [05/Nov/2022:22:57:55 +0000] "GET /robots.txt HTTP/1.1" 404 950 "-" "Mozilla/5.0 (compatible; BLEXBot/1.0; +http://webmeup-crawler.com/)" "157.90.209.83" response-time=5.344
157.90.209.83 - - [05/Nov/2022:22:57:56 +0000] "GET /sitemap HTTP/1.1" 404 950 "-" "Mozilla/5.0 (compatible; BLEXBot/1.0; +http://webmeup-crawler.com/)" "157.90.209.83" response-time=0.011
157.90.209.83 - - [05/Nov/2022:22:58:03 +0000] "GET /sitemap.txt HTTP/1.1" 404 953 "-" "Mozilla/5.0 (compatible; BLEXBot/1.0; +http://webmeup-crawler.com/)" "157.90.209.83" response-time=0.043
40.77.167.73 - - [05/Nov/2022:23:07:32 +0000] "GET / HTTP/1.1" 302 0 "-" "Mozilla/5.0 AppleWebKit/537.36 (KHTML, like Gecko; compatible; bingbot/2.0; +http://www.bing.com/bingbot.htm) Chrome/103.0.5060.134 Safari/537.36" "40.77.167.73" response-time=0.012
54.36.148.249 - - [05/Nov/2022:23:55:21 +0000] "GET /robots.txt HTTP/1.1" 404 950 "-" "Mozilla/5.0 (compatible; AhrefsBot/7.0; +http://ahrefs.com/robot/)" "54.36.148.249" response-time=0.030
51.222.253.15 - - [05/Nov/2022:23:55:25 +0000] "GET /allocate/ HTTP/1.1" 200 2495 "-" "Mozilla/5.0 (compatible; AhrefsBot/7.0; +http://ahrefs.com/robot/)" "51.222.253.15" response-time=0.106
40.77.167.96 - - [06/Nov/2022:03:01:08 +0000] "GET /robots.txt HTTP/1.1" 404 951 "-" "Mozilla/5.0 AppleWebKit/537.36 (KHTML, like Gecko; compatible; bingbot/2.0; +http://www.bing.com/bingbot.htm) Chrome/103.0.5060.134 Safari/537.36" "40.77.167.96" response-time=0.042
40.77.167.72 - - [06/Nov/2022:03:01:14 +0000] "GET / HTTP/1.1" 302 0 "-" "Mozilla/5.0 (compatible; bingbot/2.0; +http://www.bing.com/bingbot.htm)" "40.77.167.72" response-time=0.002
40.77.167.103 - - [06/Nov/2022:10:10:14 +0000] "GET /robots.txt HTTP/1.1" 404 950 "-" "Mozilla/5.0 (compatible; bingbot/2.0; +http://www.bing.com/bingbot.htm)" "40.77.167.103" response-time=0.056
40.77.167.73 - - [06/Nov/2022:10:10:17 +0000] "GET / HTTP/1.1" 302 0 "-" "Mozilla/5.0 (compatible; bingbot/2.0; +http://www.bing.com/bingbot.htm)" "40.77.167.73" response-time=0.004
194.93.0.40 - - [06/Nov/2022:16:52:10 +0000] "GET /robots.txt HTTP/1.1" 404 2199 "-" "Mozilla/4.0 (compatible; fluid/0.0; +http://www.leak.info/bot.html)" "194.93.0.40" response-time=0.111
40.77.167.72 - - [06/Nov/2022:17:40:40 +0000] "GET / HTTP/1.1" 302 0 "-" "Mozilla/5.0 (compatible; bingbot/2.0; +http://www.bing.com/bingbot.htm)" "40.77.167.72" response-time=0.007
40.77.167.73 - - [06/Nov/2022:23:08:09 +0000] "GET / HTTP/1.1" 302 0 "-" "Mozilla/5.0 AppleWebKit/537.36 (KHTML, like Gecko; compatible; bingbot/2.0; +http://www.bing.com/bingbot.htm) Chrome/103.0.5060.134 Safari/537.36" "40.77.167.73" response-time=0.049
37.171.172.200 - - [07/Nov/2022:00:43:56 +0000] "GET /allocate/ HTTP/1.1" 200 2495 "-" "Mozilla/5.0 (Windows NT 10.0; Win64; x64) AppleWebKit/537.36 (KHTML, like Gecko) Chrome/107.0.0.0 Safari/537.36" "37.171.172.200" response-time=0.123
37.171.172.200 - - [07/Nov/2022:00:43:57 +0000] "GET /favicon.ico HTTP/1.1" 404 951 "http://breakoutroom.pythonanywhere.com/allocate/" "Mozilla/5.0 (Windows NT 10.0; Win64; x64) AppleWebKit/537.36 (KHTML, like Gecko) Chrome/107.0.0.0 Safari/537.36" "37.171.172.200" response-time=0.074
37.171.172.200 - - [07/Nov/2022:00:44:02 +0000] "GET /allocate/120over3 HTTP/1.1" 200 20225 "http://breakoutroom.pythonanywhere.com/allocate/" "Mozilla/5.0 (Windows NT 10.0; Win64; x64) AppleWebKit/537.36 (KHTML, like Gecko) Chrome/107.0.0.0 Safari/537.36" "37.171.172.200" response-time=0.620
40.77.167.72 - - [07/Nov/2022:03:00:41 +0000] "GET / HTTP/1.1" 302 0 "-" "Mozilla/5.0 AppleWebKit/537.36 (KHTML, like Gecko; compatible; bingbot/2.0; +http://www.bing.com/bingbot.htm) Chrome/103.0.5060.134 Safari/537.36" "40.77.167.72" response-time=0.044
157.90.209.83 - - [07/Nov/2022:06:23:19 +0000] "GET /robots.txt HTTP/1.1" 404 950 "-" "Mozilla/5.0 (compatible; BLEXBot/1.0; +http://webmeup-crawler.com/)" "157.90.209.83" response-time=4.638
157.90.209.83 - - [07/Nov/2022:06:23:20 +0000] "GET /allocate/ HTTP/1.1" 200 2495 "-" "Mozilla/5.0 (compatible; BLEXBot/1.0; +http://webmeup-crawler.com/)" "157.90.209.83" response-time=0.051
40.77.167.73 - - [07/Nov/2022:09:51:21 +0000] "GET / HTTP/1.1" 302 0 "-" "Mozilla/5.0 AppleWebKit/537.36 (KHTML, like Gecko; compatible; bingbot/2.0; +http://www.bing.com/bingbot.htm) Chrome/103.0.5060.134 Safari/537.36" "40.77.167.73" response-time=0.182
54.39.131.196 - - [07/Nov/2022:13:51:42 +0000] "GET / HTTP/1.1" 302 0 "-" "Mozilla/5.0 (Windows NT 6.1; Win64; x64; +http://url-classification.io/wiki/index.php?title=URL_server_crawler) KStandBot/1.0" "54.39.131.196" response-time=0.050
54.39.131.196 - - [07/Nov/2022:13:51:42 +0000] "GET / HTTP/1.1" 302 0 "-" "Mozilla/5.0 (Windows NT 6.1; Win64; x64; +http://url-classification.io/wiki/index.php?title=URL_server_crawler) KStandBot/1.0" "54.39.131.196" response-time=0.003
17.121.115.184 - - [07/Nov/2022:15:32:40 +0000] "GET /robots.txt HTTP/1.1" 404 950 "-" "Mozilla/5.0 (Macintosh; Intel Mac OS X 10_15_5) AppleWebKit/605.1.15 (KHTML, like Gecko) Version/13.1.1 Safari/605.1.15 (Applebot/0.1; +http://www.apple.com/go/applebot)" "17.121.115.184" response-time=0.162
17.121.115.184 - - [07/Nov/2022:15:32:40 +0000] "GET /allocate/ HTTP/1.1" 200 2495 "-" "Mozilla/5.0 (Macintosh; Intel Mac OS X 10_15_5) AppleWebKit/605.1.15 (KHTML, like Gecko) Version/13.1.1 Safari/605.1.15 (Applebot/0.1; +http://www.apple.com/go/applebot)" "17.121.115.184" response-time=0.028
95.217.109.26 - - [07/Nov/2022:16:43:26 +0000] "GET /robots.txt HTTP/1.1" 404 2199 "-" "Mozilla/5.0 (compatible; MJ12bot/v1.4.8; http://mj12bot.com/)" "95.217.109.26" response-time=0.059
95.217.109.26 - - [07/Nov/2022:16:43:28 +0000] "GET /allocate/ HTTP/1.1" 200 2495 "-" "Mozilla/5.0 (compatible; MJ12bot/v1.4.8; http://mj12bot.com/)" "95.217.109.26" response-time=0.026
40.77.167.72 - - [07/Nov/2022:17:39:58 +0000] "GET / HTTP/1.1" 302 0 "-" "Mozilla/5.0 (compatible; bingbot/2.0; +http://www.bing.com/bingbot.htm)" "40.77.167.72" response-time=0.009
137.112.41.126 - - [07/Nov/2022:21:10:36 +0000] "GET /allocate/ HTTP/1.1" 200 2495 "-" "Mozilla/5.0 (Windows NT 10.0; Win64; x64) AppleWebKit/537.36 (KHTML, like Gecko) Chrome/107.0.0.0 Safari/537.36" "137.112.41.126" response-time=5.965
137.112.41.126 - - [07/Nov/2022:21:10:36 +0000] "GET /favicon.ico HTTP/1.1" 404 951 "http://breakoutroom.pythonanywhere.com/allocate/" "Mozilla/5.0 (Windows NT 10.0; Win64; x64) AppleWebKit/537.36 (KHTML, like Gecko) Chrome/107.0.0.0 Safari/537.36" "137.112.41.126" response-time=0.053
205.169.39.63 - - [07/Nov/2022:21:11:37 +0000] "GET /allocate HTTP/1.1" 301 0 "-" "Mozilla/5.0 (Windows NT 10.0) AppleWebKit/537.36 (KHTML, like Gecko) Chrome/106.0.0.0 Safari/537.36" "205.169.39.63" response-time=0.001
205.169.39.63 - - [07/Nov/2022:21:11:37 +0000] "GET /allocate/ HTTP/1.1" 200 2495 "http://breakoutroom.pythonanywhere.com/allocate" "Mozilla/5.0 (Windows NT 10.0) AppleWebKit/537.36 (KHTML, like Gecko) Chrome/106.0.0.0 Safari/537.36" "205.169.39.63" response-time=0.004
137.112.41.126 - - [07/Nov/2022:21:11:39 +0000] "GET /allocate/26over10 HTTP/1.1" 200 1390 "http://breakoutroom.pythonanywhere.com/allocate/" "Mozilla/5.0 (Windows NT 10.0; Win64; x64) AppleWebKit/537.36 (KHTML, like Gecko) Chrome/107.0.0.0 Safari/537.36" "137.112.41.126" response-time=0.131
137.112.41.126 - - [07/Nov/2022:21:11:44 +0000] "GET /allocate/ HTTP/1.1" 200 2495 "http://breakoutroom.pythonanywhere.com/allocate/26over10" "Mozilla/5.0 (Windows NT 10.0; Win64; x64) AppleWebKit/537.36 (KHTML, like Gecko) Chrome/107.0.0.0 Safari/537.36" "137.112.41.126" response-time=0.002
137.112.41.126 - - [07/Nov/2022:21:12:11 +0000] "GET /allocate/26over9 HTTP/1.1" 200 1389 "http://breakoutroom.pythonanywhere.com/allocate/" "Mozilla/5.0 (Windows NT 10.0; Win64; x64) AppleWebKit/537.36 (KHTML, like Gecko) Chrome/107.0.0.0 Safari/537.36" "137.112.41.126" response-time=0.091
137.112.41.126 - - [07/Nov/2022:21:12:14 +0000] "GET /allocate/ HTTP/1.1" 200 2495 "http://breakoutroom.pythonanywhere.com/allocate/26over9" "Mozilla/5.0 (Windows NT 10.0; Win64; x64) AppleWebKit/537.36 (KHTML, like Gecko) Chrome/107.0.0.0 Safari/537.36" "137.112.41.126" response-time=0.003
137.112.41.126 - - [07/Nov/2022:21:12:19 +0000] "GET /allocate/28over10 HTTP/1.1" 200 1390 "http://breakoutroom.pythonanywhere.com/allocate/" "Mozilla/5.0 (Windows NT 10.0; Win64; x64) AppleWebKit/537.36 (KHTML, like Gecko) Chrome/107.0.0.0 Safari/537.36" "137.112.41.126" response-time=0.076
137.112.41.126 - - [07/Nov/2022:21:12:22 +0000] "GET /allocate/ HTTP/1.1" 200 2495 "http://breakoutroom.pythonanywhere.com/allocate/28over10" "Mozilla/5.0 (Windows NT 10.0; Win64; x64) AppleWebKit/537.36 (KHTML, like Gecko) Chrome/107.0.0.0 Safari/537.36" "137.112.41.126" response-time=0.002
137.112.41.126 - - [07/Nov/2022:21:12:33 +0000] "GET /allocate/21over10 HTTP/1.1" 200 2082 "http://breakoutroom.pythonanywhere.com/allocate/" "Mozilla/5.0 (Windows NT 10.0; Win64; x64) AppleWebKit/537.36 (KHTML, like Gecko) Chrome/107.0.0.0 Safari/537.36" "137.112.41.126" response-time=0.105
137.112.41.126 - - [07/Nov/2022:21:13:06 +0000] "GET /allocate/21over9 HTTP/1.1" 200 2083 "http://breakoutroom.pythonanywhere.com/allocate/21over10" "Mozilla/5.0 (Windows NT 10.0; Win64; x64) AppleWebKit/537.36 (KHTML, like Gecko) Chrome/107.0.0.0 Safari/537.36" "137.112.41.126" response-time=0.097
137.112.41.126 - - [07/Nov/2022:21:13:16 +0000] "GET /allocate/32over10 HTTP/1.1" 200 2261 "http://breakoutroom.pythonanywhere.com/allocate/21over9" "Mozilla/5.0 (Windows NT 10.0; Win64; x64) AppleWebKit/537.36 (KHTML, like Gecko) Chrome/107.0.0.0 Safari/537.36" "137.112.41.126" response-time=0.082
137.112.41.126 - - [07/Nov/2022:21:13:24 +0000] "GET /allocate/28over10 HTTP/1.1" 200 1390 "http://breakoutroom.pythonanywhere.com/allocate/32over10" "Mozilla/5.0 (Windows NT 10.0; Win64; x64) AppleWebKit/537.36 (KHTML, like Gecko) Chrome/107.0.0.0 Safari/537.36" "137.112.41.126" response-time=0.111
137.112.41.126 - - [07/Nov/2022:21:13:28 +0000] "GET /allocate/28over8 HTTP/1.1" 200 2154 "http://breakoutroom.pythonanywhere.com/allocate/28over10" "Mozilla/5.0 (Windows NT 10.0; Win64; x64) AppleWebKit/537.36 (KHTML, like Gecko) Chrome/107.0.0.0 Safari/537.36" "137.112.41.126" response-time=0.128
137.112.41.126 - - [07/Nov/2022:21:14:02 +0000] "GET /allocate/ HTTP/1.1" 200 2495 "http://breakoutroom.pythonanywhere.com/allocate/28over8" "Mozilla/5.0 (Windows NT 10.0; Win64; x64) AppleWebKit/537.36 (KHTML, like Gecko) Chrome/107.0.0.0 Safari/537.36" "137.112.41.126" response-time=0.005
137.112.41.126 - - [07/Nov/2022:21:15:12 +0000] "GET /allocate/ HTTP/1.1" 200 2495 "-" "Mozilla/5.0 (Windows NT 10.0; Win64; x64) AppleWebKit/537.36 (KHTML, like Gecko) Chrome/107.0.0.0 Safari/537.36" "137.112.41.126" response-time=0.004
137.112.41.126 - - [07/Nov/2022:21:19:43 +0000] "GET /allocate/21over9 HTTP/1.1" 200 2083 "http://breakoutroom.pythonanywhere.com/allocate/" "Mozilla/5.0 (Windows NT 10.0; Win64; x64) AppleWebKit/537.36 (KHTML, like Gecko) Chrome/107.0.0.0 Safari/537.36" "137.112.41.126" response-time=0.081
137.112.41.126 - - [07/Nov/2022:21:20:11 +0000] "GET /allocate/20over10 HTTP/1.1" 200 1390 "http://breakoutroom.pythonanywhere.com/allocate/21over9" "Mozilla/5.0 (Windows NT 10.0; Win64; x64) AppleWebKit/537.36 (KHTML, like Gecko) Chrome/107.0.0.0 Safari/537.36" "137.112.41.126" response-time=0.074
137.112.41.126 - - [07/Nov/2022:21:20:16 +0000] "GET /allocate/20over9 HTTP/1.1" 200 1389 "http://breakoutroom.pythonanywhere.com/allocate/20over10" "Mozilla/5.0 (Windows NT 10.0; Win64; x64) AppleWebKit/537.36 (KHTML, like Gecko) Chrome/107.0.0.0 Safari/537.36" "137.112.41.126" response-time=0.074
137.112.41.126 - - [07/Nov/2022:21:20:20 +0000] "GET /allocate/20over8 HTTP/1.1" 200 1389 "http://breakoutroom.pythonanywhere.com/allocate/20over9" "Mozilla/5.0 (Windows NT 10.0; Win64; x64) AppleWebKit/537.36 (KHTML, like Gecko) Chrome/107.0.0.0 Safari/537.36" "137.112.41.126" response-time=0.077
137.112.41.126 - - [07/Nov/2022:21:20:23 +0000] "GET /allocate/20over7 HTTP/1.1" 200 1389 "http://breakoutroom.pythonanywhere.com/allocate/20over8" "Mozilla/5.0 (Windows NT 10.0; Win64; x64) AppleWebKit/537.36 (KHTML, like Gecko) Chrome/107.0.0.0 Safari/537.36" "137.112.41.126" response-time=0.080
137.112.41.126 - - [07/Nov/2022:21:20:27 +0000] "GET /allocate/20over6 HTTP/1.1" 200 1389 "http://breakoutroom.pythonanywhere.com/allocate/20over7" "Mozilla/5.0 (Windows NT 10.0; Win64; x64) AppleWebKit/537.36 (KHTML, like Gecko) Chrome/107.0.0.0 Safari/537.36" "137.112.41.126" response-time=0.077
137.112.41.126 - - [07/Nov/2022:21:20:30 +0000] "GET /allocate/20over4 HTTP/1.1" 200 1899 "http://breakoutroom.pythonanywhere.com/allocate/20over6" "Mozilla/5.0 (Windows NT 10.0; Win64; x64) AppleWebKit/537.36 (KHTML, like Gecko) Chrome/107.0.0.0 Safari/537.36" "137.112.41.126" response-time=0.093
137.112.41.126 - - [07/Nov/2022:21:20:35 +0000] "GET /allocate/20over5 HTTP/1.1" 200 1899 "http://breakoutroom.pythonanywhere.com/allocate/20over4" "Mozilla/5.0 (Windows NT 10.0; Win64; x64) AppleWebKit/537.36 (KHTML, like Gecko) Chrome/107.0.0.0 Safari/537.36" "137.112.41.126" response-time=0.109
137.112.41.126 - - [07/Nov/2022:21:20:53 +0000] "GET /allocate/21over5 HTTP/1.1" 200 2310 "http://breakoutroom.pythonanywhere.com/allocate/20over5" "Mozilla/5.0 (Windows NT 10.0; Win64; x64) AppleWebKit/537.36 (KHTML, like Gecko) Chrome/107.0.0.0 Safari/537.36" "137.112.41.126" response-time=0.085
137.112.41.126 - - [07/Nov/2022:21:21:23 +0000] "GET /allocate/26over8 HTTP/1.1" 200 1389 "http://breakoutroom.pythonanywhere.com/allocate/21over5" "Mozilla/5.0 (Windows NT 10.0; Win64; x64) AppleWebKit/537.36 (KHTML, like Gecko) Chrome/107.0.0.0 Safari/537.36" "137.112.41.126" response-time=0.081
137.112.41.126 - - [07/Nov/2022:21:21:26 +0000] "GET /allocate/26over5 HTTP/1.1" 200 1976 "http://breakoutroom.pythonanywhere.com/allocate/26over8" "Mozilla/5.0 (Windows NT 10.0; Win64; x64) AppleWebKit/537.36 (KHTML, like Gecko) Chrome/107.0.0.0 Safari/537.36" "137.112.41.126" response-time=0.082
137.112.41.126 - - [07/Nov/2022:21:22:33 +0000] "GET /allocate/ HTTP/1.1" 200 2495 "http://breakoutroom.pythonanywhere.com/allocate/26over5" "Mozilla/5.0 (Windows NT 10.0; Win64; x64) AppleWebKit/537.36 (KHTML, like Gecko) Chrome/107.0.0.0 Safari/537.36" "137.112.41.126" response-time=0.005
40.77.167.73 - - [07/Nov/2022:23:09:37 +0000] "GET / HTTP/1.1" 302 0 "-" "Mozilla/5.0 AppleWebKit/537.36 (KHTML, like Gecko; compatible; bingbot/2.0; +http://www.bing.com/bingbot.htm) Chrome/103.0.5060.134 Safari/537.36" "40.77.167.73" response-time=0.006
40.77.167.96 - - [08/Nov/2022:03:02:30 +0000] "GET /robots.txt HTTP/1.1" 404 951 "-" "Mozilla/5.0 AppleWebKit/537.36 (KHTML, like Gecko; compatible; bingbot/2.0; +http://www.bing.com/bingbot.htm) Chrome/103.0.5060.134 Safari/537.36" "40.77.167.96" response-time=0.387
40.77.167.72 - - [08/Nov/2022:03:02:32 +0000] "GET / HTTP/1.1" 302 0 "-" "Mozilla/5.0 AppleWebKit/537.36 (KHTML, like Gecko; compatible; bingbot/2.0; +http://www.bing.com/bingbot.htm) Chrome/103.0.5060.134 Safari/537.36" "40.77.167.72" response-time=0.002
157.90.209.83 - - [08/Nov/2022:05:29:21 +0000] "GET /robots.txt HTTP/1.1" 404 950 "-" "Mozilla/5.0 (compatible; BLEXBot/1.0; +http://webmeup-crawler.com/)" "157.90.209.83" response-time=0.049
157.90.209.83 - - [08/Nov/2022:05:29:23 +0000] "GET /sitemap HTTP/1.1" 404 950 "-" "Mozilla/5.0 (compatible; BLEXBot/1.0; +http://webmeup-crawler.com/)" "157.90.209.83" response-time=0.010
157.90.209.83 - - [08/Nov/2022:05:29:29 +0000] "GET /sitemap.txt HTTP/1.1" 404 953 "-" "Mozilla/5.0 (compatible; BLEXBot/1.0; +http://webmeup-crawler.com/)" "157.90.209.83" response-time=0.020
157.90.209.83 - - [08/Nov/2022:05:29:35 +0000] "GET /allocate/9over3 HTTP/1.1" 200 1920 "-" "Mozilla/5.0 (compatible; BLEXBot/1.0; +http://webmeup-crawler.com/)" "157.90.209.83" response-time=0.235
40.77.167.73 - - [08/Nov/2022:09:50:37 +0000] "GET / HTTP/1.1" 302 0 "-" "Mozilla/5.0 AppleWebKit/537.36 (KHTML, like Gecko; compatible; bingbot/2.0; +http://www.bing.com/bingbot.htm) Chrome/103.0.5060.134 Safari/537.36" "40.77.167.73" response-time=0.066
130.209.240.131 - - [08/Nov/2022:10:29:43 +0000] "GET /allocate/ HTTP/1.1" 200 2495 "-" "Mozilla/5.0 (Macintosh; Intel Mac OS X 10_15_7) AppleWebKit/537.36 (KHTML, like Gecko) Chrome/107.0.0.0 Safari/537.36" "130.209.240.131" response-time=0.030
130.209.240.131 - - [08/Nov/2022:10:29:44 +0000] "GET /favicon.ico HTTP/1.1" 404 951 "http://breakoutroom.pythonanywhere.com/allocate/" "Mozilla/5.0 (Macintosh; Intel Mac OS X 10_15_7) AppleWebKit/537.36 (KHTML, like Gecko) Chrome/107.0.0.0 Safari/537.36" "130.209.240.131" response-time=0.046
130.209.240.131 - - [08/Nov/2022:10:30:33 +0000] "GET /allocate/27over6 HTTP/1.1" 200 2317 "http://breakoutroom.pythonanywhere.com/allocate/" "Mozilla/5.0 (Macintosh; Intel Mac OS X 10_15_7) AppleWebKit/537.36 (KHTML, like Gecko) Chrome/107.0.0.0 Safari/537.36" "130.209.240.131" response-time=0.181
130.209.240.131 - - [08/Nov/2022:10:30:49 +0000] "GET /allocate/38over6 HTTP/1.1" 200 3170 "http://breakoutroom.pythonanywhere.com/allocate/" "Mozilla/5.0 (Macintosh; Intel Mac OS X 10_15_7) AppleWebKit/537.36 (KHTML, like Gecko) Chrome/107.0.0.0 Safari/537.36" "130.209.240.131" response-time=0.094
35.160.27.221 - - [08/Nov/2022:11:36:50 +0000] "GET /robots.txt HTTP/1.1" 404 950 "-" "Mozilla/5.0 (compatible) SemanticScholarBot (+https://www.semanticscholar.org/crawler)" "35.160.27.221" response-time=0.038
35.160.27.221 - - [08/Nov/2022:11:37:04 +0000] "GET /robots.txt HTTP/1.1" 404 950 "-" "Mozilla/5.0 (compatible) SemanticScholarBot (+https://www.semanticscholar.org/crawler)" "35.160.27.221" response-time=0.010
35.160.27.221 - - [08/Nov/2022:11:37:17 +0000] "GET /allocate/ HTTP/1.1" 200 2495 "-" "Mozilla/5.0 (compatible) SemanticScholarBot (+https://www.semanticscholar.org/crawler)" "35.160.27.221" response-time=0.009
130.209.157.50 - - [08/Nov/2022:12:37:48 +0000] "GET /allocate/ HTTP/1.1" 200 2495 "https://www.google.com/" "Mozilla/5.0 (Windows NT 10.0; Win64; x64; rv:101.0) Gecko/20100101 Firefox/101.0" "130.209.157.50" response-time=0.019
130.209.157.50 - - [08/Nov/2022:12:37:49 +0000] "GET /favicon.ico HTTP/1.1" 404 952 "https://breakoutroom.pythonanywhere.com/allocate/" "Mozilla/5.0 (Windows NT 10.0; Win64; x64; rv:101.0) Gecko/20100101 Firefox/101.0" "130.209.157.50" response-time=0.026
40.77.167.72 - - [08/Nov/2022:14:05:38 +0000] "GET / HTTP/1.1" 302 0 "-" "Mozilla/5.0 (compatible; bingbot/2.0; +http://www.bing.com/bingbot.htm)" "40.77.167.72" response-time=0.005
137.112.41.126 - - [08/Nov/2022:15:21:08 +0000] "GET /allocate/ HTTP/1.1" 200 2495 "-" "Mozilla/5.0 (Windows NT 10.0; Win64; x64) AppleWebKit/537.36 (KHTML, like Gecko) Chrome/107.0.0.0 Safari/537.36" "137.112.41.126" response-time=0.032
137.112.41.126 - - [08/Nov/2022:15:21:08 +0000] "GET /favicon.ico HTTP/1.1" 404 951 "http://breakoutroom.pythonanywhere.com/allocate/" "Mozilla/5.0 (Windows NT 10.0; Win64; x64) AppleWebKit/537.36 (KHTML, like Gecko) Chrome/107.0.0.0 Safari/537.36" "137.112.41.126" response-time=0.055
137.112.41.126 - - [08/Nov/2022:15:21:13 +0000] "GET /allocate/32over10 HTTP/1.1" 200 2261 "http://breakoutroom.pythonanywhere.com/allocate/" "Mozilla/5.0 (Windows NT 10.0; Win64; x64) AppleWebKit/537.36 (KHTML, like Gecko) Chrome/107.0.0.0 Safari/537.36" "137.112.41.126" response-time=0.314
137.112.41.126 - - [08/Nov/2022:15:21:35 +0000] "GET /allocate/ HTTP/1.1" 200 2495 "-" "Mozilla/5.0 (Windows NT 10.0; Win64; x64) AppleWebKit/537.36 (KHTML, like Gecko) Chrome/107.0.0.0 Safari/537.36" "137.112.41.126" response-time=0.009
137.112.216.220 - - [08/Nov/2022:15:23:37 +0000] "GET /allocate/ HTTP/1.1" 200 2495 "-" "Mozilla/5.0 (Windows NT 10.0; Win64; x64) AppleWebKit/537.36 (KHTML, like Gecko) Chrome/107.0.0.0 Safari/537.36" "137.112.216.220" response-time=0.005
137.112.216.220 - - [08/Nov/2022:15:23:38 +0000] "GET /favicon.ico HTTP/1.1" 404 951 "http://breakoutroom.pythonanywhere.com/allocate/" "Mozilla/5.0 (Windows NT 10.0; Win64; x64) AppleWebKit/537.36 (KHTML, like Gecko) Chrome/107.0.0.0 Safari/537.36" "137.112.216.220" response-time=0.028
137.112.216.220 - - [08/Nov/2022:15:27:02 +0000] "GET /allocate/ HTTP/1.1" 200 2495 "-" "Mozilla/5.0 (Windows NT 10.0; Win64; x64) AppleWebKit/537.36 (KHTML, like Gecko) Chrome/107.0.0.0 Safari/537.36" "137.112.216.220" response-time=0.006
137.112.216.220 - - [08/Nov/2022:15:27:03 +0000] "GET /favicon.ico HTTP/1.1" 404 951 "http://breakoutroom.pythonanywhere.com/allocate/" "Mozilla/5.0 (Windows NT 10.0; Win64; x64) AppleWebKit/537.36 (KHTML, like Gecko) Chrome/107.0.0.0 Safari/537.36" "137.112.216.220" response-time=0.049
137.112.216.220 - - [08/Nov/2022:15:27:21 +0000] "GET /allocate/25over10 HTTP/1.1" 200 1390 "http://breakoutroom.pythonanywhere.com/allocate/" "Mozilla/5.0 (Windows NT 10.0; Win64; x64) AppleWebKit/537.36 (KHTML, like Gecko) Chrome/107.0.0.0 Safari/537.36" "137.112.216.220" response-time=0.494
40.77.167.103 - - [08/Nov/2022:19:33:27 +0000] "GET /robots.txt HTTP/1.1" 404 950 "-" "Mozilla/5.0 (compatible; bingbot/2.0; +http://www.bing.com/bingbot.htm)" "40.77.167.103" response-time=0.103
40.77.167.73 - - [08/Nov/2022:19:33:31 +0000] "GET / HTTP/1.1" 302 0 "-" "Mozilla/5.0 (compatible; bingbot/2.0; +http://www.bing.com/bingbot.htm)" "40.77.167.73" response-time=0.003
185.191.171.37 - - [09/Nov/2022:04:26:53 +0000] "GET /robots.txt HTTP/1.1" 404 950 "-" "Mozilla/5.0 (compatible; SemrushBot/7~bl; +http://www.semrush.com/bot.html)" "185.191.171.37" response-time=0.123
185.191.171.21 - - [09/Nov/2022:04:26:53 +0000] "GET /allocate/ HTTP/1.1" 200 2495 "-" "Mozilla/5.0 (compatible; SemrushBot/7~bl; +http://www.semrush.com/bot.html)" "185.191.171.21" response-time=0.045
40.77.167.73 - - [09/Nov/2022:04:53:47 +0000] "GET / HTTP/1.1" 302 0 "-" "Mozilla/5.0 AppleWebKit/537.36 (KHTML, like Gecko; compatible; bingbot/2.0; +http://www.bing.com/bingbot.htm) Chrome/103.0.5060.134 Safari/537.36" "40.77.167.73" response-time=0.005
157.90.209.83 - - [09/Nov/2022:08:56:48 +0000] "GET /robots.txt HTTP/1.1" 404 950 "-" "Mozilla/5.0 (compatible; BLEXBot/1.0; +http://webmeup-crawler.com/)" "157.90.209.83" response-time=0.114
157.90.209.83 - - [09/Nov/2022:08:56:49 +0000] "GET /sitemap HTTP/1.1" 404 950 "-" "Mozilla/5.0 (compatible; BLEXBot/1.0; +http://webmeup-crawler.com/)" "157.90.209.83" response-time=0.011
157.90.209.83 - - [09/Nov/2022:08:56:51 +0000] "GET /sitemap.txt HTTP/1.1" 404 953 "-" "Mozilla/5.0 (compatible; BLEXBot/1.0; +http://webmeup-crawler.com/)" "157.90.209.83" response-time=0.013
157.90.209.83 - - [09/Nov/2022:08:56:53 +0000] "GET /allocate/. HTTP/1.1" 404 1109 "-" "Mozilla/5.0 (compatible; BLEXBot/1.0; +http://webmeup-crawler.com/)" "157.90.209.83" response-time=0.009
157.90.209.83 - - [09/Nov/2022:08:56:58 +0000] "GET /allocate/download/148 HTTP/1.1" 200 201 "-" "Mozilla/5.0 (compatible; BLEXBot/1.0; +http://webmeup-crawler.com/)" "157.90.209.83" response-time=0.097
157.90.209.83 - - [09/Nov/2022:08:57:00 +0000] "GET /allocate/download/489 HTTP/1.1" 200 185 "-" "Mozilla/5.0 (compatible; BLEXBot/1.0; +http://webmeup-crawler.com/)" "157.90.209.83" response-time=0.018
157.90.209.83 - - [09/Nov/2022:08:57:02 +0000] "GET /allocate/parse/148 HTTP/1.1" 200 2052 "-" "Mozilla/5.0 (compatible; BLEXBot/1.0; +http://webmeup-crawler.com/)" "157.90.209.83" response-time=0.150
157.90.209.83 - - [09/Nov/2022:08:57:05 +0000] "GET /allocate/parse/489 HTTP/1.1" 200 2044 "-" "Mozilla/5.0 (compatible; BLEXBot/1.0; +http://webmeup-crawler.com/)" "157.90.209.83" response-time=0.027
64.124.8.43 - - [09/Nov/2022:12:13:02 +0000] "GET /robots.txt HTTP/1.1" 404 950 "-" "Mozilla/5.0 (X11; Linux x86_64) AppleWebKit/537.36 (KHTML, like Gecko) Chrome/61.0.3163.79 Safari/537.36" "64.124.8.43" response-time=0.104
64.124.8.43 - - [09/Nov/2022:12:13:02 +0000] "GET /allocate/ HTTP/1.1" 200 2495 "-" "Mozilla/5.0 (X11; Linux x86_64) AppleWebKit/537.36 (KHTML, like Gecko) Chrome/61.0.3163.79 Safari/537.36" "64.124.8.43" response-time=0.018
130.209.240.131 - - [09/Nov/2022:14:23:08 +0000] "GET /allocate/ HTTP/1.1" 200 2495 "-" "Mozilla/5.0 (Macintosh; Intel Mac OS X 10_15_7) AppleWebKit/537.36 (KHTML, like Gecko) Chrome/107.0.0.0 Safari/537.36" "130.209.240.131" response-time=0.156
130.209.240.131 - - [09/Nov/2022:14:23:08 +0000] "GET /favicon.ico HTTP/1.1" 404 951 "http://breakoutroom.pythonanywhere.com/allocate/" "Mozilla/5.0 (Macintosh; Intel Mac OS X 10_15_7) AppleWebKit/537.36 (KHTML, like Gecko) Chrome/107.0.0.0 Safari/537.36" "130.209.240.131" response-time=0.046
130.209.240.131 - - [09/Nov/2022:14:23:31 +0000] "GET /allocate/31over6 HTTP/1.1" 200 2102 "http://breakoutroom.pythonanywhere.com/allocate/" "Mozilla/5.0 (Macintosh; Intel Mac OS X 10_15_7) AppleWebKit/537.36 (KHTML, like Gecko) Chrome/107.0.0.0 Safari/537.36" "130.209.240.131" response-time=0.297
130.209.240.131 - - [09/Nov/2022:14:27:28 +0000] "GET /allocate/28over9 HTTP/1.1" 200 2153 "http://breakoutroom.pythonanywhere.com/allocate/31over6" "Mozilla/5.0 (Macintosh; Intel Mac OS X 10_15_7) AppleWebKit/537.36 (KHTML, like Gecko) Chrome/107.0.0.0 Safari/537.36" "130.209.240.131" response-time=0.120
130.209.240.131 - - [09/Nov/2022:14:28:12 +0000] "GET /allocate/21over10 HTTP/1.1" 200 2082 "http://breakoutroom.pythonanywhere.com/allocate/28over9" "Mozilla/5.0 (Macintosh; Intel Mac OS X 10_15_7) AppleWebKit/537.36 (KHTML, like Gecko) Chrome/107.0.0.0 Safari/537.36" "130.209.240.131" response-time=0.179
20.191.45.212 - - [09/Nov/2022:18:49:19 +0000] "GET / HTTP/1.1" 302 0 "http://breakoutroom.pythonanywhere.com/" "Mozilla/5.0 (compatible; DuckDuckGo-Favicons-Bot/1.0; +http://duckduckgo.com)" "20.191.45.212" response-time=6.240
20.191.45.212 - - [09/Nov/2022:18:49:20 +0000] "GET /allocate/ HTTP/1.1" 200 2495 "http://breakoutroom.pythonanywhere.com/allocate/" "Mozilla/5.0 (compatible; DuckDuckGo-Favicons-Bot/1.0; +http://duckduckgo.com)" "20.191.45.212" response-time=0.058
20.191.45.212 - - [09/Nov/2022:18:49:20 +0000] "GET /favicon.ico HTTP/1.1" 404 951 "http://breakoutroom.pythonanywhere.com/favicon.ico" "Mozilla/5.0 (compatible; DuckDuckGo-Favicons-Bot/1.0; +http://duckduckgo.com)" "20.191.45.212" response-time=0.030
207.46.13.148 - - [09/Nov/2022:20:34:34 +0000] "GET / HTTP/1.1" 302 0 "-" "Mozilla/5.0 AppleWebKit/537.36 (KHTML, like Gecko; compatible; bingbot/2.0; +http://www.bing.com/bingbot.htm) Chrome/103.0.5060.134 Safari/537.36" "207.46.13.148" response-time=0.118
40.77.167.73 - - [10/Nov/2022:01:59:17 +0000] "GET / HTTP/1.1" 302 0 "-" "Mozilla/5.0 (compatible; bingbot/2.0; +http://www.bing.com/bingbot.htm)" "40.77.167.73" response-time=0.007
40.77.167.96 - - [10/Nov/2022:05:53:03 +0000] "GET /robots.txt HTTP/1.1" 404 951 "-" "Mozilla/5.0 AppleWebKit/537.36 (KHTML, like Gecko; compatible; bingbot/2.0; +http://www.bing.com/bingbot.htm) Chrome/103.0.5060.134 Safari/537.36" "40.77.167.96" response-time=0.118
35.88.139.142 - - [10/Nov/2022:07:07:09 +0000] "GET / HTTP/1.1" 302 0 "-" "-" "35.88.139.142" response-time=0.010
35.85.64.60 - - [10/Nov/2022:07:07:47 +0000] "GET / HTTP/1.1" 302 0 "-" "-" "35.85.64.60" response-time=0.002
40.77.167.73 - - [10/Nov/2022:13:30:03 +0000] "GET / HTTP/1.1" 302 0 "-" "Mozilla/5.0 AppleWebKit/537.36 (KHTML, like Gecko; compatible; bingbot/2.0; +http://www.bing.com/bingbot.htm) Chrome/103.0.5060.134 Safari/537.36" "40.77.167.73" response-time=0.045
40.77.167.96 - - [10/Nov/2022:17:26:56 +0000] "GET /robots.txt HTTP/1.1" 404 951 "-" "Mozilla/5.0 (compatible; bingbot/2.0; +http://www.bing.com/bingbot.htm)" "40.77.167.96" response-time=4.700
40.77.167.103 - - [10/Nov/2022:22:54:15 +0000] "GET /robots.txt HTTP/1.1" 404 950 "-" "Mozilla/5.0 AppleWebKit/537.36 (KHTML, like Gecko; compatible; bingbot/2.0; +http://www.bing.com/bingbot.htm) Chrome/103.0.5060.134 Safari/537.36" "40.77.167.103" response-time=0.166
40.77.167.73 - - [10/Nov/2022:22:54:17 +0000] "GET / HTTP/1.1" 302 0 "-" "Mozilla/5.0 AppleWebKit/537.36 (KHTML, like Gecko; compatible; bingbot/2.0; +http://www.bing.com/bingbot.htm) Chrome/103.0.5060.134 Safari/537.36" "40.77.167.73" response-time=0.046
157.90.209.83 - - [11/Nov/2022:02:23:10 +0000] "GET /robots.txt HTTP/1.1" 404 950 "-" "Mozilla/5.0 (compatible; BLEXBot/1.0; +http://webmeup-crawler.com/)" "157.90.209.83" response-time=0.068
157.90.209.83 - - [11/Nov/2022:02:23:10 +0000] "GET /sitemap HTTP/1.1" 404 950 "-" "Mozilla/5.0 (compatible; BLEXBot/1.0; +http://webmeup-crawler.com/)" "157.90.209.83" response-time=0.008
157.90.209.83 - - [11/Nov/2022:02:23:26 +0000] "GET /sitemap.txt HTTP/1.1" 404 953 "-" "Mozilla/5.0 (compatible; BLEXBot/1.0; +http://webmeup-crawler.com/)" "157.90.209.83" response-time=0.010
157.90.209.83 - - [11/Nov/2022:02:23:41 +0000] "GET /allocate/. HTTP/1.1" 404 1109 "-" "Mozilla/5.0 (compatible; BLEXBot/1.0; +http://webmeup-crawler.com/)" "157.90.209.83" response-time=0.010
202.51.85.150 - - [11/Nov/2022:06:22:21 +0000] "GET /.git/config HTTP/1.1" 404 952 "-" "Mozilla/5.0 (Macintosh; Intel Mac OS X 10_8_3) AppleWebKit/537.36 (KHTML, like Gecko) Chrome/54.0.2866.71 Safari/537.36" "202.51.85.150" response-time=0.060
82.38.60.111 - - [11/Nov/2022:11:12:45 +0000] "GET /favicon.ico HTTP/1.1" 404 2202 "-" "Mindjet MindManager" "82.38.60.111" response-time=0.092
40.77.167.73 - - [11/Nov/2022:14:02:13 +0000] "GET / HTTP/1.1" 302 0 "-" "Mozilla/5.0 (compatible; bingbot/2.0; +http://www.bing.com/bingbot.htm)" "40.77.167.73" response-time=0.052
40.77.167.73 - - [11/Nov/2022:23:27:53 +0000] "GET / HTTP/1.1" 302 0 "-" "Mozilla/5.0 AppleWebKit/537.36 (KHTML, like Gecko; compatible; bingbot/2.0; +http://www.bing.com/bingbot.htm) Chrome/103.0.5060.134 Safari/537.36" "40.77.167.73" response-time=4.709
194.93.0.40 - - [12/Nov/2022:05:00:44 +0000] "GET /robots.txt HTTP/1.1" 404 2199 "-" "Mozilla/4.0 (compatible; fluid/0.0; +http://www.leak.info/bot.html)" "194.93.0.40" response-time=0.190
35.160.27.221 - - [12/Nov/2022:05:16:41 +0000] "GET /robots.txt HTTP/1.1" 404 950 "-" "Mozilla/5.0 (compatible) SemanticScholarBot (+https://www.semanticscholar.org/crawler)" "35.160.27.221" response-time=0.015
35.160.27.221 - - [12/Nov/2022:05:16:56 +0000] "GET /robots.txt HTTP/1.1" 404 950 "-" "Mozilla/5.0 (compatible) SemanticScholarBot (+https://www.semanticscholar.org/crawler)" "35.160.27.221" response-time=0.008
35.160.27.221 - - [12/Nov/2022:05:17:10 +0000] "GET /allocate HTTP/1.1" 301 0 "-" "Mozilla/5.0 (compatible) SemanticScholarBot (+https://www.semanticscholar.org/crawler)" "35.160.27.221" response-time=0.003
157.90.209.83 - - [12/Nov/2022:08:40:09 +0000] "GET /robots.txt HTTP/1.1" 404 950 "-" "Mozilla/5.0 (compatible; BLEXBot/1.0; +http://webmeup-crawler.com/)" "157.90.209.83" response-time=5.463
157.90.209.83 - - [12/Nov/2022:08:40:10 +0000] "GET /sitemap HTTP/1.1" 404 950 "-" "Mozilla/5.0 (compatible; BLEXBot/1.0; +http://webmeup-crawler.com/)" "157.90.209.83" response-time=0.006
157.90.209.83 - - [12/Nov/2022:08:40:14 +0000] "GET /sitemap.txt HTTP/1.1" 404 953 "-" "Mozilla/5.0 (compatible; BLEXBot/1.0; +http://webmeup-crawler.com/)" "157.90.209.83" response-time=0.009
183.136.225.44 - - [12/Nov/2022:14:11:36 +0000] "GET / HTTP/1.1" 302 0 "-" "Mozilla/5.0 (Macintosh; Intel Mac OS X 10.11; rv:47.0) Gecko/20100101 Firefox/47.0" "183.136.225.44" response-time=0.124
40.77.167.73 - - [12/Nov/2022:14:30:24 +0000] "GET / HTTP/1.1" 302 0 "-" "Mozilla/5.0 (compatible; bingbot/2.0; +http://www.bing.com/bingbot.htm)" "40.77.167.73" response-time=0.008
87.77.90.224 - - [12/Nov/2022:16:02:55 +0000] "GET /allocate HTTP/1.1" 301 0 "-" "Mozilla/5.0 (Macintosh; Intel Mac OS X 10.15; rv:106.0) Gecko/20100101 Firefox/106.0" "87.77.90.224" response-time=0.004
87.77.90.224 - - [12/Nov/2022:16:02:55 +0000] "GET /allocate/ HTTP/1.1" 200 2495 "-" "Mozilla/5.0 (Macintosh; Intel Mac OS X 10.15; rv:106.0) Gecko/20100101 Firefox/106.0" "87.77.90.224" response-time=0.176
